Compiling 1 files with 0.8.17
Solc 0.8.17 finished in 1.16s
Compiler run successful (with warnings)
[33mwarning[2018]: [0m[33mWarning: Function state mutability can be restricted to view
  --> src/F1A9.sol:22:5:
   |
22 |     function verify(uint256 _start, uint256 _solution) external returns (bool) {
   |     ^ (Relevant source part starts here and spans across multiple lines).

[0m


Running 1 test for test/F1A9.t.sol:F1A9Test
[32m[PASS][0m test_roll() (gas: 28225300)
Logs:
  16789519
  57356
  16789520
  57356
  16789521
  57356
  16789522
  57356
  16789523
  57356
  16789524
  57356
  16789525
  57356
  16789526
  57356
  16789527
  57356
  16789528
  57356
  16789529
  57356
  16789530
  57356
  16789531
  57356
  16789532
  57356
  16789533
  57356
  16789534
  57356
  16789535
  57356
  16789536
  57356
  16789537
  57356
  16789538
  57356
  16789539
  57356
  16789540
  57356
  16789541
  57356
  16789542
  57356
  16789543
  57356
  16789544
  57356
  16789545
  57356
  16789546
  57356
  16789547
  57356
  16789548
  57356
  16789549
  57356
  16789550
  57356
  16789551
  57356
  16789552
  57356
  16789553
  57356
  16789554
  57356
  16789555
  57356
  16789556
  57356
  16789557
  57356
  16789558
  57356
  16789559
  57356
  16789560
  57356
  16789561
  57356
  16789562
  57356
  16789563
  57356
  16789564
  57356
  16789565
  57356
  16789566
  57356
  16789567
  57356
  16789568
  57356
  16789569
  57356
  16789570
  57356
  16789571
  57356
  16789572
  57356
  16789573
  57356
  16789574
  57356
  16789575
  57356
  16789576
  57356
  16789577
  57356
  16789578
  57356
  16789579
  57356
  16789580
  57356
  16789581
  57356
  16789582
  57356
  16789583
  57356
  16789584
  57356
  16789585
  57356
  16789586
  57356
  16789587
  57356
  16789588
  57356
  16789589
  57356
  16789590
  57356
  16789591
  57356
  16789592
  57356
  16789593
  57356
  16789594
  57356
  16789595
  57356
  16789596
  57356
  16789597
  57356
  16789598
  57356
  16789599
  57356
  16789600
  57356
  16789601
  57356
  16789602
  57356
  16789603
  57356
  16789604
  57356
  16789605
  57356
  16789606
  57356
  16789607
  57356
  16789608
  57356
  16789609
  57356
  16789610
  57356
  16789611
  57356
  16789612
  57356
  16789613
  57356
  16789614
  57356
  16789615
  57356
  16789616
  57356
  16789617
  57356
  16789618
  57356
  16789619
  57356
  16789620
  57356
  16789621
  57356
  16789622
  57356
  16789623
  57356
  16789624
  57356
  16789625
  57356
  16789626
  57356
  16789627
  57356
  16789628
  57356
  16789629
  57356
  16789630
  57356
  16789631
  57356
  16789632
  57356
  16789633
  57356
  16789634
  57356
  16789635
  57356
  16789636
  57356
  16789637
  57356
  16789638
  57356
  16789639
  57356
  16789640
  57356
  16789641
  57356
  16789642
  57356
  16789643
  57356
  16789644
  57356
  16789645
  57356
  16789646
  57356
  16789647
  57356
  16789648
  57356
  16789649
  57356
  16789650
  57356
  16789651
  57356
  16789652
  57356
  16789653
  57356
  16789654
  57356
  16789655
  57356
  16789656
  57356
  16789657
  57356
  16789658
  57356
  16789659
  57356
  16789660
  57356
  16789661
  57356
  16789662
  57356
  16789663
  57356
  16789664
  57356
  16789665
  57356
  16789666
  57356
  16789667
  57356
  16789668
  57356
  16789669
  57356
  16789670
  57356
  16789671
  57356
  16789672
  57356
  16789673
  57356
  16789674
  57356
  16789675
  57356
  16789676
  57356
  16789677
  57356
  16789678
  57356
  16789679
  57356
  16789680
  57356
  16789681
  57356
  16789682
  57356
  16789683
  57356
  16789684
  57356
  16789685
  57356
  16789686
  57356
  16789687
  57356
  16789688
  57356
  16789689
  57356
  16789690
  57356
  16789691
  57356
  16789692
  57356
  16789693
  57356
  16789694
  57356
  16789695
  57356
  16789696
  57356
  16789697
  57356
  16789698
  57356
  16789699
  57356
  16789700
  57356
  16789701
  57356
  16789702
  57356
  16789703
  57356
  16789704
  57356
  16789705
  57356
  16789706
  57356
  16789707
  57356
  16789708
  57356
  16789709
  57356
  16789710
  57356
  16789711
  57356
  16789712
  57356
  16789713
  57356
  16789714
  57356
  16789715
  57356
  16789716
  57356
  16789717
  57356
  16789718
  57356
  16789719
  57356
  16789720
  57356
  16789721
  57356
  16789722
  57356
  16789723
  57356
  16789724
  57356
  16789725
  57356
  16789726
  57356
  16789727
  57356
  16789728
  57356
  16789729
  57356
  16789730
  57356
  16789731
  57356
  16789732
  57356
  16789733
  57356
  16789734
  57356
  16789735
  57356
  16789736
  57356
  16789737
  57356
  16789738
  57356
  16789739
  57356
  16789740
  57356
  16789741
  57356
  16789742
  57356
  16789743
  57356
  16789744
  57356
  16789745
  57356
  16789746
  57356
  16789747
  57356
  16789748
  57356
  16789749
  57356
  16789750
  57356
  16789751
  57356
  16789752
  57356
  16789753
  57356
  16789754
  57356
  16789755
  57356
  16789756
  57356
  16789757
  57356
  16789758
  57356
  16789759
  57356
  16789760
  60928
  16789761
  60928
  16789762
  60928
  16789763
  60928
  16789764
  60928
  16789765
  60928
  16789766
  60928
  16789767
  60928
  16789768
  60928
  16789769
  60928
  16789770
  60928
  16789771
  60928
  16789772
  60928
  16789773
  60928
  16789774
  60928
  16789775
  60928
  16789776
  60928
  16789777
  60928
  16789778
  60928
  16789779
  60928
  16789780
  60928
  16789781
  60928
  16789782
  60928
  16789783
  60928
  16789784
  60928
  16789785
  60928
  16789786
  60928
  16789787
  60928
  16789788
  60928
  16789789
  60928
  16789790
  60928
  16789791
  60928
  16789792
  60928
  16789793
  60928
  16789794
  60928
  16789795
  60928
  16789796
  60928
  16789797
  60928
  16789798
  60928
  16789799
  60928
  16789800
  60928
  16789801
  60928
  16789802
  60928
  16789803
  60928
  16789804
  60928
  16789805
  60928
  16789806
  60928
  16789807
  60928
  16789808
  60928
  16789809
  60928
  16789810
  60928
  16789811
  60928
  16789812
  60928
  16789813
  60928
  16789814
  60928
  16789815
  60928
  16789816
  60928
  16789817
  60928
  16789818
  60928
  16789819
  60928
  16789820
  60928
  16789821
  60928
  16789822
  60928
  16789823
  60928
  16789824
  60928
  16789825
  60928
  16789826
  60928
  16789827
  60928
  16789828
  60928
  16789829
  60928
  16789830
  60928
  16789831
  60928
  16789832
  60928
  16789833
  60928
  16789834
  60928
  16789835
  60928
  16789836
  60928
  16789837
  60928
  16789838
  60928
  16789839
  60928
  16789840
  60928
  16789841
  60928
  16789842
  60928
  16789843
  60928
  16789844
  60928
  16789845
  60928
  16789846
  60928
  16789847
  60928
  16789848
  60928
  16789849
  60928
  16789850
  60928
  16789851
  60928
  16789852
  60928
  16789853
  60928
  16789854
  60928
  16789855
  60928
  16789856
  60928
  16789857
  60928
  16789858
  60928
  16789859
  60928
  16789860
  60928
  16789861
  60928
  16789862
  60928
  16789863
  60928
  16789864
  60928
  16789865
  60928
  16789866
  60928
  16789867
  60928
  16789868
  60928
  16789869
  60928
  16789870
  60928
  16789871
  60928
  16789872
  60928
  16789873
  60928
  16789874
  60928
  16789875
  60928
  16789876
  60928
  16789877
  60928
  16789878
  60928
  16789879
  60928
  16789880
  60928
  16789881
  60928
  16789882
  60928
  16789883
  60928
  16789884
  60928
  16789885
  60928
  16789886
  60928
  16789887
  60928
  16789888
  60928
  16789889
  60928
  16789890
  60928
  16789891
  60928
  16789892
  60928
  16789893
  60928
  16789894
  60928
  16789895
  60928
  16789896
  60928
  16789897
  60928
  16789898
  60928
  16789899
  60928
  16789900
  60928
  16789901
  60928
  16789902
  60928
  16789903
  60928
  16789904
  60928
  16789905
  60928
  16789906
  60928
  16789907
  60928
  16789908
  60928
  16789909
  60928
  16789910
  60928
  16789911
  60928
  16789912
  60928
  16789913
  60928
  16789914
  60928
  16789915
  60928
  16789916
  60928
  16789917
  60928
  16789918
  60928
  16789919
  60928
  16789920
  60928
  16789921
  60928
  16789922
  60928
  16789923
  60928
  16789924
  60928
  16789925
  60928
  16789926
  60928
  16789927
  60928
  16789928
  60928
  16789929
  60928
  16789930
  60928
  16789931
  60928
  16789932
  60928
  16789933
  60928
  16789934
  60928
  16789935
  60928
  16789936
  60928
  16789937
  60928
  16789938
  60928
  16789939
  60928
  16789940
  60928
  16789941
  60928
  16789942
  60928
  16789943
  60928
  16789944
  60928
  16789945
  60928
  16789946
  60928
  16789947
  60928
  16789948
  60928
  16789949
  60928
  16789950
  60928
  16789951
  60928
  16789952
  60928
  16789953
  60928
  16789954
  60928
  16789955
  60928
  16789956
  60928
  16789957
  60928
  16789958
  60928
  16789959
  60928
  16789960
  60928
  16789961
  60928
  16789962
  60928
  16789963
  60928
  16789964
  60928
  16789965
  60928
  16789966
  60928
  16789967
  60928
  16789968
  60928
  16789969
  60928
  16789970
  60928
  16789971
  60928
  16789972
  60928
  16789973
  60928
  16789974
  60928
  16789975
  60928
  16789976
  60928
  16789977
  60928
  16789978
  60928
  16789979
  60928
  16789980
  60928
  16789981
  60928
  16789982
  60928
  16789983
  60928
  16789984
  60928
  16789985
  60928
  16789986
  60928
  16789987
  60928
  16789988
  60928
  16789989
  60928
  16789990
  60928
  16789991
  60928
  16789992
  60928
  16789993
  60928
  16789994
  60928
  16789995
  60928
  16789996
  60928
  16789997
  60928
  16789998
  60928
  16789999
  60928
  16790000
  60928
  16790001
  60928
  16790002
  60928
  16790003
  60928
  16790004
  60928
  16790005
  60928
  16790006
  60928
  16790007
  60928
  16790008
  60928
  16790009
  60928
  16790010
  60928
  16790011
  60928
  16790012
  60928
  16790013
  60928
  16790014
  60928
  16790015
  60928
  16790016
  40672
  16790017
  40672
  16790018
  40672
  16790019
  40672
  16790020
  40672
  16790021
  40672
  16790022
  40672
  16790023
  40672
  16790024
  40672
  16790025
  40672
  16790026
  40672
  16790027
  40672
  16790028
  40672
  16790029
  40672
  16790030
  40672
  16790031
  40672
  16790032
  40672
  16790033
  40672
  16790034
  40672
  16790035
  40672
  16790036
  40672
  16790037
  40672
  16790038
  40672
  16790039
  40672
  16790040
  40672
  16790041
  40672
  16790042
  40672
  16790043
  40672
  16790044
  40672
  16790045
  40672
  16790046
  40672
  16790047
  40672
  16790048
  40672
  16790049
  40672
  16790050
  40672
  16790051
  40672
  16790052
  40672
  16790053
  40672
  16790054
  40672
  16790055
  40672
  16790056
  40672
  16790057
  40672
  16790058
  40672
  16790059
  40672
  16790060
  40672
  16790061
  40672
  16790062
  40672
  16790063
  40672
  16790064
  40672
  16790065
  40672
  16790066
  40672
  16790067
  40672
  16790068
  40672
  16790069
  40672
  16790070
  40672
  16790071
  40672
  16790072
  40672
  16790073
  40672
  16790074
  40672
  16790075
  40672
  16790076
  40672
  16790077
  40672
  16790078
  40672
  16790079
  40672
  16790080
  40672
  16790081
  40672
  16790082
  40672
  16790083
  40672
  16790084
  40672
  16790085
  40672
  16790086
  40672
  16790087
  40672
  16790088
  40672
  16790089
  40672
  16790090
  40672
  16790091
  40672
  16790092
  40672
  16790093
  40672
  16790094
  40672
  16790095
  40672
  16790096
  40672
  16790097
  40672
  16790098
  40672
  16790099
  40672
  16790100
  40672
  16790101
  40672
  16790102
  40672
  16790103
  40672
  16790104
  40672
  16790105
  40672
  16790106
  40672
  16790107
  40672
  16790108
  40672
  16790109
  40672
  16790110
  40672
  16790111
  40672
  16790112
  40672
  16790113
  40672
  16790114
  40672
  16790115
  40672
  16790116
  40672
  16790117
  40672
  16790118
  40672
  16790119
  40672
  16790120
  40672
  16790121
  40672
  16790122
  40672
  16790123
  40672
  16790124
  40672
  16790125
  40672
  16790126
  40672
  16790127
  40672
  16790128
  40672
  16790129
  40672
  16790130
  40672
  16790131
  40672
  16790132
  40672
  16790133
  40672
  16790134
  40672
  16790135
  40672
  16790136
  40672
  16790137
  40672
  16790138
  40672
  16790139
  40672
  16790140
  40672
  16790141
  40672
  16790142
  40672
  16790143
  40672
  16790144
  40672
  16790145
  40672
  16790146
  40672
  16790147
  40672
  16790148
  40672
  16790149
  40672
  16790150
  40672
  16790151
  40672
  16790152
  40672
  16790153
  40672
  16790154
  40672
  16790155
  40672
  16790156
  40672
  16790157
  40672
  16790158
  40672
  16790159
  40672
  16790160
  40672
  16790161
  40672
  16790162
  40672
  16790163
  40672
  16790164
  40672
  16790165
  40672
  16790166
  40672
  16790167
  40672
  16790168
  40672
  16790169
  40672
  16790170
  40672
  16790171
  40672
  16790172
  40672
  16790173
  40672
  16790174
  40672
  16790175
  40672
  16790176
  40672
  16790177
  40672
  16790178
  40672
  16790179
  40672
  16790180
  40672
  16790181
  40672
  16790182
  40672
  16790183
  40672
  16790184
  40672
  16790185
  40672
  16790186
  40672
  16790187
  40672
  16790188
  40672
  16790189
  40672
  16790190
  40672
  16790191
  40672
  16790192
  40672
  16790193
  40672
  16790194
  40672
  16790195
  40672
  16790196
  40672
  16790197
  40672
  16790198
  40672
  16790199
  40672
  16790200
  40672
  16790201
  40672
  16790202
  40672
  16790203
  40672
  16790204
  40672
  16790205
  40672
  16790206
  40672
  16790207
  40672
  16790208
  40672
  16790209
  40672
  16790210
  40672
  16790211
  40672
  16790212
  40672
  16790213
  40672
  16790214
  40672
  16790215
  40672
  16790216
  40672
  16790217
  40672
  16790218
  40672
  16790219
  40672
  16790220
  40672
  16790221
  40672
  16790222
  40672
  16790223
  40672
  16790224
  40672
  16790225
  40672
  16790226
  40672
  16790227
  40672
  16790228
  40672
  16790229
  40672
  16790230
  40672
  16790231
  40672
  16790232
  40672
  16790233
  40672
  16790234
  40672
  16790235
  40672
  16790236
  40672
  16790237
  40672
  16790238
  40672
  16790239
  40672
  16790240
  40672
  16790241
  40672
  16790242
  40672
  16790243
  40672
  16790244
  40672
  16790245
  40672
  16790246
  40672
  16790247
  40672
  16790248
  40672
  16790249
  40672
  16790250
  40672
  16790251
  40672
  16790252
  40672
  16790253
  40672
  16790254
  40672
  16790255
  40672
  16790256
  40672
  16790257
  40672
  16790258
  40672
  16790259
  40672
  16790260
  40672
  16790261
  40672
  16790262
  40672
  16790263
  40672
  16790264
  40672
  16790265
  40672
  16790266
  40672
  16790267
  40672
  16790268
  40672
  16790269
  40672
  16790270
  40672
  16790271
  40672
  16790272
  43502
  16790273
  43502
  16790274
  43502
  16790275
  43502
  16790276
  43502
  16790277
  43502
  16790278
  43502
  16790279
  43502
  16790280
  43502
  16790281
  43502
  16790282
  43502
  16790283
  43502
  16790284
  43502
  16790285
  43502
  16790286
  43502
  16790287
  43502
  16790288
  43502
  16790289
  43502
  16790290
  43502
  16790291
  43502
  16790292
  43502
  16790293
  43502
  16790294
  43502
  16790295
  43502
  16790296
  43502
  16790297
  43502
  16790298
  43502
  16790299
  43502
  16790300
  43502
  16790301
  43502
  16790302
  43502
  16790303
  43502
  16790304
  43502
  16790305
  43502
  16790306
  43502
  16790307
  43502
  16790308
  43502
  16790309
  43502
  16790310
  43502
  16790311
  43502
  16790312
  43502
  16790313
  43502
  16790314
  43502
  16790315
  43502
  16790316
  43502
  16790317
  43502
  16790318
  43502
  16790319
  43502
  16790320
  43502
  16790321
  43502
  16790322
  43502
  16790323
  43502
  16790324
  43502
  16790325
  43502
  16790326
  43502
  16790327
  43502
  16790328
  43502
  16790329
  43502
  16790330
  43502
  16790331
  43502
  16790332
  43502
  16790333
  43502
  16790334
  43502
  16790335
  43502
  16790336
  43502
  16790337
  43502
  16790338
  43502
  16790339
  43502
  16790340
  43502
  16790341
  43502
  16790342
  43502
  16790343
  43502
  16790344
  43502
  16790345
  43502
  16790346
  43502
  16790347
  43502
  16790348
  43502
  16790349
  43502
  16790350
  43502
  16790351
  43502
  16790352
  43502
  16790353
  43502
  16790354
  43502
  16790355
  43502
  16790356
  43502
  16790357
  43502
  16790358
  43502
  16790359
  43502
  16790360
  43502
  16790361
  43502
  16790362
  43502
  16790363
  43502
  16790364
  43502
  16790365
  43502
  16790366
  43502
  16790367
  43502
  16790368
  43502
  16790369
  43502
  16790370
  43502
  16790371
  43502
  16790372
  43502
  16790373
  43502
  16790374
  43502
  16790375
  43502
  16790376
  43502
  16790377
  43502
  16790378
  43502
  16790379
  43502
  16790380
  43502
  16790381
  43502
  16790382
  43502
  16790383
  43502
  16790384
  43502
  16790385
  43502
  16790386
  43502
  16790387
  43502
  16790388
  43502
  16790389
  43502
  16790390
  43502
  16790391
  43502
  16790392
  43502
  16790393
  43502
  16790394
  43502
  16790395
  43502
  16790396
  43502
  16790397
  43502
  16790398
  43502
  16790399
  43502
  16790400
  43502
  16790401
  43502
  16790402
  43502
  16790403
  43502
  16790404
  43502
  16790405
  43502
  16790406
  43502
  16790407
  43502
  16790408
  43502
  16790409
  43502
  16790410
  43502
  16790411
  43502
  16790412
  43502
  16790413
  43502
  16790414
  43502
  16790415
  43502
  16790416
  43502
  16790417
  43502
  16790418
  43502
  16790419
  43502
  16790420
  43502
  16790421
  43502
  16790422
  43502
  16790423
  43502
  16790424
  43502
  16790425
  43502
  16790426
  43502
  16790427
  43502
  16790428
  43502
  16790429
  43502
  16790430
  43502
  16790431
  43502
  16790432
  43502
  16790433
  43502
  16790434
  43502
  16790435
  43502
  16790436
  43502
  16790437
  43502
  16790438
  43502
  16790439
  43502
  16790440
  43502
  16790441
  43502
  16790442
  43502
  16790443
  43502
  16790444
  43502
  16790445
  43502
  16790446
  43502
  16790447
  43502
  16790448
  43502
  16790449
  43502
  16790450
  43502
  16790451
  43502
  16790452
  43502
  16790453
  43502
  16790454
  43502
  16790455
  43502
  16790456
  43502
  16790457
  43502
  16790458
  43502
  16790459
  43502
  16790460
  43502
  16790461
  43502
  16790462
  43502
  16790463
  43502
  16790464
  43502
  16790465
  43502
  16790466
  43502
  16790467
  43502
  16790468
  43502
  16790469
  43502
  16790470
  43502
  16790471
  43502
  16790472
  43502
  16790473
  43502
  16790474
  43502
  16790475
  43502
  16790476
  43502
  16790477
  43502
  16790478
  43502
  16790479
  43502
  16790480
  43502
  16790481
  43502
  16790482
  43502
  16790483
  43502
  16790484
  43502
  16790485
  43502
  16790486
  43502
  16790487
  43502
  16790488
  43502
  16790489
  43502
  16790490
  43502
  16790491
  43502
  16790492
  43502
  16790493
  43502
  16790494
  43502
  16790495
  43502
  16790496
  43502
  16790497
  43502
  16790498
  43502
  16790499
  43502
  16790500
  43502
  16790501
  43502
  16790502
  43502
  16790503
  43502
  16790504
  43502
  16790505
  43502
  16790506
  43502
  16790507
  43502
  16790508
  43502
  16790509
  43502
  16790510
  43502
  16790511
  43502
  16790512
  43502
  16790513
  43502
  16790514
  43502
  16790515
  43502
  16790516
  43502
  16790517
  43502
  16790518
  43502
  16790519
  43502
  16790520
  43502
  16790521
  43502
  16790522
  43502
  16790523
  43502
  16790524
  43502
  16790525
  43502
  16790526
  43502
  16790527
  43502
  16790528
  2718
  16790529
  2718
  16790530
  2718
  16790531
  2718
  16790532
  2718
  16790533
  2718
  16790534
  2718
  16790535
  2718
  16790536
  2718
  16790537
  2718
  16790538
  2718
  16790539
  2718
  16790540
  2718
  16790541
  2718
  16790542
  2718
  16790543
  2718
  16790544
  2718
  16790545
  2718
  16790546
  2718
  16790547
  2718
  16790548
  2718
  16790549
  2718
  16790550
  2718
  16790551
  2718
  16790552
  2718
  16790553
  2718
  16790554
  2718
  16790555
  2718
  16790556
  2718
  16790557
  2718
  16790558
  2718
  16790559
  2718
  16790560
  2718
  16790561
  2718
  16790562
  2718
  16790563
  2718
  16790564
  2718
  16790565
  2718
  16790566
  2718
  16790567
  2718
  16790568
  2718
  16790569
  2718
  16790570
  2718
  16790571
  2718
  16790572
  2718
  16790573
  2718
  16790574
  2718
  16790575
  2718
  16790576
  2718
  16790577
  2718
  16790578
  2718
  16790579
  2718
  16790580
  2718
  16790581
  2718
  16790582
  2718
  16790583
  2718
  16790584
  2718
  16790585
  2718
  16790586
  2718
  16790587
  2718
  16790588
  2718
  16790589
  2718
  16790590
  2718
  16790591
  2718
  16790592
  2718
  16790593
  2718
  16790594
  2718
  16790595
  2718
  16790596
  2718
  16790597
  2718
  16790598
  2718
  16790599
  2718
  16790600
  2718
  16790601
  2718
  16790602
  2718
  16790603
  2718
  16790604
  2718
  16790605
  2718
  16790606
  2718
  16790607
  2718
  16790608
  2718
  16790609
  2718
  16790610
  2718
  16790611
  2718
  16790612
  2718
  16790613
  2718
  16790614
  2718
  16790615
  2718
  16790616
  2718
  16790617
  2718
  16790618
  2718
  16790619
  2718
  16790620
  2718
  16790621
  2718
  16790622
  2718
  16790623
  2718
  16790624
  2718
  16790625
  2718
  16790626
  2718
  16790627
  2718
  16790628
  2718
  16790629
  2718
  16790630
  2718
  16790631
  2718
  16790632
  2718
  16790633
  2718
  16790634
  2718
  16790635
  2718
  16790636
  2718
  16790637
  2718
  16790638
  2718
  16790639
  2718
  16790640
  2718
  16790641
  2718
  16790642
  2718
  16790643
  2718
  16790644
  2718
  16790645
  2718
  16790646
  2718
  16790647
  2718
  16790648
  2718
  16790649
  2718
  16790650
  2718
  16790651
  2718
  16790652
  2718
  16790653
  2718
  16790654
  2718
  16790655
  2718
  16790656
  2718
  16790657
  2718
  16790658
  2718
  16790659
  2718
  16790660
  2718
  16790661
  2718
  16790662
  2718
  16790663
  2718
  16790664
  2718
  16790665
  2718
  16790666
  2718
  16790667
  2718
  16790668
  2718
  16790669
  2718
  16790670
  2718
  16790671
  2718
  16790672
  2718
  16790673
  2718
  16790674
  2718
  16790675
  2718
  16790676
  2718
  16790677
  2718
  16790678
  2718
  16790679
  2718
  16790680
  2718
  16790681
  2718
  16790682
  2718
  16790683
  2718
  16790684
  2718
  16790685
  2718
  16790686
  2718
  16790687
  2718
  16790688
  2718
  16790689
  2718
  16790690
  2718
  16790691
  2718
  16790692
  2718
  16790693
  2718
  16790694
  2718
  16790695
  2718
  16790696
  2718
  16790697
  2718
  16790698
  2718
  16790699
  2718
  16790700
  2718
  16790701
  2718
  16790702
  2718
  16790703
  2718
  16790704
  2718
  16790705
  2718
  16790706
  2718
  16790707
  2718
  16790708
  2718
  16790709
  2718
  16790710
  2718
  16790711
  2718
  16790712
  2718
  16790713
  2718
  16790714
  2718
  16790715
  2718
  16790716
  2718
  16790717
  2718
  16790718
  2718
  16790719
  2718
  16790720
  2718
  16790721
  2718
  16790722
  2718
  16790723
  2718
  16790724
  2718
  16790725
  2718
  16790726
  2718
  16790727
  2718
  16790728
  2718
  16790729
  2718
  16790730
  2718
  16790731
  2718
  16790732
  2718
  16790733
  2718
  16790734
  2718
  16790735
  2718
  16790736
  2718
  16790737
  2718
  16790738
  2718
  16790739
  2718
  16790740
  2718
  16790741
  2718
  16790742
  2718
  16790743
  2718
  16790744
  2718
  16790745
  2718
  16790746
  2718
  16790747
  2718
  16790748
  2718
  16790749
  2718
  16790750
  2718
  16790751
  2718
  16790752
  2718
  16790753
  2718
  16790754
  2718
  16790755
  2718
  16790756
  2718
  16790757
  2718
  16790758
  2718
  16790759
  2718
  16790760
  2718
  16790761
  2718
  16790762
  2718
  16790763
  2718
  16790764
  2718
  16790765
  2718
  16790766
  2718
  16790767
  2718
  16790768
  2718
  16790769
  2718
  16790770
  2718
  16790771
  2718
  16790772
  2718
  16790773
  2718
  16790774
  2718
  16790775
  2718
  16790776
  2718
  16790777
  2718
  16790778
  2718
  16790779
  2718
  16790780
  2718
  16790781
  2718
  16790782
  2718
  16790783
  2718
  16790784
  32937
  16790785
  32937
  16790786
  32937
  16790787
  32937
  16790788
  32937
  16790789
  32937
  16790790
  32937
  16790791
  32937
  16790792
  32937
  16790793
  32937
  16790794
  32937
  16790795
  32937
  16790796
  32937
  16790797
  32937
  16790798
  32937
  16790799
  32937
  16790800
  32937
  16790801
  32937
  16790802
  32937
  16790803
  32937
  16790804
  32937
  16790805
  32937
  16790806
  32937
  16790807
  32937
  16790808
  32937
  16790809
  32937
  16790810
  32937
  16790811
  32937
  16790812
  32937
  16790813
  32937
  16790814
  32937
  16790815
  32937
  16790816
  32937
  16790817
  32937
  16790818
  32937
  16790819
  32937
  16790820
  32937
  16790821
  32937
  16790822
  32937
  16790823
  32937
  16790824
  32937
  16790825
  32937
  16790826
  32937
  16790827
  32937
  16790828
  32937
  16790829
  32937
  16790830
  32937
  16790831
  32937
  16790832
  32937
  16790833
  32937
  16790834
  32937
  16790835
  32937
  16790836
  32937
  16790837
  32937
  16790838
  32937
  16790839
  32937
  16790840
  32937
  16790841
  32937
  16790842
  32937
  16790843
  32937
  16790844
  32937
  16790845
  32937
  16790846
  32937
  16790847
  32937
  16790848
  32937
  16790849
  32937
  16790850
  32937
  16790851
  32937
  16790852
  32937
  16790853
  32937
  16790854
  32937
  16790855
  32937
  16790856
  32937
  16790857
  32937
  16790858
  32937
  16790859
  32937
  16790860
  32937
  16790861
  32937
  16790862
  32937
  16790863
  32937
  16790864
  32937
  16790865
  32937
  16790866
  32937
  16790867
  32937
  16790868
  32937
  16790869
  32937
  16790870
  32937
  16790871
  32937
  16790872
  32937
  16790873
  32937
  16790874
  32937
  16790875
  32937
  16790876
  32937
  16790877
  32937
  16790878
  32937
  16790879
  32937
  16790880
  32937
  16790881
  32937
  16790882
  32937
  16790883
  32937
  16790884
  32937
  16790885
  32937
  16790886
  32937
  16790887
  32937
  16790888
  32937
  16790889
  32937
  16790890
  32937
  16790891
  32937
  16790892
  32937
  16790893
  32937
  16790894
  32937
  16790895
  32937
  16790896
  32937
  16790897
  32937
  16790898
  32937
  16790899
  32937
  16790900
  32937
  16790901
  32937
  16790902
  32937
  16790903
  32937
  16790904
  32937
  16790905
  32937
  16790906
  32937
  16790907
  32937
  16790908
  32937
  16790909
  32937
  16790910
  32937
  16790911
  32937
  16790912
  32937
  16790913
  32937
  16790914
  32937
  16790915
  32937
  16790916
  32937
  16790917
  32937
  16790918
  32937
  16790919
  32937
  16790920
  32937
  16790921
  32937
  16790922
  32937
  16790923
  32937
  16790924
  32937
  16790925
  32937
  16790926
  32937
  16790927
  32937
  16790928
  32937
  16790929
  32937
  16790930
  32937
  16790931
  32937
  16790932
  32937
  16790933
  32937
  16790934
  32937
  16790935
  32937
  16790936
  32937
  16790937
  32937
  16790938
  32937
  16790939
  32937
  16790940
  32937
  16790941
  32937
  16790942
  32937
  16790943
  32937
  16790944
  32937
  16790945
  32937
  16790946
  32937
  16790947
  32937
  16790948
  32937
  16790949
  32937
  16790950
  32937
  16790951
  32937
  16790952
  32937
  16790953
  32937
  16790954
  32937
  16790955
  32937
  16790956
  32937
  16790957
  32937
  16790958
  32937
  16790959
  32937
  16790960
  32937
  16790961
  32937
  16790962
  32937
  16790963
  32937
  16790964
  32937
  16790965
  32937
  16790966
  32937
  16790967
  32937
  16790968
  32937
  16790969
  32937
  16790970
  32937
  16790971
  32937
  16790972
  32937
  16790973
  32937
  16790974
  32937
  16790975
  32937
  16790976
  32937
  16790977
  32937
  16790978
  32937
  16790979
  32937
  16790980
  32937
  16790981
  32937
  16790982
  32937
  16790983
  32937
  16790984
  32937
  16790985
  32937
  16790986
  32937
  16790987
  32937
  16790988
  32937
  16790989
  32937
  16790990
  32937
  16790991
  32937
  16790992
  32937
  16790993
  32937
  16790994
  32937
  16790995
  32937
  16790996
  32937
  16790997
  32937
  16790998
  32937
  16790999
  32937
  16791000
  32937
  16791001
  32937
  16791002
  32937
  16791003
  32937
  16791004
  32937
  16791005
  32937
  16791006
  32937
  16791007
  32937
  16791008
  32937
  16791009
  32937
  16791010
  32937
  16791011
  32937
  16791012
  32937
  16791013
  32937
  16791014
  32937
  16791015
  32937
  16791016
  32937
  16791017
  32937
  16791018
  32937
  16791019
  32937
  16791020
  32937
  16791021
  32937
  16791022
  32937
  16791023
  32937
  16791024
  32937
  16791025
  32937
  16791026
  32937
  16791027
  32937
  16791028
  32937
  16791029
  32937
  16791030
  32937
  16791031
  32937
  16791032
  32937
  16791033
  32937
  16791034
  32937
  16791035
  32937
  16791036
  32937
  16791037
  32937
  16791038
  32937
  16791039
  32937
  16791040
  59402
  16791041
  59402
  16791042
  59402
  16791043
  59402
  16791044
  59402
  16791045
  59402
  16791046
  59402
  16791047
  59402
  16791048
  59402
  16791049
  59402
  16791050
  59402
  16791051
  59402
  16791052
  59402
  16791053
  59402
  16791054
  59402
  16791055
  59402
  16791056
  59402
  16791057
  59402
  16791058
  59402
  16791059
  59402
  16791060
  59402
  16791061
  59402
  16791062
  59402
  16791063
  59402
  16791064
  59402
  16791065
  59402
  16791066
  59402
  16791067
  59402
  16791068
  59402
  16791069
  59402
  16791070
  59402
  16791071
  59402
  16791072
  59402
  16791073
  59402
  16791074
  59402
  16791075
  59402
  16791076
  59402
  16791077
  59402
  16791078
  59402
  16791079
  59402
  16791080
  59402
  16791081
  59402
  16791082
  59402
  16791083
  59402
  16791084
  59402
  16791085
  59402
  16791086
  59402
  16791087
  59402
  16791088
  59402
  16791089
  59402
  16791090
  59402
  16791091
  59402
  16791092
  59402
  16791093
  59402
  16791094
  59402
  16791095
  59402
  16791096
  59402
  16791097
  59402
  16791098
  59402
  16791099
  59402
  16791100
  59402
  16791101
  59402
  16791102
  59402
  16791103
  59402
  16791104
  59402
  16791105
  59402
  16791106
  59402
  16791107
  59402
  16791108
  59402
  16791109
  59402
  16791110
  59402
  16791111
  59402
  16791112
  59402
  16791113
  59402
  16791114
  59402
  16791115
  59402
  16791116
  59402
  16791117
  59402
  16791118
  59402
  16791119
  59402
  16791120
  59402
  16791121
  59402
  16791122
  59402
  16791123
  59402
  16791124
  59402
  16791125
  59402
  16791126
  59402
  16791127
  59402
  16791128
  59402
  16791129
  59402
  16791130
  59402
  16791131
  59402
  16791132
  59402
  16791133
  59402
  16791134
  59402
  16791135
  59402
  16791136
  59402
  16791137
  59402
  16791138
  59402
  16791139
  59402
  16791140
  59402
  16791141
  59402
  16791142
  59402
  16791143
  59402
  16791144
  59402
  16791145
  59402
  16791146
  59402
  16791147
  59402
  16791148
  59402
  16791149
  59402
  16791150
  59402
  16791151
  59402
  16791152
  59402
  16791153
  59402
  16791154
  59402
  16791155
  59402
  16791156
  59402
  16791157
  59402
  16791158
  59402
  16791159
  59402
  16791160
  59402
  16791161
  59402
  16791162
  59402
  16791163
  59402
  16791164
  59402
  16791165
  59402
  16791166
  59402
  16791167
  59402
  16791168
  59402
  16791169
  59402
  16791170
  59402
  16791171
  59402
  16791172
  59402
  16791173
  59402
  16791174
  59402
  16791175
  59402
  16791176
  59402
  16791177
  59402
  16791178
  59402
  16791179
  59402
  16791180
  59402
  16791181
  59402
  16791182
  59402
  16791183
  59402
  16791184
  59402
  16791185
  59402
  16791186
  59402
  16791187
  59402
  16791188
  59402
  16791189
  59402
  16791190
  59402
  16791191
  59402
  16791192
  59402
  16791193
  59402
  16791194
  59402
  16791195
  59402
  16791196
  59402
  16791197
  59402
  16791198
  59402
  16791199
  59402
  16791200
  59402
  16791201
  59402
  16791202
  59402
  16791203
  59402
  16791204
  59402
  16791205
  59402
  16791206
  59402
  16791207
  59402
  16791208
  59402
  16791209
  59402
  16791210
  59402
  16791211
  59402
  16791212
  59402
  16791213
  59402
  16791214
  59402
  16791215
  59402
  16791216
  59402
  16791217
  59402
  16791218
  59402
  16791219
  59402
  16791220
  59402
  16791221
  59402
  16791222
  59402
  16791223
  59402
  16791224
  59402
  16791225
  59402
  16791226
  59402
  16791227
  59402
  16791228
  59402
  16791229
  59402
  16791230
  59402
  16791231
  59402
  16791232
  59402
  16791233
  59402
  16791234
  59402
  16791235
  59402
  16791236
  59402
  16791237
  59402
  16791238
  59402
  16791239
  59402
  16791240
  59402
  16791241
  59402
  16791242
  59402
  16791243
  59402
  16791244
  59402
  16791245
  59402
  16791246
  59402
  16791247
  59402
  16791248
  59402
  16791249
  59402
  16791250
  59402
  16791251
  59402
  16791252
  59402
  16791253
  59402
  16791254
  59402
  16791255
  59402
  16791256
  59402
  16791257
  59402
  16791258
  59402
  16791259
  59402
  16791260
  59402
  16791261
  59402
  16791262
  59402
  16791263
  59402
  16791264
  59402
  16791265
  59402
  16791266
  59402
  16791267
  59402
  16791268
  59402
  16791269
  59402
  16791270
  59402
  16791271
  59402
  16791272
  59402
  16791273
  59402
  16791274
  59402
  16791275
  59402
  16791276
  59402
  16791277
  59402
  16791278
  59402
  16791279
  59402
  16791280
  59402
  16791281
  59402
  16791282
  59402
  16791283
  59402
  16791284
  59402
  16791285
  59402
  16791286
  59402
  16791287
  59402
  16791288
  59402
  16791289
  59402
  16791290
  59402
  16791291
  59402
  16791292
  59402
  16791293
  59402
  16791294
  59402
  16791295
  59402
  16791296
  20096
  16791297
  20096
  16791298
  20096
  16791299
  20096
  16791300
  20096
  16791301
  20096
  16791302
  20096
  16791303
  20096
  16791304
  20096
  16791305
  20096
  16791306
  20096
  16791307
  20096
  16791308
  20096
  16791309
  20096
  16791310
  20096
  16791311
  20096
  16791312
  20096
  16791313
  20096
  16791314
  20096
  16791315
  20096
  16791316
  20096
  16791317
  20096
  16791318
  20096
  16791319
  20096
  16791320
  20096
  16791321
  20096
  16791322
  20096
  16791323
  20096
  16791324
  20096
  16791325
  20096
  16791326
  20096
  16791327
  20096
  16791328
  20096
  16791329
  20096
  16791330
  20096
  16791331
  20096
  16791332
  20096
  16791333
  20096
  16791334
  20096
  16791335
  20096
  16791336
  20096
  16791337
  20096
  16791338
  20096
  16791339
  20096
  16791340
  20096
  16791341
  20096
  16791342
  20096
  16791343
  20096
  16791344
  20096
  16791345
  20096
  16791346
  20096
  16791347
  20096
  16791348
  20096
  16791349
  20096
  16791350
  20096
  16791351
  20096
  16791352
  20096
  16791353
  20096
  16791354
  20096
  16791355
  20096
  16791356
  20096
  16791357
  20096
  16791358
  20096
  16791359
  20096
  16791360
  20096
  16791361
  20096
  16791362
  20096
  16791363
  20096
  16791364
  20096
  16791365
  20096
  16791366
  20096
  16791367
  20096
  16791368
  20096
  16791369
  20096
  16791370
  20096
  16791371
  20096
  16791372
  20096
  16791373
  20096
  16791374
  20096
  16791375
  20096
  16791376
  20096
  16791377
  20096
  16791378
  20096
  16791379
  20096
  16791380
  20096
  16791381
  20096
  16791382
  20096
  16791383
  20096
  16791384
  20096
  16791385
  20096
  16791386
  20096
  16791387
  20096
  16791388
  20096
  16791389
  20096
  16791390
  20096
  16791391
  20096
  16791392
  20096
  16791393
  20096
  16791394
  20096
  16791395
  20096
  16791396
  20096
  16791397
  20096
  16791398
  20096
  16791399
  20096
  16791400
  20096
  16791401
  20096
  16791402
  20096
  16791403
  20096
  16791404
  20096
  16791405
  20096
  16791406
  20096
  16791407
  20096
  16791408
  20096
  16791409
  20096
  16791410
  20096
  16791411
  20096
  16791412
  20096
  16791413
  20096
  16791414
  20096
  16791415
  20096
  16791416
  20096
  16791417
  20096
  16791418
  20096
  16791419
  20096
  16791420
  20096
  16791421
  20096
  16791422
  20096
  16791423
  20096
  16791424
  20096
  16791425
  20096
  16791426
  20096
  16791427
  20096
  16791428
  20096
  16791429
  20096
  16791430
  20096
  16791431
  20096
  16791432
  20096
  16791433
  20096
  16791434
  20096
  16791435
  20096
  16791436
  20096
  16791437
  20096
  16791438
  20096
  16791439
  20096
  16791440
  20096
  16791441
  20096
  16791442
  20096
  16791443
  20096
  16791444
  20096
  16791445
  20096
  16791446
  20096
  16791447
  20096
  16791448
  20096
  16791449
  20096
  16791450
  20096
  16791451
  20096
  16791452
  20096
  16791453
  20096
  16791454
  20096
  16791455
  20096
  16791456
  20096
  16791457
  20096
  16791458
  20096
  16791459
  20096
  16791460
  20096
  16791461
  20096
  16791462
  20096
  16791463
  20096
  16791464
  20096
  16791465
  20096
  16791466
  20096
  16791467
  20096
  16791468
  20096
  16791469
  20096
  16791470
  20096
  16791471
  20096
  16791472
  20096
  16791473
  20096
  16791474
  20096
  16791475
  20096
  16791476
  20096
  16791477
  20096
  16791478
  20096
  16791479
  20096
  16791480
  20096
  16791481
  20096
  16791482
  20096
  16791483
  20096
  16791484
  20096
  16791485
  20096
  16791486
  20096
  16791487
  20096
  16791488
  20096
  16791489
  20096
  16791490
  20096
  16791491
  20096
  16791492
  20096
  16791493
  20096
  16791494
  20096
  16791495
  20096
  16791496
  20096
  16791497
  20096
  16791498
  20096
  16791499
  20096
  16791500
  20096
  16791501
  20096
  16791502
  20096
  16791503
  20096
  16791504
  20096
  16791505
  20096
  16791506
  20096
  16791507
  20096
  16791508
  20096
  16791509
  20096
  16791510
  20096
  16791511
  20096
  16791512
  20096
  16791513
  20096
  16791514
  20096
  16791515
  20096
  16791516
  20096
  16791517
  20096
  16791518
  20096
  16791519
  20096
  16791520
  20096
  16791521
  20096
  16791522
  20096
  16791523
  20096
  16791524
  20096
  16791525
  20096
  16791526
  20096
  16791527
  20096
  16791528
  20096
  16791529
  20096
  16791530
  20096
  16791531
  20096
  16791532
  20096
  16791533
  20096
  16791534
  20096
  16791535
  20096
  16791536
  20096
  16791537
  20096
  16791538
  20096
  16791539
  20096
  16791540
  20096
  16791541
  20096
  16791542
  20096
  16791543
  20096
  16791544
  20096
  16791545
  20096
  16791546
  20096
  16791547
  20096
  16791548
  20096
  16791549
  20096
  16791550
  20096
  16791551
  20096
  16791552
  25832
  16791553
  25832
  16791554
  25832
  16791555
  25832
  16791556
  25832
  16791557
  25832
  16791558
  25832
  16791559
  25832
  16791560
  25832
  16791561
  25832
  16791562
  25832
  16791563
  25832
  16791564
  25832
  16791565
  25832
  16791566
  25832
  16791567
  25832
  16791568
  25832
  16791569
  25832
  16791570
  25832
  16791571
  25832
  16791572
  25832
  16791573
  25832
  16791574
  25832
  16791575
  25832
  16791576
  25832
  16791577
  25832
  16791578
  25832
  16791579
  25832
  16791580
  25832
  16791581
  25832
  16791582
  25832
  16791583
  25832
  16791584
  25832
  16791585
  25832
  16791586
  25832
  16791587
  25832
  16791588
  25832
  16791589
  25832
  16791590
  25832
  16791591
  25832
  16791592
  25832
  16791593
  25832
  16791594
  25832
  16791595
  25832
  16791596
  25832
  16791597
  25832
  16791598
  25832
  16791599
  25832
  16791600
  25832
  16791601
  25832
  16791602
  25832
  16791603
  25832
  16791604
  25832
  16791605
  25832
  16791606
  25832
  16791607
  25832
  16791608
  25832
  16791609
  25832
  16791610
  25832
  16791611
  25832
  16791612
  25832
  16791613
  25832
  16791614
  25832
  16791615
  25832
  16791616
  25832
  16791617
  25832
  16791618
  25832
  16791619
  25832
  16791620
  25832
  16791621
  25832
  16791622
  25832
  16791623
  25832
  16791624
  25832
  16791625
  25832
  16791626
  25832
  16791627
  25832
  16791628
  25832
  16791629
  25832
  16791630
  25832
  16791631
  25832
  16791632
  25832
  16791633
  25832
  16791634
  25832
  16791635
  25832
  16791636
  25832
  16791637
  25832
  16791638
  25832
  16791639
  25832
  16791640
  25832
  16791641
  25832
  16791642
  25832
  16791643
  25832
  16791644
  25832
  16791645
  25832
  16791646
  25832
  16791647
  25832
  16791648
  25832
  16791649
  25832
  16791650
  25832
  16791651
  25832
  16791652
  25832
  16791653
  25832
  16791654
  25832
  16791655
  25832
  16791656
  25832
  16791657
  25832
  16791658
  25832
  16791659
  25832
  16791660
  25832
  16791661
  25832
  16791662
  25832
  16791663
  25832
  16791664
  25832
  16791665
  25832
  16791666
  25832
  16791667
  25832
  16791668
  25832
  16791669
  25832
  16791670
  25832
  16791671
  25832
  16791672
  25832
  16791673
  25832
  16791674
  25832
  16791675
  25832
  16791676
  25832
  16791677
  25832
  16791678
  25832
  16791679
  25832
  16791680
  25832
  16791681
  25832
  16791682
  25832
  16791683
  25832
  16791684
  25832
  16791685
  25832
  16791686
  25832
  16791687
  25832
  16791688
  25832
  16791689
  25832
  16791690
  25832
  16791691
  25832
  16791692
  25832
  16791693
  25832
  16791694
  25832
  16791695
  25832
  16791696
  25832
  16791697
  25832
  16791698
  25832
  16791699
  25832
  16791700
  25832
  16791701
  25832
  16791702
  25832
  16791703
  25832
  16791704
  25832
  16791705
  25832
  16791706
  25832
  16791707
  25832
  16791708
  25832
  16791709
  25832
  16791710
  25832
  16791711
  25832
  16791712
  25832
  16791713
  25832
  16791714
  25832
  16791715
  25832
  16791716
  25832
  16791717
  25832
  16791718
  25832
  16791719
  25832
  16791720
  25832
  16791721
  25832
  16791722
  25832
  16791723
  25832
  16791724
  25832
  16791725
  25832
  16791726
  25832
  16791727
  25832
  16791728
  25832
  16791729
  25832
  16791730
  25832
  16791731
  25832
  16791732
  25832
  16791733
  25832
  16791734
  25832
  16791735
  25832
  16791736
  25832
  16791737
  25832
  16791738
  25832
  16791739
  25832
  16791740
  25832
  16791741
  25832
  16791742
  25832
  16791743
  25832
  16791744
  25832
  16791745
  25832
  16791746
  25832
  16791747
  25832
  16791748
  25832
  16791749
  25832
  16791750
  25832
  16791751
  25832
  16791752
  25832
  16791753
  25832
  16791754
  25832
  16791755
  25832
  16791756
  25832
  16791757
  25832
  16791758
  25832
  16791759
  25832
  16791760
  25832
  16791761
  25832
  16791762
  25832
  16791763
  25832
  16791764
  25832
  16791765
  25832
  16791766
  25832
  16791767
  25832
  16791768
  25832
  16791769
  25832
  16791770
  25832
  16791771
  25832
  16791772
  25832
  16791773
  25832
  16791774
  25832
  16791775
  25832
  16791776
  25832
  16791777
  25832
  16791778
  25832
  16791779
  25832
  16791780
  25832
  16791781
  25832
  16791782
  25832
  16791783
  25832
  16791784
  25832
  16791785
  25832
  16791786
  25832
  16791787
  25832
  16791788
  25832
  16791789
  25832
  16791790
  25832
  16791791
  25832
  16791792
  25832
  16791793
  25832
  16791794
  25832
  16791795
  25832
  16791796
  25832
  16791797
  25832
  16791798
  25832
  16791799
  25832
  16791800
  25832
  16791801
  25832
  16791802
  25832
  16791803
  25832
  16791804
  25832
  16791805
  25832
  16791806
  25832
  16791807
  25832
  16791808
  22094
  16791809
  22094
  16791810
  22094
  16791811
  22094
  16791812
  22094
  16791813
  22094
  16791814
  22094
  16791815
  22094
  16791816
  22094
  16791817
  22094
  16791818
  22094
  16791819
  22094
  16791820
  22094
  16791821
  22094
  16791822
  22094
  16791823
  22094
  16791824
  22094
  16791825
  22094
  16791826
  22094
  16791827
  22094
  16791828
  22094
  16791829
  22094
  16791830
  22094
  16791831
  22094
  16791832
  22094
  16791833
  22094
  16791834
  22094
  16791835
  22094
  16791836
  22094
  16791837
  22094
  16791838
  22094
  16791839
  22094
  16791840
  22094
  16791841
  22094
  16791842
  22094
  16791843
  22094
  16791844
  22094
  16791845
  22094
  16791846
  22094
  16791847
  22094
  16791848
  22094
  16791849
  22094
  16791850
  22094
  16791851
  22094
  16791852
  22094
  16791853
  22094
  16791854
  22094
  16791855
  22094
  16791856
  22094
  16791857
  22094
  16791858
  22094
  16791859
  22094
  16791860
  22094
  16791861
  22094
  16791862
  22094
  16791863
  22094
  16791864
  22094
  16791865
  22094
  16791866
  22094
  16791867
  22094
  16791868
  22094
  16791869
  22094
  16791870
  22094
  16791871
  22094
  16791872
  22094
  16791873
  22094
  16791874
  22094
  16791875
  22094
  16791876
  22094
  16791877
  22094
  16791878
  22094
  16791879
  22094
  16791880
  22094
  16791881
  22094
  16791882
  22094
  16791883
  22094
  16791884
  22094
  16791885
  22094
  16791886
  22094
  16791887
  22094
  16791888
  22094
  16791889
  22094
  16791890
  22094
  16791891
  22094
  16791892
  22094
  16791893
  22094
  16791894
  22094
  16791895
  22094
  16791896
  22094
  16791897
  22094
  16791898
  22094
  16791899
  22094
  16791900
  22094
  16791901
  22094
  16791902
  22094
  16791903
  22094
  16791904
  22094
  16791905
  22094
  16791906
  22094
  16791907
  22094
  16791908
  22094
  16791909
  22094
  16791910
  22094
  16791911
  22094
  16791912
  22094
  16791913
  22094
  16791914
  22094
  16791915
  22094
  16791916
  22094
  16791917
  22094
  16791918
  22094
  16791919
  22094
  16791920
  22094
  16791921
  22094
  16791922
  22094
  16791923
  22094
  16791924
  22094
  16791925
  22094
  16791926
  22094
  16791927
  22094
  16791928
  22094
  16791929
  22094
  16791930
  22094
  16791931
  22094
  16791932
  22094
  16791933
  22094
  16791934
  22094
  16791935
  22094
  16791936
  22094
  16791937
  22094
  16791938
  22094
  16791939
  22094
  16791940
  22094
  16791941
  22094
  16791942
  22094
  16791943
  22094
  16791944
  22094
  16791945
  22094
  16791946
  22094
  16791947
  22094
  16791948
  22094
  16791949
  22094
  16791950
  22094
  16791951
  22094
  16791952
  22094
  16791953
  22094
  16791954
  22094
  16791955
  22094
  16791956
  22094
  16791957
  22094
  16791958
  22094
  16791959
  22094
  16791960
  22094
  16791961
  22094
  16791962
  22094
  16791963
  22094
  16791964
  22094
  16791965
  22094
  16791966
  22094
  16791967
  22094
  16791968
  22094
  16791969
  22094
  16791970
  22094
  16791971
  22094
  16791972
  22094
  16791973
  22094
  16791974
  22094
  16791975
  22094
  16791976
  22094
  16791977
  22094
  16791978
  22094
  16791979
  22094
  16791980
  22094
  16791981
  22094
  16791982
  22094
  16791983
  22094
  16791984
  22094
  16791985
  22094
  16791986
  22094
  16791987
  22094
  16791988
  22094
  16791989
  22094
  16791990
  22094
  16791991
  22094
  16791992
  22094
  16791993
  22094
  16791994
  22094
  16791995
  22094
  16791996
  22094
  16791997
  22094
  16791998
  22094
  16791999
  22094
  16792000
  22094
  16792001
  22094
  16792002
  22094
  16792003
  22094
  16792004
  22094
  16792005
  22094
  16792006
  22094
  16792007
  22094
  16792008
  22094
  16792009
  22094
  16792010
  22094
  16792011
  22094
  16792012
  22094
  16792013
  22094
  16792014
  22094
  16792015
  22094
  16792016
  22094
  16792017
  22094
  16792018
  22094
  16792019
  22094
  16792020
  22094
  16792021
  22094
  16792022
  22094
  16792023
  22094
  16792024
  22094
  16792025
  22094
  16792026
  22094
  16792027
  22094
  16792028
  22094
  16792029
  22094
  16792030
  22094
  16792031
  22094
  16792032
  22094
  16792033
  22094
  16792034
  22094
  16792035
  22094
  16792036
  22094
  16792037
  22094
  16792038
  22094
  16792039
  22094
  16792040
  22094
  16792041
  22094
  16792042
  22094
  16792043
  22094
  16792044
  22094
  16792045
  22094
  16792046
  22094
  16792047
  22094
  16792048
  22094
  16792049
  22094
  16792050
  22094
  16792051
  22094
  16792052
  22094
  16792053
  22094
  16792054
  22094
  16792055
  22094
  16792056
  22094
  16792057
  22094
  16792058
  22094
  16792059
  22094
  16792060
  22094
  16792061
  22094
  16792062
  22094
  16792063
  22094
  16792064
  25956
  16792065
  25956
  16792066
  25956
  16792067
  25956
  16792068
  25956
  16792069
  25956
  16792070
  25956
  16792071
  25956
  16792072
  25956
  16792073
  25956
  16792074
  25956
  16792075
  25956
  16792076
  25956
  16792077
  25956
  16792078
  25956
  16792079
  25956
  16792080
  25956
  16792081
  25956
  16792082
  25956
  16792083
  25956
  16792084
  25956
  16792085
  25956
  16792086
  25956
  16792087
  25956
  16792088
  25956
  16792089
  25956
  16792090
  25956
  16792091
  25956
  16792092
  25956
  16792093
  25956
  16792094
  25956
  16792095
  25956
  16792096
  25956
  16792097
  25956
  16792098
  25956
  16792099
  25956
  16792100
  25956
  16792101
  25956
  16792102
  25956
  16792103
  25956
  16792104
  25956
  16792105
  25956
  16792106
  25956
  16792107
  25956
  16792108
  25956
  16792109
  25956
  16792110
  25956
  16792111
  25956
  16792112
  25956
  16792113
  25956
  16792114
  25956
  16792115
  25956
  16792116
  25956
  16792117
  25956
  16792118
  25956
  16792119
  25956
  16792120
  25956
  16792121
  25956
  16792122
  25956
  16792123
  25956
  16792124
  25956
  16792125
  25956
  16792126
  25956
  16792127
  25956
  16792128
  25956
  16792129
  25956
  16792130
  25956
  16792131
  25956
  16792132
  25956
  16792133
  25956
  16792134
  25956
  16792135
  25956
  16792136
  25956
  16792137
  25956
  16792138
  25956
  16792139
  25956
  16792140
  25956
  16792141
  25956
  16792142
  25956
  16792143
  25956
  16792144
  25956
  16792145
  25956
  16792146
  25956
  16792147
  25956
  16792148
  25956
  16792149
  25956
  16792150
  25956
  16792151
  25956
  16792152
  25956
  16792153
  25956
  16792154
  25956
  16792155
  25956
  16792156
  25956
  16792157
  25956
  16792158
  25956
  16792159
  25956
  16792160
  25956
  16792161
  25956
  16792162
  25956
  16792163
  25956
  16792164
  25956
  16792165
  25956
  16792166
  25956
  16792167
  25956
  16792168
  25956
  16792169
  25956
  16792170
  25956
  16792171
  25956
  16792172
  25956
  16792173
  25956
  16792174
  25956
  16792175
  25956
  16792176
  25956
  16792177
  25956
  16792178
  25956
  16792179
  25956
  16792180
  25956
  16792181
  25956
  16792182
  25956
  16792183
  25956
  16792184
  25956
  16792185
  25956
  16792186
  25956
  16792187
  25956
  16792188
  25956
  16792189
  25956
  16792190
  25956
  16792191
  25956
  16792192
  25956
  16792193
  25956
  16792194
  25956
  16792195
  25956
  16792196
  25956
  16792197
  25956
  16792198
  25956
  16792199
  25956
  16792200
  25956
  16792201
  25956
  16792202
  25956
  16792203
  25956
  16792204
  25956
  16792205
  25956
  16792206
  25956
  16792207
  25956
  16792208
  25956
  16792209
  25956
  16792210
  25956
  16792211
  25956
  16792212
  25956
  16792213
  25956
  16792214
  25956
  16792215
  25956
  16792216
  25956
  16792217
  25956
  16792218
  25956
  16792219
  25956
  16792220
  25956
  16792221
  25956
  16792222
  25956
  16792223
  25956
  16792224
  25956
  16792225
  25956
  16792226
  25956
  16792227
  25956
  16792228
  25956
  16792229
  25956
  16792230
  25956
  16792231
  25956
  16792232
  25956
  16792233
  25956
  16792234
  25956
  16792235
  25956
  16792236
  25956
  16792237
  25956
  16792238
  25956
  16792239
  25956
  16792240
  25956
  16792241
  25956
  16792242
  25956
  16792243
  25956
  16792244
  25956
  16792245
  25956
  16792246
  25956
  16792247
  25956
  16792248
  25956
  16792249
  25956
  16792250
  25956
  16792251
  25956
  16792252
  25956
  16792253
  25956
  16792254
  25956
  16792255
  25956
  16792256
  25956
  16792257
  25956
  16792258
  25956
  16792259
  25956
  16792260
  25956
  16792261
  25956
  16792262
  25956
  16792263
  25956
  16792264
  25956
  16792265
  25956
  16792266
  25956
  16792267
  25956
  16792268
  25956
  16792269
  25956
  16792270
  25956
  16792271
  25956
  16792272
  25956
  16792273
  25956
  16792274
  25956
  16792275
  25956
  16792276
  25956
  16792277
  25956
  16792278
  25956
  16792279
  25956
  16792280
  25956
  16792281
  25956
  16792282
  25956
  16792283
  25956
  16792284
  25956
  16792285
  25956
  16792286
  25956
  16792287
  25956
  16792288
  25956
  16792289
  25956
  16792290
  25956
  16792291
  25956
  16792292
  25956
  16792293
  25956
  16792294
  25956
  16792295
  25956
  16792296
  25956
  16792297
  25956
  16792298
  25956
  16792299
  25956
  16792300
  25956
  16792301
  25956
  16792302
  25956
  16792303
  25956
  16792304
  25956
  16792305
  25956
  16792306
  25956
  16792307
  25956
  16792308
  25956
  16792309
  25956
  16792310
  25956
  16792311
  25956
  16792312
  25956
  16792313
  25956
  16792314
  25956
  16792315
  25956
  16792316
  25956
  16792317
  25956
  16792318
  25956
  16792319
  25956
  16792320
  54870
  16792321
  54870
  16792322
  54870
  16792323
  54870
  16792324
  54870
  16792325
  54870
  16792326
  54870
  16792327
  54870
  16792328
  54870
  16792329
  54870
  16792330
  54870
  16792331
  54870
  16792332
  54870
  16792333
  54870
  16792334
  54870
  16792335
  54870
  16792336
  54870
  16792337
  54870
  16792338
  54870
  16792339
  54870
  16792340
  54870
  16792341
  54870
  16792342
  54870
  16792343
  54870
  16792344
  54870
  16792345
  54870
  16792346
  54870
  16792347
  54870
  16792348
  54870
  16792349
  54870
  16792350
  54870
  16792351
  54870
  16792352
  54870
  16792353
  54870
  16792354
  54870
  16792355
  54870
  16792356
  54870
  16792357
  54870
  16792358
  54870
  16792359
  54870
  16792360
  54870
  16792361
  54870
  16792362
  54870
  16792363
  54870
  16792364
  54870
  16792365
  54870
  16792366
  54870
  16792367
  54870
  16792368
  54870
  16792369
  54870
  16792370
  54870
  16792371
  54870
  16792372
  54870
  16792373
  54870
  16792374
  54870
  16792375
  54870
  16792376
  54870
  16792377
  54870
  16792378
  54870
  16792379
  54870
  16792380
  54870
  16792381
  54870
  16792382
  54870
  16792383
  54870
  16792384
  54870
  16792385
  54870
  16792386
  54870
  16792387
  54870
  16792388
  54870
  16792389
  54870
  16792390
  54870
  16792391
  54870
  16792392
  54870
  16792393
  54870
  16792394
  54870
  16792395
  54870
  16792396
  54870
  16792397
  54870
  16792398
  54870
  16792399
  54870
  16792400
  54870
  16792401
  54870
  16792402
  54870
  16792403
  54870
  16792404
  54870
  16792405
  54870
  16792406
  54870
  16792407
  54870
  16792408
  54870
  16792409
  54870
  16792410
  54870
  16792411
  54870
  16792412
  54870
  16792413
  54870
  16792414
  54870
  16792415
  54870
  16792416
  54870
  16792417
  54870
  16792418
  54870
  16792419
  54870
  16792420
  54870
  16792421
  54870
  16792422
  54870
  16792423
  54870
  16792424
  54870
  16792425
  54870
  16792426
  54870
  16792427
  54870
  16792428
  54870
  16792429
  54870
  16792430
  54870
  16792431
  54870
  16792432
  54870
  16792433
  54870
  16792434
  54870
  16792435
  54870
  16792436
  54870
  16792437
  54870
  16792438
  54870
  16792439
  54870
  16792440
  54870
  16792441
  54870
  16792442
  54870
  16792443
  54870
  16792444
  54870
  16792445
  54870
  16792446
  54870
  16792447
  54870
  16792448
  54870
  16792449
  54870
  16792450
  54870
  16792451
  54870
  16792452
  54870
  16792453
  54870
  16792454
  54870
  16792455
  54870
  16792456
  54870
  16792457
  54870
  16792458
  54870
  16792459
  54870
  16792460
  54870
  16792461
  54870
  16792462
  54870
  16792463
  54870
  16792464
  54870
  16792465
  54870
  16792466
  54870
  16792467
  54870
  16792468
  54870
  16792469
  54870
  16792470
  54870
  16792471
  54870
  16792472
  54870
  16792473
  54870
  16792474
  54870
  16792475
  54870
  16792476
  54870
  16792477
  54870
  16792478
  54870
  16792479
  54870
  16792480
  54870
  16792481
  54870
  16792482
  54870
  16792483
  54870
  16792484
  54870
  16792485
  54870
  16792486
  54870
  16792487
  54870
  16792488
  54870
  16792489
  54870
  16792490
  54870
  16792491
  54870
  16792492
  54870
  16792493
  54870
  16792494
  54870
  16792495
  54870
  16792496
  54870
  16792497
  54870
  16792498
  54870
  16792499
  54870
  16792500
  54870
  16792501
  54870
  16792502
  54870
  16792503
  54870
  16792504
  54870
  16792505
  54870
  16792506
  54870
  16792507
  54870
  16792508
  54870
  16792509
  54870
  16792510
  54870
  16792511
  54870
  16792512
  54870
  16792513
  54870
  16792514
  54870
  16792515
  54870
  16792516
  54870
  16792517
  54870
  16792518
  54870
  16792519
  54870
  16792520
  54870
  16792521
  54870
  16792522
  54870
  16792523
  54870
  16792524
  54870
  16792525
  54870
  16792526
  54870
  16792527
  54870
  16792528
  54870
  16792529
  54870
  16792530
  54870
  16792531
  54870
  16792532
  54870
  16792533
  54870
  16792534
  54870
  16792535
  54870
  16792536
  54870
  16792537
  54870
  16792538
  54870
  16792539
  54870
  16792540
  54870
  16792541
  54870
  16792542
  54870
  16792543
  54870
  16792544
  54870
  16792545
  54870
  16792546
  54870
  16792547
  54870
  16792548
  54870
  16792549
  54870
  16792550
  54870
  16792551
  54870
  16792552
  54870
  16792553
  54870
  16792554
  54870
  16792555
  54870
  16792556
  54870
  16792557
  54870
  16792558
  54870
  16792559
  54870
  16792560
  54870
  16792561
  54870
  16792562
  54870
  16792563
  54870
  16792564
  54870
  16792565
  54870
  16792566
  54870
  16792567
  54870
  16792568
  54870
  16792569
  54870
  16792570
  54870
  16792571
  54870
  16792572
  54870
  16792573
  54870
  16792574
  54870
  16792575
  54870
  16792576
  28005
  16792577
  28005
  16792578
  28005
  16792579
  28005
  16792580
  28005
  16792581
  28005
  16792582
  28005
  16792583
  28005
  16792584
  28005
  16792585
  28005
  16792586
  28005
  16792587
  28005
  16792588
  28005
  16792589
  28005
  16792590
  28005
  16792591
  28005
  16792592
  28005
  16792593
  28005
  16792594
  28005
  16792595
  28005
  16792596
  28005
  16792597
  28005
  16792598
  28005
  16792599
  28005
  16792600
  28005
  16792601
  28005
  16792602
  28005
  16792603
  28005
  16792604
  28005
  16792605
  28005
  16792606
  28005
  16792607
  28005
  16792608
  28005
  16792609
  28005
  16792610
  28005
  16792611
  28005
  16792612
  28005
  16792613
  28005
  16792614
  28005
  16792615
  28005
  16792616
  28005
  16792617
  28005
  16792618
  28005
  16792619
  28005
  16792620
  28005
  16792621
  28005
  16792622
  28005
  16792623
  28005
  16792624
  28005
  16792625
  28005
  16792626
  28005
  16792627
  28005
  16792628
  28005
  16792629
  28005
  16792630
  28005
  16792631
  28005
  16792632
  28005
  16792633
  28005
  16792634
  28005
  16792635
  28005
  16792636
  28005
  16792637
  28005
  16792638
  28005
  16792639
  28005
  16792640
  28005
  16792641
  28005
  16792642
  28005
  16792643
  28005
  16792644
  28005
  16792645
  28005
  16792646
  28005
  16792647
  28005
  16792648
  28005
  16792649
  28005
  16792650
  28005
  16792651
  28005
  16792652
  28005
  16792653
  28005
  16792654
  28005
  16792655
  28005
  16792656
  28005
  16792657
  28005
  16792658
  28005
  16792659
  28005
  16792660
  28005
  16792661
  28005
  16792662
  28005
  16792663
  28005
  16792664
  28005
  16792665
  28005
  16792666
  28005
  16792667
  28005
  16792668
  28005
  16792669
  28005
  16792670
  28005
  16792671
  28005
  16792672
  28005
  16792673
  28005
  16792674
  28005
  16792675
  28005
  16792676
  28005
  16792677
  28005
  16792678
  28005
  16792679
  28005
  16792680
  28005
  16792681
  28005
  16792682
  28005
  16792683
  28005
  16792684
  28005
  16792685
  28005
  16792686
  28005
  16792687
  28005
  16792688
  28005
  16792689
  28005
  16792690
  28005
  16792691
  28005
  16792692
  28005
  16792693
  28005
  16792694
  28005
  16792695
  28005
  16792696
  28005
  16792697
  28005
  16792698
  28005
  16792699
  28005
  16792700
  28005
  16792701
  28005
  16792702
  28005
  16792703
  28005
  16792704
  28005
  16792705
  28005
  16792706
  28005
  16792707
  28005
  16792708
  28005
  16792709
  28005
  16792710
  28005
  16792711
  28005
  16792712
  28005
  16792713
  28005
  16792714
  28005
  16792715
  28005
  16792716
  28005
  16792717
  28005
  16792718
  28005
  16792719
  28005
  16792720
  28005
  16792721
  28005
  16792722
  28005
  16792723
  28005
  16792724
  28005
  16792725
  28005
  16792726
  28005
  16792727
  28005
  16792728
  28005
  16792729
  28005
  16792730
  28005
  16792731
  28005
  16792732
  28005
  16792733
  28005
  16792734
  28005
  16792735
  28005
  16792736
  28005
  16792737
  28005
  16792738
  28005
  16792739
  28005
  16792740
  28005
  16792741
  28005
  16792742
  28005
  16792743
  28005
  16792744
  28005
  16792745
  28005
  16792746
  28005
  16792747
  28005
  16792748
  28005
  16792749
  28005
  16792750
  28005
  16792751
  28005
  16792752
  28005
  16792753
  28005
  16792754
  28005
  16792755
  28005
  16792756
  28005
  16792757
  28005
  16792758
  28005
  16792759
  28005
  16792760
  28005
  16792761
  28005
  16792762
  28005
  16792763
  28005
  16792764
  28005
  16792765
  28005
  16792766
  28005
  16792767
  28005
  16792768
  28005
  16792769
  28005
  16792770
  28005
  16792771
  28005
  16792772
  28005
  16792773
  28005
  16792774
  28005
  16792775
  28005
  16792776
  28005
  16792777
  28005
  16792778
  28005
  16792779
  28005
  16792780
  28005
  16792781
  28005
  16792782
  28005
  16792783
  28005
  16792784
  28005
  16792785
  28005
  16792786
  28005
  16792787
  28005
  16792788
  28005
  16792789
  28005
  16792790
  28005
  16792791
  28005
  16792792
  28005
  16792793
  28005
  16792794
  28005
  16792795
  28005
  16792796
  28005
  16792797
  28005
  16792798
  28005
  16792799
  28005
  16792800
  28005
  16792801
  28005
  16792802
  28005
  16792803
  28005
  16792804
  28005
  16792805
  28005
  16792806
  28005
  16792807
  28005
  16792808
  28005
  16792809
  28005
  16792810
  28005
  16792811
  28005
  16792812
  28005
  16792813
  28005
  16792814
  28005
  16792815
  28005
  16792816
  28005
  16792817
  28005
  16792818
  28005
  16792819
  28005
  16792820
  28005
  16792821
  28005
  16792822
  28005
  16792823
  28005
  16792824
  28005
  16792825
  28005
  16792826
  28005
  16792827
  28005
  16792828
  28005
  16792829
  28005
  16792830
  28005
  16792831
  28005
  16792832
  59094
  16792833
  59094
  16792834
  59094
  16792835
  59094
  16792836
  59094
  16792837
  59094
  16792838
  59094
  16792839
  59094
  16792840
  59094
  16792841
  59094
  16792842
  59094
  16792843
  59094
  16792844
  59094
  16792845
  59094
  16792846
  59094
  16792847
  59094
  16792848
  59094
  16792849
  59094
  16792850
  59094
  16792851
  59094
  16792852
  59094
  16792853
  59094
  16792854
  59094
  16792855
  59094
  16792856
  59094
  16792857
  59094
  16792858
  59094
  16792859
  59094
  16792860
  59094
  16792861
  59094
  16792862
  59094
  16792863
  59094
  16792864
  59094
  16792865
  59094
  16792866
  59094
  16792867
  59094
  16792868
  59094
  16792869
  59094
  16792870
  59094
  16792871
  59094
  16792872
  59094
  16792873
  59094
  16792874
  59094
  16792875
  59094
  16792876
  59094
  16792877
  59094
  16792878
  59094
  16792879
  59094
  16792880
  59094
  16792881
  59094
  16792882
  59094
  16792883
  59094
  16792884
  59094
  16792885
  59094
  16792886
  59094
  16792887
  59094
  16792888
  59094
  16792889
  59094
  16792890
  59094
  16792891
  59094
  16792892
  59094
  16792893
  59094
  16792894
  59094
  16792895
  59094
  16792896
  59094
  16792897
  59094
  16792898
  59094
  16792899
  59094
  16792900
  59094
  16792901
  59094
  16792902
  59094
  16792903
  59094
  16792904
  59094
  16792905
  59094
  16792906
  59094
  16792907
  59094
  16792908
  59094
  16792909
  59094
  16792910
  59094
  16792911
  59094
  16792912
  59094
  16792913
  59094
  16792914
  59094
  16792915
  59094
  16792916
  59094
  16792917
  59094
  16792918
  59094
  16792919
  59094
  16792920
  59094
  16792921
  59094
  16792922
  59094
  16792923
  59094
  16792924
  59094
  16792925
  59094
  16792926
  59094
  16792927
  59094
  16792928
  59094
  16792929
  59094
  16792930
  59094
  16792931
  59094
  16792932
  59094
  16792933
  59094
  16792934
  59094
  16792935
  59094
  16792936
  59094
  16792937
  59094
  16792938
  59094
  16792939
  59094
  16792940
  59094
  16792941
  59094
  16792942
  59094
  16792943
  59094
  16792944
  59094
  16792945
  59094
  16792946
  59094
  16792947
  59094
  16792948
  59094
  16792949
  59094
  16792950
  59094
  16792951
  59094
  16792952
  59094
  16792953
  59094
  16792954
  59094
  16792955
  59094
  16792956
  59094
  16792957
  59094
  16792958
  59094
  16792959
  59094
  16792960
  59094
  16792961
  59094
  16792962
  59094
  16792963
  59094
  16792964
  59094
  16792965
  59094
  16792966
  59094
  16792967
  59094
  16792968
  59094
  16792969
  59094
  16792970
  59094
  16792971
  59094
  16792972
  59094
  16792973
  59094
  16792974
  59094
  16792975
  59094
  16792976
  59094
  16792977
  59094
  16792978
  59094
  16792979
  59094
  16792980
  59094
  16792981
  59094
  16792982
  59094
  16792983
  59094
  16792984
  59094
  16792985
  59094
  16792986
  59094
  16792987
  59094
  16792988
  59094
  16792989
  59094
  16792990
  59094
  16792991
  59094
  16792992
  59094
  16792993
  59094
  16792994
  59094
  16792995
  59094
  16792996
  59094
  16792997
  59094
  16792998
  59094
  16792999
  59094
  16793000
  59094
  16793001
  59094
  16793002
  59094
  16793003
  59094
  16793004
  59094
  16793005
  59094
  16793006
  59094
  16793007
  59094
  16793008
  59094
  16793009
  59094
  16793010
  59094
  16793011
  59094
  16793012
  59094
  16793013
  59094
  16793014
  59094
  16793015
  59094
  16793016
  59094
  16793017
  59094
  16793018
  59094
  16793019
  59094
  16793020
  59094
  16793021
  59094
  16793022
  59094
  16793023
  59094
  16793024
  59094
  16793025
  59094
  16793026
  59094
  16793027
  59094
  16793028
  59094
  16793029
  59094
  16793030
  59094
  16793031
  59094
  16793032
  59094
  16793033
  59094
  16793034
  59094
  16793035
  59094
  16793036
  59094
  16793037
  59094
  16793038
  59094
  16793039
  59094
  16793040
  59094
  16793041
  59094
  16793042
  59094
  16793043
  59094
  16793044
  59094
  16793045
  59094
  16793046
  59094
  16793047
  59094
  16793048
  59094
  16793049
  59094
  16793050
  59094
  16793051
  59094
  16793052
  59094
  16793053
  59094
  16793054
  59094
  16793055
  59094
  16793056
  59094
  16793057
  59094
  16793058
  59094
  16793059
  59094
  16793060
  59094
  16793061
  59094
  16793062
  59094
  16793063
  59094
  16793064
  59094
  16793065
  59094
  16793066
  59094
  16793067
  59094
  16793068
  59094
  16793069
  59094
  16793070
  59094
  16793071
  59094
  16793072
  59094
  16793073
  59094
  16793074
  59094
  16793075
  59094
  16793076
  59094
  16793077
  59094
  16793078
  59094
  16793079
  59094
  16793080
  59094
  16793081
  59094
  16793082
  59094
  16793083
  59094
  16793084
  59094
  16793085
  59094
  16793086
  59094
  16793087
  59094
  16793088
  61037
  16793089
  61037
  16793090
  61037
  16793091
  61037
  16793092
  61037
  16793093
  61037
  16793094
  61037
  16793095
  61037
  16793096
  61037
  16793097
  61037
  16793098
  61037
  16793099
  61037
  16793100
  61037
  16793101
  61037
  16793102
  61037
  16793103
  61037
  16793104
  61037
  16793105
  61037
  16793106
  61037
  16793107
  61037
  16793108
  61037
  16793109
  61037
  16793110
  61037
  16793111
  61037
  16793112
  61037
  16793113
  61037
  16793114
  61037
  16793115
  61037
  16793116
  61037
  16793117
  61037
  16793118
  61037
  16793119
  61037
  16793120
  61037
  16793121
  61037
  16793122
  61037
  16793123
  61037
  16793124
  61037
  16793125
  61037
  16793126
  61037
  16793127
  61037
  16793128
  61037
  16793129
  61037
  16793130
  61037
  16793131
  61037
  16793132
  61037
  16793133
  61037
  16793134
  61037
  16793135
  61037
  16793136
  61037
  16793137
  61037
  16793138
  61037
  16793139
  61037
  16793140
  61037
  16793141
  61037
  16793142
  61037
  16793143
  61037
  16793144
  61037
  16793145
  61037
  16793146
  61037
  16793147
  61037
  16793148
  61037
  16793149
  61037
  16793150
  61037
  16793151
  61037
  16793152
  61037
  16793153
  61037
  16793154
  61037
  16793155
  61037
  16793156
  61037
  16793157
  61037
  16793158
  61037
  16793159
  61037
  16793160
  61037
  16793161
  61037
  16793162
  61037
  16793163
  61037
  16793164
  61037
  16793165
  61037
  16793166
  61037
  16793167
  61037
  16793168
  61037
  16793169
  61037
  16793170
  61037
  16793171
  61037
  16793172
  61037
  16793173
  61037
  16793174
  61037
  16793175
  61037
  16793176
  61037
  16793177
  61037
  16793178
  61037
  16793179
  61037
  16793180
  61037
  16793181
  61037
  16793182
  61037
  16793183
  61037
  16793184
  61037
  16793185
  61037
  16793186
  61037
  16793187
  61037
  16793188
  61037
  16793189
  61037
  16793190
  61037
  16793191
  61037
  16793192
  61037
  16793193
  61037
  16793194
  61037
  16793195
  61037
  16793196
  61037
  16793197
  61037
  16793198
  61037
  16793199
  61037
  16793200
  61037
  16793201
  61037
  16793202
  61037
  16793203
  61037
  16793204
  61037
  16793205
  61037
  16793206
  61037
  16793207
  61037
  16793208
  61037
  16793209
  61037
  16793210
  61037
  16793211
  61037
  16793212
  61037
  16793213
  61037
  16793214
  61037
  16793215
  61037
  16793216
  61037
  16793217
  61037
  16793218
  61037
  16793219
  61037
  16793220
  61037
  16793221
  61037
  16793222
  61037
  16793223
  61037
  16793224
  61037
  16793225
  61037
  16793226
  61037
  16793227
  61037
  16793228
  61037
  16793229
  61037
  16793230
  61037
  16793231
  61037
  16793232
  61037
  16793233
  61037
  16793234
  61037
  16793235
  61037
  16793236
  61037
  16793237
  61037
  16793238
  61037
  16793239
  61037
  16793240
  61037
  16793241
  61037
  16793242
  61037
  16793243
  61037
  16793244
  61037
  16793245
  61037
  16793246
  61037
  16793247
  61037
  16793248
  61037
  16793249
  61037
  16793250
  61037
  16793251
  61037
  16793252
  61037
  16793253
  61037
  16793254
  61037
  16793255
  61037
  16793256
  61037
  16793257
  61037
  16793258
  61037
  16793259
  61037
  16793260
  61037
  16793261
  61037
  16793262
  61037
  16793263
  61037
  16793264
  61037
  16793265
  61037
  16793266
  61037
  16793267
  61037
  16793268
  61037
  16793269
  61037
  16793270
  61037
  16793271
  61037
  16793272
  61037
  16793273
  61037
  16793274
  61037
  16793275
  61037
  16793276
  61037
  16793277
  61037
  16793278
  61037
  16793279
  61037
  16793280
  61037
  16793281
  61037
  16793282
  61037
  16793283
  61037
  16793284
  61037
  16793285
  61037
  16793286
  61037
  16793287
  61037
  16793288
  61037
  16793289
  61037
  16793290
  61037
  16793291
  61037
  16793292
  61037
  16793293
  61037
  16793294
  61037
  16793295
  61037
  16793296
  61037
  16793297
  61037
  16793298
  61037
  16793299
  61037
  16793300
  61037
  16793301
  61037
  16793302
  61037
  16793303
  61037
  16793304
  61037
  16793305
  61037
  16793306
  61037
  16793307
  61037
  16793308
  61037
  16793309
  61037
  16793310
  61037
  16793311
  61037
  16793312
  61037
  16793313
  61037
  16793314
  61037
  16793315
  61037
  16793316
  61037
  16793317
  61037
  16793318
  61037
  16793319
  61037
  16793320
  61037
  16793321
  61037
  16793322
  61037
  16793323
  61037
  16793324
  61037
  16793325
  61037
  16793326
  61037
  16793327
  61037
  16793328
  61037
  16793329
  61037
  16793330
  61037
  16793331
  61037
  16793332
  61037
  16793333
  61037
  16793334
  61037
  16793335
  61037
  16793336
  61037
  16793337
  61037
  16793338
  61037
  16793339
  61037
  16793340
  61037
  16793341
  61037
  16793342
  61037
  16793343
  61037
  16793344
  3814
  16793345
  3814
  16793346
  3814
  16793347
  3814
  16793348
  3814
  16793349
  3814
  16793350
  3814
  16793351
  3814
  16793352
  3814
  16793353
  3814
  16793354
  3814
  16793355
  3814
  16793356
  3814
  16793357
  3814
  16793358
  3814
  16793359
  3814
  16793360
  3814
  16793361
  3814
  16793362
  3814
  16793363
  3814
  16793364
  3814
  16793365
  3814
  16793366
  3814
  16793367
  3814
  16793368
  3814
  16793369
  3814
  16793370
  3814
  16793371
  3814
  16793372
  3814
  16793373
  3814
  16793374
  3814
  16793375
  3814
  16793376
  3814
  16793377
  3814
  16793378
  3814
  16793379
  3814
  16793380
  3814
  16793381
  3814
  16793382
  3814
  16793383
  3814
  16793384
  3814
  16793385
  3814
  16793386
  3814
  16793387
  3814
  16793388
  3814
  16793389
  3814
  16793390
  3814
  16793391
  3814
  16793392
  3814
  16793393
  3814
  16793394
  3814
  16793395
  3814
  16793396
  3814
  16793397
  3814
  16793398
  3814
  16793399
  3814
  16793400
  3814
  16793401
  3814
  16793402
  3814
  16793403
  3814
  16793404
  3814
  16793405
  3814
  16793406
  3814
  16793407
  3814
  16793408
  3814
  16793409
  3814
  16793410
  3814
  16793411
  3814
  16793412
  3814
  16793413
  3814
  16793414
  3814
  16793415
  3814
  16793416
  3814
  16793417
  3814
  16793418
  3814
  16793419
  3814
  16793420
  3814
  16793421
  3814
  16793422
  3814
  16793423
  3814
  16793424
  3814
  16793425
  3814
  16793426
  3814
  16793427
  3814
  16793428
  3814
  16793429
  3814
  16793430
  3814
  16793431
  3814
  16793432
  3814
  16793433
  3814
  16793434
  3814
  16793435
  3814
  16793436
  3814
  16793437
  3814
  16793438
  3814
  16793439
  3814
  16793440
  3814
  16793441
  3814
  16793442
  3814
  16793443
  3814
  16793444
  3814
  16793445
  3814
  16793446
  3814
  16793447
  3814
  16793448
  3814
  16793449
  3814
  16793450
  3814
  16793451
  3814
  16793452
  3814
  16793453
  3814
  16793454
  3814
  16793455
  3814
  16793456
  3814
  16793457
  3814
  16793458
  3814
  16793459
  3814
  16793460
  3814
  16793461
  3814
  16793462
  3814
  16793463
  3814
  16793464
  3814
  16793465
  3814
  16793466
  3814
  16793467
  3814
  16793468
  3814
  16793469
  3814
  16793470
  3814
  16793471
  3814
  16793472
  3814
  16793473
  3814
  16793474
  3814
  16793475
  3814
  16793476
  3814
  16793477
  3814
  16793478
  3814
  16793479
  3814
  16793480
  3814
  16793481
  3814
  16793482
  3814
  16793483
  3814
  16793484
  3814
  16793485
  3814
  16793486
  3814
  16793487
  3814
  16793488
  3814
  16793489
  3814
  16793490
  3814
  16793491
  3814
  16793492
  3814
  16793493
  3814
  16793494
  3814
  16793495
  3814
  16793496
  3814
  16793497
  3814
  16793498
  3814
  16793499
  3814
  16793500
  3814
  16793501
  3814
  16793502
  3814
  16793503
  3814
  16793504
  3814
  16793505
  3814
  16793506
  3814
  16793507
  3814
  16793508
  3814
  16793509
  3814
  16793510
  3814
  16793511
  3814
  16793512
  3814
  16793513
  3814
  16793514
  3814
  16793515
  3814
  16793516
  3814
  16793517
  3814
  16793518
  3814
  16793519
  3814
  16793520
  3814
  16793521
  3814
  16793522
  3814
  16793523
  3814
  16793524
  3814
  16793525
  3814
  16793526
  3814
  16793527
  3814
  16793528
  3814
  16793529
  3814
  16793530
  3814
  16793531
  3814
  16793532
  3814
  16793533
  3814
  16793534
  3814
  16793535
  3814
  16793536
  3814
  16793537
  3814
  16793538
  3814
  16793539
  3814
  16793540
  3814
  16793541
  3814
  16793542
  3814
  16793543
  3814
  16793544
  3814
  16793545
  3814
  16793546
  3814
  16793547
  3814
  16793548
  3814
  16793549
  3814
  16793550
  3814
  16793551
  3814
  16793552
  3814
  16793553
  3814
  16793554
  3814
  16793555
  3814
  16793556
  3814
  16793557
  3814
  16793558
  3814
  16793559
  3814
  16793560
  3814
  16793561
  3814
  16793562
  3814
  16793563
  3814
  16793564
  3814
  16793565
  3814
  16793566
  3814
  16793567
  3814
  16793568
  3814
  16793569
  3814
  16793570
  3814
  16793571
  3814
  16793572
  3814
  16793573
  3814
  16793574
  3814
  16793575
  3814
  16793576
  3814
  16793577
  3814
  16793578
  3814
  16793579
  3814
  16793580
  3814
  16793581
  3814
  16793582
  3814
  16793583
  3814
  16793584
  3814
  16793585
  3814
  16793586
  3814
  16793587
  3814
  16793588
  3814
  16793589
  3814
  16793590
  3814
  16793591
  3814
  16793592
  3814
  16793593
  3814
  16793594
  3814
  16793595
  3814
  16793596
  3814
  16793597
  3814
  16793598
  3814
  16793599
  3814
  16793600
  17901
  16793601
  17901
  16793602
  17901
  16793603
  17901
  16793604
  17901
  16793605
  17901
  16793606
  17901
  16793607
  17901
  16793608
  17901
  16793609
  17901
  16793610
  17901
  16793611
  17901
  16793612
  17901
  16793613
  17901
  16793614
  17901
  16793615
  17901
  16793616
  17901
  16793617
  17901
  16793618
  17901
  16793619
  17901
  16793620
  17901
  16793621
  17901
  16793622
  17901
  16793623
  17901
  16793624
  17901
  16793625
  17901
  16793626
  17901
  16793627
  17901
  16793628
  17901
  16793629
  17901
  16793630
  17901
  16793631
  17901
  16793632
  17901
  16793633
  17901
  16793634
  17901
  16793635
  17901
  16793636
  17901
  16793637
  17901
  16793638
  17901
  16793639
  17901
  16793640
  17901
  16793641
  17901
  16793642
  17901
  16793643
  17901
  16793644
  17901
  16793645
  17901
  16793646
  17901
  16793647
  17901
  16793648
  17901
  16793649
  17901
  16793650
  17901
  16793651
  17901
  16793652
  17901
  16793653
  17901
  16793654
  17901
  16793655
  17901
  16793656
  17901
  16793657
  17901
  16793658
  17901
  16793659
  17901
  16793660
  17901
  16793661
  17901
  16793662
  17901
  16793663
  17901
  16793664
  17901
  16793665
  17901
  16793666
  17901
  16793667
  17901
  16793668
  17901
  16793669
  17901
  16793670
  17901
  16793671
  17901
  16793672
  17901
  16793673
  17901
  16793674
  17901
  16793675
  17901
  16793676
  17901
  16793677
  17901
  16793678
  17901
  16793679
  17901
  16793680
  17901
  16793681
  17901
  16793682
  17901
  16793683
  17901
  16793684
  17901
  16793685
  17901
  16793686
  17901
  16793687
  17901
  16793688
  17901
  16793689
  17901
  16793690
  17901
  16793691
  17901
  16793692
  17901
  16793693
  17901
  16793694
  17901
  16793695
  17901
  16793696
  17901
  16793697
  17901
  16793698
  17901
  16793699
  17901
  16793700
  17901
  16793701
  17901
  16793702
  17901
  16793703
  17901
  16793704
  17901
  16793705
  17901
  16793706
  17901
  16793707
  17901
  16793708
  17901
  16793709
  17901
  16793710
  17901
  16793711
  17901
  16793712
  17901
  16793713
  17901
  16793714
  17901
  16793715
  17901
  16793716
  17901
  16793717
  17901
  16793718
  17901
  16793719
  17901
  16793720
  17901
  16793721
  17901
  16793722
  17901
  16793723
  17901
  16793724
  17901
  16793725
  17901
  16793726
  17901
  16793727
  17901
  16793728
  17901
  16793729
  17901
  16793730
  17901
  16793731
  17901
  16793732
  17901
  16793733
  17901
  16793734
  17901
  16793735
  17901
  16793736
  17901
  16793737
  17901
  16793738
  17901
  16793739
  17901
  16793740
  17901
  16793741
  17901
  16793742
  17901
  16793743
  17901
  16793744
  17901
  16793745
  17901
  16793746
  17901
  16793747
  17901
  16793748
  17901
  16793749
  17901
  16793750
  17901
  16793751
  17901
  16793752
  17901
  16793753
  17901
  16793754
  17901
  16793755
  17901
  16793756
  17901
  16793757
  17901
  16793758
  17901
  16793759
  17901
  16793760
  17901
  16793761
  17901
  16793762
  17901
  16793763
  17901
  16793764
  17901
  16793765
  17901
  16793766
  17901
  16793767
  17901
  16793768
  17901
  16793769
  17901
  16793770
  17901
  16793771
  17901
  16793772
  17901
  16793773
  17901
  16793774
  17901
  16793775
  17901
  16793776
  17901
  16793777
  17901
  16793778
  17901
  16793779
  17901
  16793780
  17901
  16793781
  17901
  16793782
  17901
  16793783
  17901
  16793784
  17901
  16793785
  17901
  16793786
  17901
  16793787
  17901
  16793788
  17901
  16793789
  17901
  16793790
  17901
  16793791
  17901
  16793792
  17901
  16793793
  17901
  16793794
  17901
  16793795
  17901
  16793796
  17901
  16793797
  17901
  16793798
  17901
  16793799
  17901
  16793800
  17901
  16793801
  17901
  16793802
  17901
  16793803
  17901
  16793804
  17901
  16793805
  17901
  16793806
  17901
  16793807
  17901
  16793808
  17901
  16793809
  17901
  16793810
  17901
  16793811
  17901
  16793812
  17901
  16793813
  17901
  16793814
  17901
  16793815
  17901
  16793816
  17901
  16793817
  17901
  16793818
  17901
  16793819
  17901
  16793820
  17901
  16793821
  17901
  16793822
  17901
  16793823
  17901
  16793824
  17901
  16793825
  17901
  16793826
  17901
  16793827
  17901
  16793828
  17901
  16793829
  17901
  16793830
  17901
  16793831
  17901
  16793832
  17901
  16793833
  17901
  16793834
  17901
  16793835
  17901
  16793836
  17901
  16793837
  17901
  16793838
  17901
  16793839
  17901
  16793840
  17901
  16793841
  17901
  16793842
  17901
  16793843
  17901
  16793844
  17901
  16793845
  17901
  16793846
  17901
  16793847
  17901
  16793848
  17901
  16793849
  17901
  16793850
  17901
  16793851
  17901
  16793852
  17901
  16793853
  17901
  16793854
  17901
  16793855
  17901
  16793856
  42078
  16793857
  42078
  16793858
  42078
  16793859
  42078
  16793860
  42078
  16793861
  42078
  16793862
  42078
  16793863
  42078
  16793864
  42078
  16793865
  42078
  16793866
  42078
  16793867
  42078
  16793868
  42078
  16793869
  42078
  16793870
  42078
  16793871
  42078
  16793872
  42078
  16793873
  42078
  16793874
  42078
  16793875
  42078
  16793876
  42078
  16793877
  42078
  16793878
  42078
  16793879
  42078
  16793880
  42078
  16793881
  42078
  16793882
  42078
  16793883
  42078
  16793884
  42078
  16793885
  42078
  16793886
  42078
  16793887
  42078
  16793888
  42078
  16793889
  42078
  16793890
  42078
  16793891
  42078
  16793892
  42078
  16793893
  42078
  16793894
  42078
  16793895
  42078
  16793896
  42078
  16793897
  42078
  16793898
  42078
  16793899
  42078
  16793900
  42078
  16793901
  42078
  16793902
  42078
  16793903
  42078
  16793904
  42078
  16793905
  42078
  16793906
  42078
  16793907
  42078
  16793908
  42078
  16793909
  42078
  16793910
  42078
  16793911
  42078
  16793912
  42078
  16793913
  42078
  16793914
  42078
  16793915
  42078
  16793916
  42078
  16793917
  42078
  16793918
  42078
  16793919
  42078
  16793920
  42078
  16793921
  42078
  16793922
  42078
  16793923
  42078
  16793924
  42078
  16793925
  42078
  16793926
  42078
  16793927
  42078
  16793928
  42078
  16793929
  42078
  16793930
  42078
  16793931
  42078
  16793932
  42078
  16793933
  42078
  16793934
  42078
  16793935
  42078
  16793936
  42078
  16793937
  42078
  16793938
  42078
  16793939
  42078
  16793940
  42078
  16793941
  42078
  16793942
  42078
  16793943
  42078
  16793944
  42078
  16793945
  42078
  16793946
  42078
  16793947
  42078
  16793948
  42078
  16793949
  42078
  16793950
  42078
  16793951
  42078
  16793952
  42078
  16793953
  42078
  16793954
  42078
  16793955
  42078
  16793956
  42078
  16793957
  42078
  16793958
  42078
  16793959
  42078
  16793960
  42078
  16793961
  42078
  16793962
  42078
  16793963
  42078
  16793964
  42078
  16793965
  42078
  16793966
  42078
  16793967
  42078
  16793968
  42078
  16793969
  42078
  16793970
  42078
  16793971
  42078
  16793972
  42078
  16793973
  42078
  16793974
  42078
  16793975
  42078
  16793976
  42078
  16793977
  42078
  16793978
  42078
  16793979
  42078
  16793980
  42078
  16793981
  42078
  16793982
  42078
  16793983
  42078
  16793984
  42078
  16793985
  42078
  16793986
  42078
  16793987
  42078
  16793988
  42078
  16793989
  42078
  16793990
  42078
  16793991
  42078
  16793992
  42078
  16793993
  42078
  16793994
  42078
  16793995
  42078
  16793996
  42078
  16793997
  42078
  16793998
  42078
  16793999
  42078
  16794000
  42078
  16794001
  42078
  16794002
  42078
  16794003
  42078
  16794004
  42078
  16794005
  42078
  16794006
  42078
  16794007
  42078
  16794008
  42078
  16794009
  42078
  16794010
  42078
  16794011
  42078
  16794012
  42078
  16794013
  42078
  16794014
  42078
  16794015
  42078
  16794016
  42078
  16794017
  42078
  16794018
  42078
  16794019
  42078
  16794020
  42078
  16794021
  42078
  16794022
  42078
  16794023
  42078
  16794024
  42078
  16794025
  42078
  16794026
  42078
  16794027
  42078
  16794028
  42078
  16794029
  42078
  16794030
  42078
  16794031
  42078
  16794032
  42078
  16794033
  42078
  16794034
  42078
  16794035
  42078
  16794036
  42078
  16794037
  42078
  16794038
  42078
  16794039
  42078
  16794040
  42078
  16794041
  42078
  16794042
  42078
  16794043
  42078
  16794044
  42078
  16794045
  42078
  16794046
  42078
  16794047
  42078
  16794048
  42078
  16794049
  42078
  16794050
  42078
  16794051
  42078
  16794052
  42078
  16794053
  42078
  16794054
  42078
  16794055
  42078
  16794056
  42078
  16794057
  42078
  16794058
  42078
  16794059
  42078
  16794060
  42078
  16794061
  42078
  16794062
  42078
  16794063
  42078
  16794064
  42078
  16794065
  42078
  16794066
  42078
  16794067
  42078
  16794068
  42078
  16794069
  42078
  16794070
  42078
  16794071
  42078
  16794072
  42078
  16794073
  42078
  16794074
  42078
  16794075
  42078
  16794076
  42078
  16794077
  42078
  16794078
  42078
  16794079
  42078
  16794080
  42078
  16794081
  42078
  16794082
  42078
  16794083
  42078
  16794084
  42078
  16794085
  42078
  16794086
  42078
  16794087
  42078
  16794088
  42078
  16794089
  42078
  16794090
  42078
  16794091
  42078
  16794092
  42078
  16794093
  42078
  16794094
  42078
  16794095
  42078
  16794096
  42078
  16794097
  42078
  16794098
  42078
  16794099
  42078
  16794100
  42078
  16794101
  42078
  16794102
  42078
  16794103
  42078
  16794104
  42078
  16794105
  42078
  16794106
  42078
  16794107
  42078
  16794108
  42078
  16794109
  42078
  16794110
  42078
  16794111
  42078
  16794112
  2629
  16794113
  2629
  16794114
  2629
  16794115
  2629
  16794116
  2629
  16794117
  2629
  16794118
  2629
  16794119
  2629
  16794120
  2629
  16794121
  2629
  16794122
  2629
  16794123
  2629
  16794124
  2629
  16794125
  2629
  16794126
  2629
  16794127
  2629
  16794128
  2629
  16794129
  2629
  16794130
  2629
  16794131
  2629
  16794132
  2629
  16794133
  2629
  16794134
  2629
  16794135
  2629
  16794136
  2629
  16794137
  2629
  16794138
  2629
  16794139
  2629
  16794140
  2629
  16794141
  2629
  16794142
  2629
  16794143
  2629
  16794144
  2629
  16794145
  2629
  16794146
  2629
  16794147
  2629
  16794148
  2629
  16794149
  2629
  16794150
  2629
  16794151
  2629
  16794152
  2629
  16794153
  2629
  16794154
  2629
  16794155
  2629
  16794156
  2629
  16794157
  2629
  16794158
  2629
  16794159
  2629
  16794160
  2629
  16794161
  2629
  16794162
  2629
  16794163
  2629
  16794164
  2629
  16794165
  2629
  16794166
  2629
  16794167
  2629
  16794168
  2629
  16794169
  2629
  16794170
  2629
  16794171
  2629
  16794172
  2629
  16794173
  2629
  16794174
  2629
  16794175
  2629
  16794176
  2629
  16794177
  2629
  16794178
  2629
  16794179
  2629
  16794180
  2629
  16794181
  2629
  16794182
  2629
  16794183
  2629
  16794184
  2629
  16794185
  2629
  16794186
  2629
  16794187
  2629
  16794188
  2629
  16794189
  2629
  16794190
  2629
  16794191
  2629
  16794192
  2629
  16794193
  2629
  16794194
  2629
  16794195
  2629
  16794196
  2629
  16794197
  2629
  16794198
  2629
  16794199
  2629
  16794200
  2629
  16794201
  2629
  16794202
  2629
  16794203
  2629
  16794204
  2629
  16794205
  2629
  16794206
  2629
  16794207
  2629
  16794208
  2629
  16794209
  2629
  16794210
  2629
  16794211
  2629
  16794212
  2629
  16794213
  2629
  16794214
  2629
  16794215
  2629
  16794216
  2629
  16794217
  2629
  16794218
  2629
  16794219
  2629
  16794220
  2629
  16794221
  2629
  16794222
  2629
  16794223
  2629
  16794224
  2629
  16794225
  2629
  16794226
  2629
  16794227
  2629
  16794228
  2629
  16794229
  2629
  16794230
  2629
  16794231
  2629
  16794232
  2629
  16794233
  2629
  16794234
  2629
  16794235
  2629
  16794236
  2629
  16794237
  2629
  16794238
  2629
  16794239
  2629
  16794240
  2629
  16794241
  2629
  16794242
  2629
  16794243
  2629
  16794244
  2629
  16794245
  2629
  16794246
  2629
  16794247
  2629
  16794248
  2629
  16794249
  2629
  16794250
  2629
  16794251
  2629
  16794252
  2629
  16794253
  2629
  16794254
  2629
  16794255
  2629
  16794256
  2629
  16794257
  2629
  16794258
  2629
  16794259
  2629
  16794260
  2629
  16794261
  2629
  16794262
  2629
  16794263
  2629
  16794264
  2629
  16794265
  2629
  16794266
  2629
  16794267
  2629
  16794268
  2629
  16794269
  2629
  16794270
  2629
  16794271
  2629
  16794272
  2629
  16794273
  2629
  16794274
  2629
  16794275
  2629
  16794276
  2629
  16794277
  2629
  16794278
  2629
  16794279
  2629
  16794280
  2629
  16794281
  2629
  16794282
  2629
  16794283
  2629
  16794284
  2629
  16794285
  2629
  16794286
  2629
  16794287
  2629
  16794288
  2629
  16794289
  2629
  16794290
  2629
  16794291
  2629
  16794292
  2629
  16794293
  2629
  16794294
  2629
  16794295
  2629
  16794296
  2629
  16794297
  2629
  16794298
  2629
  16794299
  2629
  16794300
  2629
  16794301
  2629
  16794302
  2629
  16794303
  2629
  16794304
  2629
  16794305
  2629
  16794306
  2629
  16794307
  2629
  16794308
  2629
  16794309
  2629
  16794310
  2629
  16794311
  2629
  16794312
  2629
  16794313
  2629
  16794314
  2629
  16794315
  2629
  16794316
  2629
  16794317
  2629
  16794318
  2629
  16794319
  2629
  16794320
  2629
  16794321
  2629
  16794322
  2629
  16794323
  2629
  16794324
  2629
  16794325
  2629
  16794326
  2629
  16794327
  2629
  16794328
  2629
  16794329
  2629
  16794330
  2629
  16794331
  2629
  16794332
  2629
  16794333
  2629
  16794334
  2629
  16794335
  2629
  16794336
  2629
  16794337
  2629
  16794338
  2629
  16794339
  2629
  16794340
  2629
  16794341
  2629
  16794342
  2629
  16794343
  2629
  16794344
  2629
  16794345
  2629
  16794346
  2629
  16794347
  2629
  16794348
  2629
  16794349
  2629
  16794350
  2629
  16794351
  2629
  16794352
  2629
  16794353
  2629
  16794354
  2629
  16794355
  2629
  16794356
  2629
  16794357
  2629
  16794358
  2629
  16794359
  2629
  16794360
  2629
  16794361
  2629
  16794362
  2629
  16794363
  2629
  16794364
  2629
  16794365
  2629
  16794366
  2629
  16794367
  2629
  16794368
  53412
  16794369
  53412
  16794370
  53412
  16794371
  53412
  16794372
  53412
  16794373
  53412
  16794374
  53412
  16794375
  53412
  16794376
  53412
  16794377
  53412
  16794378
  53412
  16794379
  53412
  16794380
  53412
  16794381
  53412
  16794382
  53412
  16794383
  53412
  16794384
  53412
  16794385
  53412
  16794386
  53412
  16794387
  53412
  16794388
  53412
  16794389
  53412
  16794390
  53412
  16794391
  53412
  16794392
  53412
  16794393
  53412
  16794394
  53412
  16794395
  53412
  16794396
  53412
  16794397
  53412
  16794398
  53412
  16794399
  53412
  16794400
  53412
  16794401
  53412
  16794402
  53412
  16794403
  53412
  16794404
  53412
  16794405
  53412
  16794406
  53412
  16794407
  53412
  16794408
  53412
  16794409
  53412
  16794410
  53412
  16794411
  53412
  16794412
  53412
  16794413
  53412
  16794414
  53412
  16794415
  53412
  16794416
  53412
  16794417
  53412
  16794418
  53412
  16794419
  53412
  16794420
  53412
  16794421
  53412
  16794422
  53412
  16794423
  53412
  16794424
  53412
  16794425
  53412
  16794426
  53412
  16794427
  53412
  16794428
  53412
  16794429
  53412
  16794430
  53412
  16794431
  53412
  16794432
  53412
  16794433
  53412
  16794434
  53412
  16794435
  53412
  16794436
  53412
  16794437
  53412
  16794438
  53412
  16794439
  53412
  16794440
  53412
  16794441
  53412
  16794442
  53412
  16794443
  53412
  16794444
  53412
  16794445
  53412
  16794446
  53412
  16794447
  53412
  16794448
  53412
  16794449
  53412
  16794450
  53412
  16794451
  53412
  16794452
  53412
  16794453
  53412
  16794454
  53412
  16794455
  53412
  16794456
  53412
  16794457
  53412
  16794458
  53412
  16794459
  53412
  16794460
  53412
  16794461
  53412
  16794462
  53412
  16794463
  53412
  16794464
  53412
  16794465
  53412
  16794466
  53412
  16794467
  53412
  16794468
  53412
  16794469
  53412
  16794470
  53412
  16794471
  53412
  16794472
  53412
  16794473
  53412
  16794474
  53412
  16794475
  53412
  16794476
  53412
  16794477
  53412
  16794478
  53412
  16794479
  53412
  16794480
  53412
  16794481
  53412
  16794482
  53412
  16794483
  53412
  16794484
  53412
  16794485
  53412
  16794486
  53412
  16794487
  53412
  16794488
  53412
  16794489
  53412
  16794490
  53412
  16794491
  53412
  16794492
  53412
  16794493
  53412
  16794494
  53412
  16794495
  53412
  16794496
  53412
  16794497
  53412
  16794498
  53412
  16794499
  53412
  16794500
  53412
  16794501
  53412
  16794502
  53412
  16794503
  53412
  16794504
  53412
  16794505
  53412
  16794506
  53412
  16794507
  53412
  16794508
  53412
  16794509
  53412
  16794510
  53412
  16794511
  53412
  16794512
  53412
  16794513
  53412
  16794514
  53412
  16794515
  53412
  16794516
  53412
  16794517
  53412
  16794518
  53412
  16794519
  53412
  16794520
  53412
  16794521
  53412
  16794522
  53412
  16794523
  53412
  16794524
  53412
  16794525
  53412
  16794526
  53412
  16794527
  53412
  16794528
  53412
  16794529
  53412
  16794530
  53412
  16794531
  53412
  16794532
  53412
  16794533
  53412
  16794534
  53412
  16794535
  53412
  16794536
  53412
  16794537
  53412
  16794538
  53412
  16794539
  53412
  16794540
  53412
  16794541
  53412
  16794542
  53412
  16794543
  53412
  16794544
  53412
  16794545
  53412
  16794546
  53412
  16794547
  53412
  16794548
  53412
  16794549
  53412
  16794550
  53412
  16794551
  53412
  16794552
  53412
  16794553
  53412
  16794554
  53412
  16794555
  53412
  16794556
  53412
  16794557
  53412
  16794558
  53412
  16794559
  53412
  16794560
  53412
  16794561
  53412
  16794562
  53412
  16794563
  53412
  16794564
  53412
  16794565
  53412
  16794566
  53412
  16794567
  53412
  16794568
  53412
  16794569
  53412
  16794570
  53412
  16794571
  53412
  16794572
  53412
  16794573
  53412
  16794574
  53412
  16794575
  53412
  16794576
  53412
  16794577
  53412
  16794578
  53412
  16794579
  53412
  16794580
  53412
  16794581
  53412
  16794582
  53412
  16794583
  53412
  16794584
  53412
  16794585
  53412
  16794586
  53412
  16794587
  53412
  16794588
  53412
  16794589
  53412
  16794590
  53412
  16794591
  53412
  16794592
  53412
  16794593
  53412
  16794594
  53412
  16794595
  53412
  16794596
  53412
  16794597
  53412
  16794598
  53412
  16794599
  53412
  16794600
  53412
  16794601
  53412
  16794602
  53412
  16794603
  53412
  16794604
  53412
  16794605
  53412
  16794606
  53412
  16794607
  53412
  16794608
  53412
  16794609
  53412
  16794610
  53412
  16794611
  53412
  16794612
  53412
  16794613
  53412
  16794614
  53412
  16794615
  53412
  16794616
  53412
  16794617
  53412
  16794618
  53412
  16794619
  53412
  16794620
  53412
  16794621
  53412
  16794622
  53412
  16794623
  53412
  16794624
  11530
  16794625
  11530
  16794626
  11530
  16794627
  11530
  16794628
  11530
  16794629
  11530
  16794630
  11530
  16794631
  11530
  16794632
  11530
  16794633
  11530
  16794634
  11530
  16794635
  11530
  16794636
  11530
  16794637
  11530
  16794638
  11530
  16794639
  11530
  16794640
  11530
  16794641
  11530
  16794642
  11530
  16794643
  11530
  16794644
  11530
  16794645
  11530
  16794646
  11530
  16794647
  11530
  16794648
  11530
  16794649
  11530
  16794650
  11530
  16794651
  11530
  16794652
  11530
  16794653
  11530
  16794654
  11530
  16794655
  11530
  16794656
  11530
  16794657
  11530
  16794658
  11530
  16794659
  11530
  16794660
  11530
  16794661
  11530
  16794662
  11530
  16794663
  11530
  16794664
  11530
  16794665
  11530
  16794666
  11530
  16794667
  11530
  16794668
  11530
  16794669
  11530
  16794670
  11530
  16794671
  11530
  16794672
  11530
  16794673
  11530
  16794674
  11530
  16794675
  11530
  16794676
  11530
  16794677
  11530
  16794678
  11530
  16794679
  11530
  16794680
  11530
  16794681
  11530
  16794682
  11530
  16794683
  11530
  16794684
  11530
  16794685
  11530
  16794686
  11530
  16794687
  11530
  16794688
  11530
  16794689
  11530
  16794690
  11530
  16794691
  11530
  16794692
  11530
  16794693
  11530
  16794694
  11530
  16794695
  11530
  16794696
  11530
  16794697
  11530
  16794698
  11530
  16794699
  11530
  16794700
  11530
  16794701
  11530
  16794702
  11530
  16794703
  11530
  16794704
  11530
  16794705
  11530
  16794706
  11530
  16794707
  11530
  16794708
  11530
  16794709
  11530
  16794710
  11530
  16794711
  11530
  16794712
  11530
  16794713
  11530
  16794714
  11530
  16794715
  11530
  16794716
  11530
  16794717
  11530
  16794718
  11530
  16794719
  11530
  16794720
  11530
  16794721
  11530
  16794722
  11530
  16794723
  11530
  16794724
  11530
  16794725
  11530
  16794726
  11530
  16794727
  11530
  16794728
  11530
  16794729
  11530
  16794730
  11530
  16794731
  11530
  16794732
  11530
  16794733
  11530
  16794734
  11530
  16794735
  11530
  16794736
  11530
  16794737
  11530
  16794738
  11530
  16794739
  11530
  16794740
  11530
  16794741
  11530
  16794742
  11530
  16794743
  11530
  16794744
  11530
  16794745
  11530
  16794746
  11530
  16794747
  11530
  16794748
  11530
  16794749
  11530
  16794750
  11530
  16794751
  11530
  16794752
  11530
  16794753
  11530
  16794754
  11530
  16794755
  11530
  16794756
  11530
  16794757
  11530
  16794758
  11530
  16794759
  11530
  16794760
  11530
  16794761
  11530
  16794762
  11530
  16794763
  11530
  16794764
  11530
  16794765
  11530
  16794766
  11530
  16794767
  11530
  16794768
  11530
  16794769
  11530
  16794770
  11530
  16794771
  11530
  16794772
  11530
  16794773
  11530
  16794774
  11530
  16794775
  11530
  16794776
  11530
  16794777
  11530
  16794778
  11530
  16794779
  11530
  16794780
  11530
  16794781
  11530
  16794782
  11530
  16794783
  11530
  16794784
  11530
  16794785
  11530
  16794786
  11530
  16794787
  11530
  16794788
  11530
  16794789
  11530
  16794790
  11530
  16794791
  11530
  16794792
  11530
  16794793
  11530
  16794794
  11530
  16794795
  11530
  16794796
  11530
  16794797
  11530
  16794798
  11530
  16794799
  11530
  16794800
  11530
  16794801
  11530
  16794802
  11530
  16794803
  11530
  16794804
  11530
  16794805
  11530
  16794806
  11530
  16794807
  11530
  16794808
  11530
  16794809
  11530
  16794810
  11530
  16794811
  11530
  16794812
  11530
  16794813
  11530
  16794814
  11530
  16794815
  11530
  16794816
  11530
  16794817
  11530
  16794818
  11530
  16794819
  11530
  16794820
  11530
  16794821
  11530
  16794822
  11530
  16794823
  11530
  16794824
  11530
  16794825
  11530
  16794826
  11530
  16794827
  11530
  16794828
  11530
  16794829
  11530
  16794830
  11530
  16794831
  11530
  16794832
  11530
  16794833
  11530
  16794834
  11530
  16794835
  11530
  16794836
  11530
  16794837
  11530
  16794838
  11530
  16794839
  11530
  16794840
  11530
  16794841
  11530
  16794842
  11530
  16794843
  11530
  16794844
  11530
  16794845
  11530
  16794846
  11530
  16794847
  11530
  16794848
  11530
  16794849
  11530
  16794850
  11530
  16794851
  11530
  16794852
  11530
  16794853
  11530
  16794854
  11530
  16794855
  11530
  16794856
  11530
  16794857
  11530
  16794858
  11530
  16794859
  11530
  16794860
  11530
  16794861
  11530
  16794862
  11530
  16794863
  11530
  16794864
  11530
  16794865
  11530
  16794866
  11530
  16794867
  11530
  16794868
  11530
  16794869
  11530
  16794870
  11530
  16794871
  11530
  16794872
  11530
  16794873
  11530
  16794874
  11530
  16794875
  11530
  16794876
  11530
  16794877
  11530
  16794878
  11530
  16794879
  11530
  16794880
  21200
  16794881
  21200
  16794882
  21200
  16794883
  21200
  16794884
  21200
  16794885
  21200
  16794886
  21200
  16794887
  21200
  16794888
  21200
  16794889
  21200
  16794890
  21200
  16794891
  21200
  16794892
  21200
  16794893
  21200
  16794894
  21200
  16794895
  21200
  16794896
  21200
  16794897
  21200
  16794898
  21200
  16794899
  21200
  16794900
  21200
  16794901
  21200
  16794902
  21200
  16794903
  21200
  16794904
  21200
  16794905
  21200
  16794906
  21200
  16794907
  21200
  16794908
  21200
  16794909
  21200
  16794910
  21200
  16794911
  21200
  16794912
  21200
  16794913
  21200
  16794914
  21200
  16794915
  21200
  16794916
  21200
  16794917
  21200
  16794918
  21200
  16794919
  21200
  16794920
  21200
  16794921
  21200
  16794922
  21200
  16794923
  21200
  16794924
  21200
  16794925
  21200
  16794926
  21200
  16794927
  21200
  16794928
  21200
  16794929
  21200
  16794930
  21200
  16794931
  21200
  16794932
  21200
  16794933
  21200
  16794934
  21200
  16794935
  21200
  16794936
  21200
  16794937
  21200
  16794938
  21200
  16794939
  21200
  16794940
  21200
  16794941
  21200
  16794942
  21200
  16794943
  21200
  16794944
  21200
  16794945
  21200
  16794946
  21200
  16794947
  21200
  16794948
  21200
  16794949
  21200
  16794950
  21200
  16794951
  21200
  16794952
  21200
  16794953
  21200
  16794954
  21200
  16794955
  21200
  16794956
  21200
  16794957
  21200
  16794958
  21200
  16794959
  21200
  16794960
  21200
  16794961
  21200
  16794962
  21200
  16794963
  21200
  16794964
  21200
  16794965
  21200
  16794966
  21200
  16794967
  21200
  16794968
  21200
  16794969
  21200
  16794970
  21200
  16794971
  21200
  16794972
  21200
  16794973
  21200
  16794974
  21200
  16794975
  21200
  16794976
  21200
  16794977
  21200
  16794978
  21200
  16794979
  21200
  16794980
  21200
  16794981
  21200
  16794982
  21200
  16794983
  21200
  16794984
  21200
  16794985
  21200
  16794986
  21200
  16794987
  21200
  16794988
  21200
  16794989
  21200
  16794990
  21200
  16794991
  21200
  16794992
  21200
  16794993
  21200
  16794994
  21200
  16794995
  21200
  16794996
  21200
  16794997
  21200
  16794998
  21200
  16794999
  21200
  16795000
  21200
  16795001
  21200
  16795002
  21200
  16795003
  21200
  16795004
  21200
  16795005
  21200
  16795006
  21200
  16795007
  21200
  16795008
  21200
  16795009
  21200
  16795010
  21200
  16795011
  21200
  16795012
  21200
  16795013
  21200
  16795014
  21200
  16795015
  21200
  16795016
  21200
  16795017
  21200
  16795018
  21200
  16795019
  21200
  16795020
  21200
  16795021
  21200
  16795022
  21200
  16795023
  21200
  16795024
  21200
  16795025
  21200
  16795026
  21200
  16795027
  21200
  16795028
  21200
  16795029
  21200
  16795030
  21200
  16795031
  21200
  16795032
  21200
  16795033
  21200
  16795034
  21200
  16795035
  21200
  16795036
  21200
  16795037
  21200
  16795038
  21200
  16795039
  21200
  16795040
  21200
  16795041
  21200
  16795042
  21200
  16795043
  21200
  16795044
  21200
  16795045
  21200
  16795046
  21200
  16795047
  21200
  16795048
  21200
  16795049
  21200
  16795050
  21200
  16795051
  21200
  16795052
  21200
  16795053
  21200
  16795054
  21200
  16795055
  21200
  16795056
  21200
  16795057
  21200
  16795058
  21200
  16795059
  21200
  16795060
  21200
  16795061
  21200
  16795062
  21200
  16795063
  21200
  16795064
  21200
  16795065
  21200
  16795066
  21200
  16795067
  21200
  16795068
  21200
  16795069
  21200
  16795070
  21200
  16795071
  21200
  16795072
  21200
  16795073
  21200
  16795074
  21200
  16795075
  21200
  16795076
  21200
  16795077
  21200
  16795078
  21200
  16795079
  21200
  16795080
  21200
  16795081
  21200
  16795082
  21200
  16795083
  21200
  16795084
  21200
  16795085
  21200
  16795086
  21200
  16795087
  21200
  16795088
  21200
  16795089
  21200
  16795090
  21200
  16795091
  21200
  16795092
  21200
  16795093
  21200
  16795094
  21200
  16795095
  21200
  16795096
  21200
  16795097
  21200
  16795098
  21200
  16795099
  21200
  16795100
  21200
  16795101
  21200
  16795102
  21200
  16795103
  21200
  16795104
  21200
  16795105
  21200
  16795106
  21200
  16795107
  21200
  16795108
  21200
  16795109
  21200
  16795110
  21200
  16795111
  21200
  16795112
  21200
  16795113
  21200
  16795114
  21200
  16795115
  21200
  16795116
  21200
  16795117
  21200
  16795118
  21200
  16795119
  21200
  16795120
  21200
  16795121
  21200
  16795122
  21200
  16795123
  21200
  16795124
  21200
  16795125
  21200
  16795126
  21200
  16795127
  21200
  16795128
  21200
  16795129
  21200
  16795130
  21200
  16795131
  21200
  16795132
  21200
  16795133
  21200
  16795134
  21200
  16795135
  21200
  16795136
  38189
  16795137
  38189
  16795138
  38189
  16795139
  38189
  16795140
  38189
  16795141
  38189
  16795142
  38189
  16795143
  38189
  16795144
  38189
  16795145
  38189
  16795146
  38189
  16795147
  38189
  16795148
  38189
  16795149
  38189
  16795150
  38189
  16795151
  38189
  16795152
  38189
  16795153
  38189
  16795154
  38189
  16795155
  38189
  16795156
  38189
  16795157
  38189
  16795158
  38189
  16795159
  38189
  16795160
  38189
  16795161
  38189
  16795162
  38189
  16795163
  38189
  16795164
  38189
  16795165
  38189
  16795166
  38189
  16795167
  38189
  16795168
  38189
  16795169
  38189
  16795170
  38189
  16795171
  38189
  16795172
  38189
  16795173
  38189
  16795174
  38189
  16795175
  38189
  16795176
  38189
  16795177
  38189
  16795178
  38189
  16795179
  38189
  16795180
  38189
  16795181
  38189
  16795182
  38189
  16795183
  38189
  16795184
  38189
  16795185
  38189
  16795186
  38189
  16795187
  38189
  16795188
  38189
  16795189
  38189
  16795190
  38189
  16795191
  38189
  16795192
  38189
  16795193
  38189
  16795194
  38189
  16795195
  38189
  16795196
  38189
  16795197
  38189
  16795198
  38189
  16795199
  38189
  16795200
  38189
  16795201
  38189
  16795202
  38189
  16795203
  38189
  16795204
  38189
  16795205
  38189
  16795206
  38189
  16795207
  38189
  16795208
  38189
  16795209
  38189
  16795210
  38189
  16795211
  38189
  16795212
  38189
  16795213
  38189
  16795214
  38189
  16795215
  38189
  16795216
  38189
  16795217
  38189
  16795218
  38189
  16795219
  38189
  16795220
  38189
  16795221
  38189
  16795222
  38189
  16795223
  38189
  16795224
  38189
  16795225
  38189
  16795226
  38189
  16795227
  38189
  16795228
  38189
  16795229
  38189
  16795230
  38189
  16795231
  38189
  16795232
  38189
  16795233
  38189
  16795234
  38189
  16795235
  38189
  16795236
  38189
  16795237
  38189
  16795238
  38189
  16795239
  38189
  16795240
  38189
  16795241
  38189
  16795242
  38189
  16795243
  38189
  16795244
  38189
  16795245
  38189
  16795246
  38189
  16795247
  38189
  16795248
  38189
  16795249
  38189
  16795250
  38189
  16795251
  38189
  16795252
  38189
  16795253
  38189
  16795254
  38189
  16795255
  38189
  16795256
  38189
  16795257
  38189
  16795258
  38189
  16795259
  38189
  16795260
  38189
  16795261
  38189
  16795262
  38189
  16795263
  38189
  16795264
  38189
  16795265
  38189
  16795266
  38189
  16795267
  38189
  16795268
  38189
  16795269
  38189
  16795270
  38189
  16795271
  38189
  16795272
  38189
  16795273
  38189
  16795274
  38189
  16795275
  38189
  16795276
  38189
  16795277
  38189
  16795278
  38189
  16795279
  38189
  16795280
  38189
  16795281
  38189
  16795282
  38189
  16795283
  38189
  16795284
  38189
  16795285
  38189
  16795286
  38189
  16795287
  38189
  16795288
  38189
  16795289
  38189
  16795290
  38189
  16795291
  38189
  16795292
  38189
  16795293
  38189
  16795294
  38189
  16795295
  38189
  16795296
  38189
  16795297
  38189
  16795298
  38189
  16795299
  38189
  16795300
  38189
  16795301
  38189
  16795302
  38189
  16795303
  38189
  16795304
  38189
  16795305
  38189
  16795306
  38189
  16795307
  38189
  16795308
  38189
  16795309
  38189
  16795310
  38189
  16795311
  38189
  16795312
  38189
  16795313
  38189
  16795314
  38189
  16795315
  38189
  16795316
  38189
  16795317
  38189
  16795318
  38189
  16795319
  38189
  16795320
  38189
  16795321
  38189
  16795322
  38189
  16795323
  38189
  16795324
  38189
  16795325
  38189
  16795326
  38189
  16795327
  38189
  16795328
  38189
  16795329
  38189
  16795330
  38189
  16795331
  38189
  16795332
  38189
  16795333
  38189
  16795334
  38189
  16795335
  38189
  16795336
  38189
  16795337
  38189
  16795338
  38189
  16795339
  38189
  16795340
  38189
  16795341
  38189
  16795342
  38189
  16795343
  38189
  16795344
  38189
  16795345
  38189
  16795346
  38189
  16795347
  38189
  16795348
  38189
  16795349
  38189
  16795350
  38189
  16795351
  38189
  16795352
  38189
  16795353
  38189
  16795354
  38189
  16795355
  38189
  16795356
  38189
  16795357
  38189
  16795358
  38189
  16795359
  38189
  16795360
  38189
  16795361
  38189
  16795362
  38189
  16795363
  38189
  16795364
  38189
  16795365
  38189
  16795366
  38189
  16795367
  38189
  16795368
  38189
  16795369
  38189
  16795370
  38189
  16795371
  38189
  16795372
  38189
  16795373
  38189
  16795374
  38189
  16795375
  38189
  16795376
  38189
  16795377
  38189
  16795378
  38189
  16795379
  38189
  16795380
  38189
  16795381
  38189
  16795382
  38189
  16795383
  38189
  16795384
  38189
  16795385
  38189
  16795386
  38189
  16795387
  38189
  16795388
  38189
  16795389
  38189
  16795390
  38189
  16795391
  38189
  16795392
  51538
  16795393
  51538
  16795394
  51538
  16795395
  51538
  16795396
  51538
  16795397
  51538
  16795398
  51538
  16795399
  51538
  16795400
  51538
  16795401
  51538
  16795402
  51538
  16795403
  51538
  16795404
  51538
  16795405
  51538
  16795406
  51538
  16795407
  51538
  16795408
  51538
  16795409
  51538
  16795410
  51538
  16795411
  51538
  16795412
  51538
  16795413
  51538
  16795414
  51538
  16795415
  51538
  16795416
  51538
  16795417
  51538
  16795418
  51538
  16795419
  51538
  16795420
  51538
  16795421
  51538
  16795422
  51538
  16795423
  51538
  16795424
  51538
  16795425
  51538
  16795426
  51538
  16795427
  51538
  16795428
  51538
  16795429
  51538
  16795430
  51538
  16795431
  51538
  16795432
  51538
  16795433
  51538
  16795434
  51538
  16795435
  51538
  16795436
  51538
  16795437
  51538
  16795438
  51538
  16795439
  51538
  16795440
  51538
  16795441
  51538
  16795442
  51538
  16795443
  51538
  16795444
  51538
  16795445
  51538
  16795446
  51538
  16795447
  51538
  16795448
  51538
  16795449
  51538
  16795450
  51538
  16795451
  51538
  16795452
  51538
  16795453
  51538
  16795454
  51538
  16795455
  51538
  16795456
  51538
  16795457
  51538
  16795458
  51538
  16795459
  51538
  16795460
  51538
  16795461
  51538
  16795462
  51538
  16795463
  51538
  16795464
  51538
  16795465
  51538
  16795466
  51538
  16795467
  51538
  16795468
  51538
  16795469
  51538
  16795470
  51538
  16795471
  51538
  16795472
  51538
  16795473
  51538
  16795474
  51538
  16795475
  51538
  16795476
  51538
  16795477
  51538
  16795478
  51538
  16795479
  51538
  16795480
  51538
  16795481
  51538
  16795482
  51538
  16795483
  51538
  16795484
  51538
  16795485
  51538
  16795486
  51538
  16795487
  51538
  16795488
  51538
  16795489
  51538
  16795490
  51538
  16795491
  51538
  16795492
  51538
  16795493
  51538
  16795494
  51538
  16795495
  51538
  16795496
  51538
  16795497
  51538
  16795498
  51538
  16795499
  51538
  16795500
  51538
  16795501
  51538
  16795502
  51538
  16795503
  51538
  16795504
  51538
  16795505
  51538
  16795506
  51538
  16795507
  51538
  16795508
  51538
  16795509
  51538
  16795510
  51538
  16795511
  51538
  16795512
  51538
  16795513
  51538
  16795514
  51538
  16795515
  51538
  16795516
  51538
  16795517
  51538
  16795518
  51538
  16795519
  51538
  16795520
  51538
  16795521
  51538
  16795522
  51538
  16795523
  51538
  16795524
  51538
  16795525
  51538
  16795526
  51538
  16795527
  51538
  16795528
  51538
  16795529
  51538
  16795530
  51538
  16795531
  51538
  16795532
  51538
  16795533
  51538
  16795534
  51538
  16795535
  51538
  16795536
  51538
  16795537
  51538
  16795538
  51538
  16795539
  51538
  16795540
  51538
  16795541
  51538
  16795542
  51538
  16795543
  51538
  16795544
  51538
  16795545
  51538
  16795546
  51538
  16795547
  51538
  16795548
  51538
  16795549
  51538
  16795550
  51538
  16795551
  51538
  16795552
  51538
  16795553
  51538
  16795554
  51538
  16795555
  51538
  16795556
  51538
  16795557
  51538
  16795558
  51538
  16795559
  51538
  16795560
  51538
  16795561
  51538
  16795562
  51538
  16795563
  51538
  16795564
  51538
  16795565
  51538
  16795566
  51538
  16795567
  51538
  16795568
  51538
  16795569
  51538
  16795570
  51538
  16795571
  51538
  16795572
  51538
  16795573
  51538
  16795574
  51538
  16795575
  51538
  16795576
  51538
  16795577
  51538
  16795578
  51538
  16795579
  51538
  16795580
  51538
  16795581
  51538
  16795582
  51538
  16795583
  51538
  16795584
  51538
  16795585
  51538
  16795586
  51538
  16795587
  51538
  16795588
  51538
  16795589
  51538
  16795590
  51538
  16795591
  51538
  16795592
  51538
  16795593
  51538
  16795594
  51538
  16795595
  51538
  16795596
  51538
  16795597
  51538
  16795598
  51538
  16795599
  51538
  16795600
  51538
  16795601
  51538
  16795602
  51538
  16795603
  51538
  16795604
  51538
  16795605
  51538
  16795606
  51538
  16795607
  51538
  16795608
  51538
  16795609
  51538
  16795610
  51538
  16795611
  51538
  16795612
  51538
  16795613
  51538
  16795614
  51538
  16795615
  51538
  16795616
  51538
  16795617
  51538
  16795618
  51538
  16795619
  51538
  16795620
  51538
  16795621
  51538
  16795622
  51538
  16795623
  51538
  16795624
  51538
  16795625
  51538
  16795626
  51538
  16795627
  51538
  16795628
  51538
  16795629
  51538
  16795630
  51538
  16795631
  51538
  16795632
  51538
  16795633
  51538
  16795634
  51538
  16795635
  51538
  16795636
  51538
  16795637
  51538
  16795638
  51538
  16795639
  51538
  16795640
  51538
  16795641
  51538
  16795642
  51538
  16795643
  51538
  16795644
  51538
  16795645
  51538
  16795646
  51538
  16795647
  51538
  16795648
  64661
  16795649
  64661
  16795650
  64661
  16795651
  64661
  16795652
  64661
  16795653
  64661
  16795654
  64661
  16795655
  64661
  16795656
  64661
  16795657
  64661
  16795658
  64661
  16795659
  64661
  16795660
  64661
  16795661
  64661
  16795662
  64661
  16795663
  64661
  16795664
  64661
  16795665
  64661
  16795666
  64661
  16795667
  64661
  16795668
  64661
  16795669
  64661
  16795670
  64661
  16795671
  64661
  16795672
  64661
  16795673
  64661
  16795674
  64661
  16795675
  64661
  16795676
  64661
  16795677
  64661
  16795678
  64661
  16795679
  64661
  16795680
  64661
  16795681
  64661
  16795682
  64661
  16795683
  64661
  16795684
  64661
  16795685
  64661
  16795686
  64661
  16795687
  64661
  16795688
  64661
  16795689
  64661
  16795690
  64661
  16795691
  64661
  16795692
  64661
  16795693
  64661
  16795694
  64661
  16795695
  64661
  16795696
  64661
  16795697
  64661
  16795698
  64661
  16795699
  64661
  16795700
  64661
  16795701
  64661
  16795702
  64661
  16795703
  64661
  16795704
  64661
  16795705
  64661
  16795706
  64661
  16795707
  64661
  16795708
  64661
  16795709
  64661
  16795710
  64661
  16795711
  64661
  16795712
  64661
  16795713
  64661
  16795714
  64661
  16795715
  64661
  16795716
  64661
  16795717
  64661
  16795718
  64661
  16795719
  64661
  16795720
  64661
  16795721
  64661
  16795722
  64661
  16795723
  64661
  16795724
  64661
  16795725
  64661
  16795726
  64661
  16795727
  64661
  16795728
  64661
  16795729
  64661
  16795730
  64661
  16795731
  64661
  16795732
  64661
  16795733
  64661
  16795734
  64661
  16795735
  64661
  16795736
  64661
  16795737
  64661
  16795738
  64661
  16795739
  64661
  16795740
  64661
  16795741
  64661
  16795742
  64661
  16795743
  64661
  16795744
  64661
  16795745
  64661
  16795746
  64661
  16795747
  64661
  16795748
  64661
  16795749
  64661
  16795750
  64661
  16795751
  64661
  16795752
  64661
  16795753
  64661
  16795754
  64661
  16795755
  64661
  16795756
  64661
  16795757
  64661
  16795758
  64661
  16795759
  64661
  16795760
  64661
  16795761
  64661
  16795762
  64661
  16795763
  64661
  16795764
  64661
  16795765
  64661
  16795766
  64661
  16795767
  64661
  16795768
  64661
  16795769
  64661
  16795770
  64661
  16795771
  64661
  16795772
  64661
  16795773
  64661
  16795774
  64661
  16795775
  64661
  16795776
  64661
  16795777
  64661
  16795778
  64661
  16795779
  64661
  16795780
  64661
  16795781
  64661
  16795782
  64661
  16795783
  64661
  16795784
  64661
  16795785
  64661
  16795786
  64661
  16795787
  64661
  16795788
  64661
  16795789
  64661
  16795790
  64661
  16795791
  64661
  16795792
  64661
  16795793
  64661
  16795794
  64661
  16795795
  64661
  16795796
  64661
  16795797
  64661
  16795798
  64661
  16795799
  64661
  16795800
  64661
  16795801
  64661
  16795802
  64661
  16795803
  64661
  16795804
  64661
  16795805
  64661
  16795806
  64661
  16795807
  64661
  16795808
  64661
  16795809
  64661
  16795810
  64661
  16795811
  64661
  16795812
  64661
  16795813
  64661
  16795814
  64661
  16795815
  64661
  16795816
  64661
  16795817
  64661
  16795818
  64661
  16795819
  64661
  16795820
  64661
  16795821
  64661
  16795822
  64661
  16795823
  64661
  16795824
  64661
  16795825
  64661
  16795826
  64661
  16795827
  64661
  16795828
  64661
  16795829
  64661
  16795830
  64661
  16795831
  64661
  16795832
  64661
  16795833
  64661
  16795834
  64661
  16795835
  64661
  16795836
  64661
  16795837
  64661
  16795838
  64661
  16795839
  64661
  16795840
  64661
  16795841
  64661
  16795842
  64661
  16795843
  64661
  16795844
  64661
  16795845
  64661
  16795846
  64661
  16795847
  64661
  16795848
  64661
  16795849
  64661
  16795850
  64661
  16795851
  64661
  16795852
  64661
  16795853
  64661
  16795854
  64661
  16795855
  64661
  16795856
  64661
  16795857
  64661
  16795858
  64661
  16795859
  64661
  16795860
  64661
  16795861
  64661
  16795862
  64661
  16795863
  64661
  16795864
  64661
  16795865
  64661
  16795866
  64661
  16795867
  64661
  16795868
  64661
  16795869
  64661
  16795870
  64661
  16795871
  64661
  16795872
  64661
  16795873
  64661
  16795874
  64661
  16795875
  64661
  16795876
  64661
  16795877
  64661
  16795878
  64661
  16795879
  64661
  16795880
  64661
  16795881
  64661
  16795882
  64661
  16795883
  64661
  16795884
  64661
  16795885
  64661
  16795886
  64661
  16795887
  64661
  16795888
  64661
  16795889
  64661
  16795890
  64661
  16795891
  64661
  16795892
  64661
  16795893
  64661
  16795894
  64661
  16795895
  64661
  16795896
  64661
  16795897
  64661
  16795898
  64661
  16795899
  64661
  16795900
  64661
  16795901
  64661
  16795902
  64661
  16795903
  64661
  16795904
  16329
  16795905
  16329
  16795906
  16329
  16795907
  16329
  16795908
  16329
  16795909
  16329
  16795910
  16329
  16795911
  16329
  16795912
  16329
  16795913
  16329
  16795914
  16329
  16795915
  16329
  16795916
  16329
  16795917
  16329
  16795918
  16329
  16795919
  16329
  16795920
  16329
  16795921
  16329
  16795922
  16329
  16795923
  16329
  16795924
  16329
  16795925
  16329
  16795926
  16329
  16795927
  16329
  16795928
  16329
  16795929
  16329
  16795930
  16329
  16795931
  16329
  16795932
  16329
  16795933
  16329
  16795934
  16329
  16795935
  16329
  16795936
  16329
  16795937
  16329
  16795938
  16329
  16795939
  16329
  16795940
  16329
  16795941
  16329
  16795942
  16329
  16795943
  16329
  16795944
  16329
  16795945
  16329
  16795946
  16329
  16795947
  16329
  16795948
  16329
  16795949
  16329
  16795950
  16329
  16795951
  16329
  16795952
  16329
  16795953
  16329
  16795954
  16329
  16795955
  16329
  16795956
  16329
  16795957
  16329
  16795958
  16329
  16795959
  16329
  16795960
  16329
  16795961
  16329
  16795962
  16329
  16795963
  16329
  16795964
  16329
  16795965
  16329
  16795966
  16329
  16795967
  16329
  16795968
  16329
  16795969
  16329
  16795970
  16329
  16795971
  16329
  16795972
  16329
  16795973
  16329
  16795974
  16329
  16795975
  16329
  16795976
  16329
  16795977
  16329
  16795978
  16329
  16795979
  16329
  16795980
  16329
  16795981
  16329
  16795982
  16329
  16795983
  16329
  16795984
  16329
  16795985
  16329
  16795986
  16329
  16795987
  16329
  16795988
  16329
  16795989
  16329
  16795990
  16329
  16795991
  16329
  16795992
  16329
  16795993
  16329
  16795994
  16329
  16795995
  16329
  16795996
  16329
  16795997
  16329
  16795998
  16329
  16795999
  16329
  16796000
  16329
  16796001
  16329
  16796002
  16329
  16796003
  16329
  16796004
  16329
  16796005
  16329
  16796006
  16329
  16796007
  16329
  16796008
  16329
  16796009
  16329
  16796010
  16329
  16796011
  16329
  16796012
  16329
  16796013
  16329
  16796014
  16329
  16796015
  16329
  16796016
  16329
  16796017
  16329
  16796018
  16329
  16796019
  16329
  16796020
  16329
  16796021
  16329
  16796022
  16329
  16796023
  16329
  16796024
  16329
  16796025
  16329
  16796026
  16329
  16796027
  16329
  16796028
  16329
  16796029
  16329
  16796030
  16329
  16796031
  16329
  16796032
  16329
  16796033
  16329
  16796034
  16329
  16796035
  16329
  16796036
  16329
  16796037
  16329
  16796038
  16329
  16796039
  16329
  16796040
  16329
  16796041
  16329
  16796042
  16329
  16796043
  16329
  16796044
  16329
  16796045
  16329
  16796046
  16329
  16796047
  16329
  16796048
  16329
  16796049
  16329
  16796050
  16329
  16796051
  16329
  16796052
  16329
  16796053
  16329
  16796054
  16329
  16796055
  16329
  16796056
  16329
  16796057
  16329
  16796058
  16329
  16796059
  16329
  16796060
  16329
  16796061
  16329
  16796062
  16329
  16796063
  16329
  16796064
  16329
  16796065
  16329
  16796066
  16329
  16796067
  16329
  16796068
  16329
  16796069
  16329
  16796070
  16329
  16796071
  16329
  16796072
  16329
  16796073
  16329
  16796074
  16329
  16796075
  16329
  16796076
  16329
  16796077
  16329
  16796078
  16329
  16796079
  16329
  16796080
  16329
  16796081
  16329
  16796082
  16329
  16796083
  16329
  16796084
  16329
  16796085
  16329
  16796086
  16329
  16796087
  16329
  16796088
  16329
  16796089
  16329
  16796090
  16329
  16796091
  16329
  16796092
  16329
  16796093
  16329
  16796094
  16329
  16796095
  16329
  16796096
  16329
  16796097
  16329
  16796098
  16329
  16796099
  16329
  16796100
  16329
  16796101
  16329
  16796102
  16329
  16796103
  16329
  16796104
  16329
  16796105
  16329
  16796106
  16329
  16796107
  16329
  16796108
  16329
  16796109
  16329
  16796110
  16329
  16796111
  16329
  16796112
  16329
  16796113
  16329
  16796114
  16329
  16796115
  16329
  16796116
  16329
  16796117
  16329
  16796118
  16329
  16796119
  16329
  16796120
  16329
  16796121
  16329
  16796122
  16329
  16796123
  16329
  16796124
  16329
  16796125
  16329
  16796126
  16329
  16796127
  16329
  16796128
  16329
  16796129
  16329
  16796130
  16329
  16796131
  16329
  16796132
  16329
  16796133
  16329
  16796134
  16329
  16796135
  16329
  16796136
  16329
  16796137
  16329
  16796138
  16329
  16796139
  16329
  16796140
  16329
  16796141
  16329
  16796142
  16329
  16796143
  16329
  16796144
  16329
  16796145
  16329
  16796146
  16329
  16796147
  16329
  16796148
  16329
  16796149
  16329
  16796150
  16329
  16796151
  16329
  16796152
  16329
  16796153
  16329
  16796154
  16329
  16796155
  16329
  16796156
  16329
  16796157
  16329
  16796158
  16329
  16796159
  16329
  16796160
  25596
  16796161
  25596
  16796162
  25596
  16796163
  25596
  16796164
  25596
  16796165
  25596
  16796166
  25596
  16796167
  25596
  16796168
  25596
  16796169
  25596
  16796170
  25596
  16796171
  25596
  16796172
  25596
  16796173
  25596
  16796174
  25596
  16796175
  25596
  16796176
  25596
  16796177
  25596
  16796178
  25596
  16796179
  25596
  16796180
  25596
  16796181
  25596
  16796182
  25596
  16796183
  25596
  16796184
  25596
  16796185
  25596
  16796186
  25596
  16796187
  25596
  16796188
  25596
  16796189
  25596
  16796190
  25596
  16796191
  25596
  16796192
  25596
  16796193
  25596
  16796194
  25596
  16796195
  25596
  16796196
  25596
  16796197
  25596
  16796198
  25596
  16796199
  25596
  16796200
  25596
  16796201
  25596
  16796202
  25596
  16796203
  25596
  16796204
  25596
  16796205
  25596
  16796206
  25596
  16796207
  25596
  16796208
  25596
  16796209
  25596
  16796210
  25596
  16796211
  25596
  16796212
  25596
  16796213
  25596
  16796214
  25596
  16796215
  25596
  16796216
  25596
  16796217
  25596
  16796218
  25596
  16796219
  25596
  16796220
  25596
  16796221
  25596
  16796222
  25596
  16796223
  25596
  16796224
  25596
  16796225
  25596
  16796226
  25596
  16796227
  25596
  16796228
  25596
  16796229
  25596
  16796230
  25596
  16796231
  25596
  16796232
  25596
  16796233
  25596
  16796234
  25596
  16796235
  25596
  16796236
  25596
  16796237
  25596
  16796238
  25596
  16796239
  25596
  16796240
  25596
  16796241
  25596
  16796242
  25596
  16796243
  25596
  16796244
  25596
  16796245
  25596
  16796246
  25596
  16796247
  25596
  16796248
  25596
  16796249
  25596
  16796250
  25596
  16796251
  25596
  16796252
  25596
  16796253
  25596
  16796254
  25596
  16796255
  25596
  16796256
  25596
  16796257
  25596
  16796258
  25596
  16796259
  25596
  16796260
  25596
  16796261
  25596
  16796262
  25596
  16796263
  25596
  16796264
  25596
  16796265
  25596
  16796266
  25596
  16796267
  25596
  16796268
  25596
  16796269
  25596
  16796270
  25596
  16796271
  25596
  16796272
  25596
  16796273
  25596
  16796274
  25596
  16796275
  25596
  16796276
  25596
  16796277
  25596
  16796278
  25596
  16796279
  25596
  16796280
  25596
  16796281
  25596
  16796282
  25596
  16796283
  25596
  16796284
  25596
  16796285
  25596
  16796286
  25596
  16796287
  25596
  16796288
  25596
  16796289
  25596
  16796290
  25596
  16796291
  25596
  16796292
  25596
  16796293
  25596
  16796294
  25596
  16796295
  25596
  16796296
  25596
  16796297
  25596
  16796298
  25596
  16796299
  25596
  16796300
  25596
  16796301
  25596
  16796302
  25596
  16796303
  25596
  16796304
  25596
  16796305
  25596
  16796306
  25596
  16796307
  25596
  16796308
  25596
  16796309
  25596
  16796310
  25596
  16796311
  25596
  16796312
  25596
  16796313
  25596
  16796314
  25596
  16796315
  25596
  16796316
  25596
  16796317
  25596
  16796318
  25596
  16796319
  25596
  16796320
  25596
  16796321
  25596
  16796322
  25596
  16796323
  25596
  16796324
  25596
  16796325
  25596
  16796326
  25596
  16796327
  25596
  16796328
  25596
  16796329
  25596
  16796330
  25596
  16796331
  25596
  16796332
  25596
  16796333
  25596
  16796334
  25596
  16796335
  25596
  16796336
  25596
  16796337
  25596
  16796338
  25596
  16796339
  25596
  16796340
  25596
  16796341
  25596
  16796342
  25596
  16796343
  25596
  16796344
  25596
  16796345
  25596
  16796346
  25596
  16796347
  25596
  16796348
  25596
  16796349
  25596
  16796350
  25596
  16796351
  25596
  16796352
  25596
  16796353
  25596
  16796354
  25596
  16796355
  25596
  16796356
  25596
  16796357
  25596
  16796358
  25596
  16796359
  25596
  16796360
  25596
  16796361
  25596
  16796362
  25596
  16796363
  25596
  16796364
  25596
  16796365
  25596
  16796366
  25596
  16796367
  25596
  16796368
  25596
  16796369
  25596
  16796370
  25596
  16796371
  25596
  16796372
  25596
  16796373
  25596
  16796374
  25596
  16796375
  25596
  16796376
  25596
  16796377
  25596
  16796378
  25596
  16796379
  25596
  16796380
  25596
  16796381
  25596
  16796382
  25596
  16796383
  25596
  16796384
  25596
  16796385
  25596
  16796386
  25596
  16796387
  25596
  16796388
  25596
  16796389
  25596
  16796390
  25596
  16796391
  25596
  16796392
  25596
  16796393
  25596
  16796394
  25596
  16796395
  25596
  16796396
  25596
  16796397
  25596
  16796398
  25596
  16796399
  25596
  16796400
  25596
  16796401
  25596
  16796402
  25596
  16796403
  25596
  16796404
  25596
  16796405
  25596
  16796406
  25596
  16796407
  25596
  16796408
  25596
  16796409
  25596
  16796410
  25596
  16796411
  25596
  16796412
  25596
  16796413
  25596
  16796414
  25596
  16796415
  25596
  16796416
  5695
  16796417
  5695
  16796418
  5695
  16796419
  5695
  16796420
  5695
  16796421
  5695
  16796422
  5695
  16796423
  5695
  16796424
  5695
  16796425
  5695
  16796426
  5695
  16796427
  5695
  16796428
  5695
  16796429
  5695
  16796430
  5695
  16796431
  5695
  16796432
  5695
  16796433
  5695
  16796434
  5695
  16796435
  5695
  16796436
  5695
  16796437
  5695
  16796438
  5695
  16796439
  5695
  16796440
  5695
  16796441
  5695
  16796442
  5695
  16796443
  5695
  16796444
  5695
  16796445
  5695
  16796446
  5695
  16796447
  5695
  16796448
  5695
  16796449
  5695
  16796450
  5695
  16796451
  5695
  16796452
  5695
  16796453
  5695
  16796454
  5695
  16796455
  5695
  16796456
  5695
  16796457
  5695
  16796458
  5695
  16796459
  5695
  16796460
  5695
  16796461
  5695
  16796462
  5695
  16796463
  5695
  16796464
  5695
  16796465
  5695
  16796466
  5695
  16796467
  5695
  16796468
  5695
  16796469
  5695
  16796470
  5695
  16796471
  5695
  16796472
  5695
  16796473
  5695
  16796474
  5695
  16796475
  5695
  16796476
  5695
  16796477
  5695
  16796478
  5695
  16796479
  5695
  16796480
  5695
  16796481
  5695
  16796482
  5695
  16796483
  5695
  16796484
  5695
  16796485
  5695
  16796486
  5695
  16796487
  5695
  16796488
  5695
  16796489
  5695
  16796490
  5695
  16796491
  5695
  16796492
  5695
  16796493
  5695
  16796494
  5695
  16796495
  5695
  16796496
  5695
  16796497
  5695
  16796498
  5695
  16796499
  5695
  16796500
  5695
  16796501
  5695
  16796502
  5695
  16796503
  5695
  16796504
  5695
  16796505
  5695
  16796506
  5695
  16796507
  5695
  16796508
  5695
  16796509
  5695
  16796510
  5695
  16796511
  5695
  16796512
  5695
  16796513
  5695
  16796514
  5695
  16796515
  5695
  16796516
  5695
  16796517
  5695
  16796518
  5695
  16796519
  5695
  16796520
  5695
  16796521
  5695
  16796522
  5695
  16796523
  5695
  16796524
  5695
  16796525
  5695
  16796526
  5695
  16796527
  5695
  16796528
  5695
  16796529
  5695
  16796530
  5695
  16796531
  5695
  16796532
  5695
  16796533
  5695
  16796534
  5695
  16796535
  5695
  16796536
  5695
  16796537
  5695
  16796538
  5695
  16796539
  5695
  16796540
  5695
  16796541
  5695
  16796542
  5695
  16796543
  5695
  16796544
  5695
  16796545
  5695
  16796546
  5695
  16796547
  5695
  16796548
  5695
  16796549
  5695
  16796550
  5695
  16796551
  5695
  16796552
  5695
  16796553
  5695
  16796554
  5695
  16796555
  5695
  16796556
  5695
  16796557
  5695
  16796558
  5695
  16796559
  5695
  16796560
  5695
  16796561
  5695
  16796562
  5695
  16796563
  5695
  16796564
  5695
  16796565
  5695
  16796566
  5695
  16796567
  5695
  16796568
  5695
  16796569
  5695
  16796570
  5695
  16796571
  5695
  16796572
  5695
  16796573
  5695
  16796574
  5695
  16796575
  5695
  16796576
  5695
  16796577
  5695
  16796578
  5695
  16796579
  5695
  16796580
  5695
  16796581
  5695
  16796582
  5695
  16796583
  5695
  16796584
  5695
  16796585
  5695
  16796586
  5695
  16796587
  5695
  16796588
  5695
  16796589
  5695
  16796590
  5695
  16796591
  5695
  16796592
  5695
  16796593
  5695
  16796594
  5695
  16796595
  5695
  16796596
  5695
  16796597
  5695
  16796598
  5695
  16796599
  5695
  16796600
  5695
  16796601
  5695
  16796602
  5695
  16796603
  5695
  16796604
  5695
  16796605
  5695
  16796606
  5695
  16796607
  5695
  16796608
  5695
  16796609
  5695
  16796610
  5695
  16796611
  5695
  16796612
  5695
  16796613
  5695
  16796614
  5695
  16796615
  5695
  16796616
  5695
  16796617
  5695
  16796618
  5695
  16796619
  5695
  16796620
  5695
  16796621
  5695
  16796622
  5695
  16796623
  5695
  16796624
  5695
  16796625
  5695
  16796626
  5695
  16796627
  5695
  16796628
  5695
  16796629
  5695
  16796630
  5695
  16796631
  5695
  16796632
  5695
  16796633
  5695
  16796634
  5695
  16796635
  5695
  16796636
  5695
  16796637
  5695
  16796638
  5695
  16796639
  5695
  16796640
  5695
  16796641
  5695
  16796642
  5695
  16796643
  5695
  16796644
  5695
  16796645
  5695
  16796646
  5695
  16796647
  5695
  16796648
  5695
  16796649
  5695
  16796650
  5695
  16796651
  5695
  16796652
  5695
  16796653
  5695
  16796654
  5695
  16796655
  5695
  16796656
  5695
  16796657
  5695
  16796658
  5695
  16796659
  5695
  16796660
  5695
  16796661
  5695
  16796662
  5695
  16796663
  5695
  16796664
  5695
  16796665
  5695
  16796666
  5695
  16796667
  5695
  16796668
  5695
  16796669
  5695
  16796670
  5695
  16796671
  5695
  16796672
  355
  16796673
  355
  16796674
  355
  16796675
  355
  16796676
  355
  16796677
  355
  16796678
  355
  16796679
  355
  16796680
  355
  16796681
  355
  16796682
  355
  16796683
  355
  16796684
  355
  16796685
  355
  16796686
  355
  16796687
  355
  16796688
  355
  16796689
  355
  16796690
  355
  16796691
  355
  16796692
  355
  16796693
  355
  16796694
  355
  16796695
  355
  16796696
  355
  16796697
  355
  16796698
  355
  16796699
  355
  16796700
  355
  16796701
  355
  16796702
  355
  16796703
  355
  16796704
  355
  16796705
  355
  16796706
  355
  16796707
  355
  16796708
  355
  16796709
  355
  16796710
  355
  16796711
  355
  16796712
  355
  16796713
  355
  16796714
  355
  16796715
  355
  16796716
  355
  16796717
  355
  16796718
  355
  16796719
  355
  16796720
  355
  16796721
  355
  16796722
  355
  16796723
  355
  16796724
  355
  16796725
  355
  16796726
  355
  16796727
  355
  16796728
  355
  16796729
  355
  16796730
  355
  16796731
  355
  16796732
  355
  16796733
  355
  16796734
  355
  16796735
  355
  16796736
  355
  16796737
  355
  16796738
  355
  16796739
  355
  16796740
  355
  16796741
  355
  16796742
  355
  16796743
  355
  16796744
  355
  16796745
  355
  16796746
  355
  16796747
  355
  16796748
  355
  16796749
  355
  16796750
  355
  16796751
  355
  16796752
  355
  16796753
  355
  16796754
  355
  16796755
  355
  16796756
  355
  16796757
  355
  16796758
  355
  16796759
  355
  16796760
  355
  16796761
  355
  16796762
  355
  16796763
  355
  16796764
  355
  16796765
  355
  16796766
  355
  16796767
  355
  16796768
  355
  16796769
  355
  16796770
  355
  16796771
  355
  16796772
  355
  16796773
  355
  16796774
  355
  16796775
  355
  16796776
  355
  16796777
  355
  16796778
  355
  16796779
  355
  16796780
  355
  16796781
  355
  16796782
  355
  16796783
  355
  16796784
  355
  16796785
  355
  16796786
  355
  16796787
  355
  16796788
  355
  16796789
  355
  16796790
  355
  16796791
  355
  16796792
  355
  16796793
  355
  16796794
  355
  16796795
  355
  16796796
  355
  16796797
  355
  16796798
  355
  16796799
  355
  16796800
  355
  16796801
  355
  16796802
  355
  16796803
  355
  16796804
  355
  16796805
  355
  16796806
  355
  16796807
  355
  16796808
  355
  16796809
  355
  16796810
  355
  16796811
  355
  16796812
  355
  16796813
  355
  16796814
  355
  16796815
  355
  16796816
  355
  16796817
  355
  16796818
  355
  16796819
  355
  16796820
  355
  16796821
  355
  16796822
  355
  16796823
  355
  16796824
  355
  16796825
  355
  16796826
  355
  16796827
  355
  16796828
  355
  16796829
  355
  16796830
  355
  16796831
  355
  16796832
  355
  16796833
  355
  16796834
  355
  16796835
  355
  16796836
  355
  16796837
  355
  16796838
  355
  16796839
  355
  16796840
  355
  16796841
  355
  16796842
  355
  16796843
  355
  16796844
  355
  16796845
  355
  16796846
  355
  16796847
  355
  16796848
  355
  16796849
  355
  16796850
  355
  16796851
  355
  16796852
  355
  16796853
  355
  16796854
  355
  16796855
  355
  16796856
  355
  16796857
  355
  16796858
  355
  16796859
  355
  16796860
  355
  16796861
  355
  16796862
  355
  16796863
  355
  16796864
  355
  16796865
  355
  16796866
  355
  16796867
  355
  16796868
  355
  16796869
  355
  16796870
  355
  16796871
  355
  16796872
  355
  16796873
  355
  16796874
  355
  16796875
  355
  16796876
  355
  16796877
  355
  16796878
  355
  16796879
  355
  16796880
  355
  16796881
  355
  16796882
  355
  16796883
  355
  16796884
  355
  16796885
  355
  16796886
  355
  16796887
  355
  16796888
  355
  16796889
  355
  16796890
  355
  16796891
  355
  16796892
  355
  16796893
  355
  16796894
  355
  16796895
  355
  16796896
  355
  16796897
  355
  16796898
  355
  16796899
  355
  16796900
  355
  16796901
  355
  16796902
  355
  16796903
  355
  16796904
  355
  16796905
  355
  16796906
  355
  16796907
  355
  16796908
  355
  16796909
  355
  16796910
  355
  16796911
  355
  16796912
  355
  16796913
  355
  16796914
  355
  16796915
  355
  16796916
  355
  16796917
  355
  16796918
  355
  16796919
  355
  16796920
  355
  16796921
  355
  16796922
  355
  16796923
  355
  16796924
  355
  16796925
  355
  16796926
  355
  16796927
  355
  16796928
  49174
  16796929
  49174
  16796930
  49174
  16796931
  49174
  16796932
  49174
  16796933
  49174
  16796934
  49174
  16796935
  49174
  16796936
  49174
  16796937
  49174
  16796938
  49174
  16796939
  49174
  16796940
  49174
  16796941
  49174
  16796942
  49174
  16796943
  49174
  16796944
  49174
  16796945
  49174
  16796946
  49174
  16796947
  49174
  16796948
  49174
  16796949
  49174
  16796950
  49174
  16796951
  49174
  16796952
  49174
  16796953
  49174
  16796954
  49174
  16796955
  49174
  16796956
  49174
  16796957
  49174
  16796958
  49174
  16796959
  49174
  16796960
  49174
  16796961
  49174
  16796962
  49174
  16796963
  49174
  16796964
  49174
  16796965
  49174
  16796966
  49174
  16796967
  49174
  16796968
  49174
  16796969
  49174
  16796970
  49174
  16796971
  49174
  16796972
  49174
  16796973
  49174
  16796974
  49174
  16796975
  49174
  16796976
  49174
  16796977
  49174
  16796978
  49174
  16796979
  49174
  16796980
  49174
  16796981
  49174
  16796982
  49174
  16796983
  49174
  16796984
  49174
  16796985
  49174
  16796986
  49174
  16796987
  49174
  16796988
  49174
  16796989
  49174
  16796990
  49174
  16796991
  49174
  16796992
  49174
  16796993
  49174
  16796994
  49174
  16796995
  49174
  16796996
  49174
  16796997
  49174
  16796998
  49174
  16796999
  49174
  16797000
  49174
  16797001
  49174
  16797002
  49174
  16797003
  49174
  16797004
  49174
  16797005
  49174
  16797006
  49174
  16797007
  49174
  16797008
  49174
  16797009
  49174
  16797010
  49174
  16797011
  49174
  16797012
  49174
  16797013
  49174
  16797014
  49174
  16797015
  49174
  16797016
  49174
  16797017
  49174
  16797018
  49174
  16797019
  49174
  16797020
  49174
  16797021
  49174
  16797022
  49174
  16797023
  49174
  16797024
  49174
  16797025
  49174
  16797026
  49174
  16797027
  49174
  16797028
  49174
  16797029
  49174
  16797030
  49174
  16797031
  49174
  16797032
  49174
  16797033
  49174
  16797034
  49174
  16797035
  49174
  16797036
  49174
  16797037
  49174
  16797038
  49174
  16797039
  49174
  16797040
  49174
  16797041
  49174
  16797042
  49174
  16797043
  49174
  16797044
  49174
  16797045
  49174
  16797046
  49174
  16797047
  49174
  16797048
  49174
  16797049
  49174
  16797050
  49174
  16797051
  49174
  16797052
  49174
  16797053
  49174
  16797054
  49174
  16797055
  49174
  16797056
  49174
  16797057
  49174
  16797058
  49174
  16797059
  49174
  16797060
  49174
  16797061
  49174
  16797062
  49174
  16797063
  49174
  16797064
  49174
  16797065
  49174
  16797066
  49174
  16797067
  49174
  16797068
  49174
  16797069
  49174
  16797070
  49174
  16797071
  49174
  16797072
  49174
  16797073
  49174
  16797074
  49174
  16797075
  49174
  16797076
  49174
  16797077
  49174
  16797078
  49174
  16797079
  49174
  16797080
  49174
  16797081
  49174
  16797082
  49174
  16797083
  49174
  16797084
  49174
  16797085
  49174
  16797086
  49174
  16797087
  49174
  16797088
  49174
  16797089
  49174
  16797090
  49174
  16797091
  49174
  16797092
  49174
  16797093
  49174
  16797094
  49174
  16797095
  49174
  16797096
  49174
  16797097
  49174
  16797098
  49174
  16797099
  49174
  16797100
  49174
  16797101
  49174
  16797102
  49174
  16797103
  49174
  16797104
  49174
  16797105
  49174
  16797106
  49174
  16797107
  49174
  16797108
  49174
  16797109
  49174
  16797110
  49174
  16797111
  49174
  16797112
  49174
  16797113
  49174
  16797114
  49174
  16797115
  49174
  16797116
  49174
  16797117
  49174
  16797118
  49174
  16797119
  49174
  16797120
  49174
  16797121
  49174
  16797122
  49174
  16797123
  49174
  16797124
  49174
  16797125
  49174
  16797126
  49174
  16797127
  49174
  16797128
  49174
  16797129
  49174
  16797130
  49174
  16797131
  49174
  16797132
  49174
  16797133
  49174
  16797134
  49174
  16797135
  49174
  16797136
  49174
  16797137
  49174
  16797138
  49174
  16797139
  49174
  16797140
  49174
  16797141
  49174
  16797142
  49174
  16797143
  49174
  16797144
  49174
  16797145
  49174
  16797146
  49174
  16797147
  49174
  16797148
  49174
  16797149
  49174
  16797150
  49174
  16797151
  49174
  16797152
  49174
  16797153
  49174
  16797154
  49174
  16797155
  49174
  16797156
  49174
  16797157
  49174
  16797158
  49174
  16797159
  49174
  16797160
  49174
  16797161
  49174
  16797162
  49174
  16797163
  49174
  16797164
  49174
  16797165
  49174
  16797166
  49174
  16797167
  49174
  16797168
  49174
  16797169
  49174
  16797170
  49174
  16797171
  49174
  16797172
  49174
  16797173
  49174
  16797174
  49174
  16797175
  49174
  16797176
  49174
  16797177
  49174
  16797178
  49174
  16797179
  49174
  16797180
  49174
  16797181
  49174
  16797182
  49174
  16797183
  49174
  16797184
  3073
  16797185
  3073
  16797186
  3073
  16797187
  3073
  16797188
  3073
  16797189
  3073
  16797190
  3073
  16797191
  3073
  16797192
  3073
  16797193
  3073
  16797194
  3073
  16797195
  3073
  16797196
  3073
  16797197
  3073
  16797198
  3073
  16797199
  3073
  16797200
  3073
  16797201
  3073
  16797202
  3073
  16797203
  3073
  16797204
  3073
  16797205
  3073
  16797206
  3073
  16797207
  3073
  16797208
  3073
  16797209
  3073
  16797210
  3073
  16797211
  3073
  16797212
  3073
  16797213
  3073
  16797214
  3073
  16797215
  3073
  16797216
  3073
  16797217
  3073
  16797218
  3073
  16797219
  3073
  16797220
  3073
  16797221
  3073
  16797222
  3073
  16797223
  3073
  16797224
  3073
  16797225
  3073
  16797226
  3073
  16797227
  3073
  16797228
  3073
  16797229
  3073
  16797230
  3073
  16797231
  3073
  16797232
  3073
  16797233
  3073
  16797234
  3073
  16797235
  3073
  16797236
  3073
  16797237
  3073
  16797238
  3073
  16797239
  3073
  16797240
  3073
  16797241
  3073
  16797242
  3073
  16797243
  3073
  16797244
  3073
  16797245
  3073
  16797246
  3073
  16797247
  3073
  16797248
  3073
  16797249
  3073
  16797250
  3073
  16797251
  3073
  16797252
  3073
  16797253
  3073
  16797254
  3073
  16797255
  3073
  16797256
  3073
  16797257
  3073
  16797258
  3073
  16797259
  3073
  16797260
  3073
  16797261
  3073
  16797262
  3073
  16797263
  3073
  16797264
  3073
  16797265
  3073
  16797266
  3073
  16797267
  3073
  16797268
  3073
  16797269
  3073
  16797270
  3073
  16797271
  3073
  16797272
  3073
  16797273
  3073
  16797274
  3073
  16797275
  3073
  16797276
  3073
  16797277
  3073
  16797278
  3073
  16797279
  3073
  16797280
  3073
  16797281
  3073
  16797282
  3073
  16797283
  3073
  16797284
  3073
  16797285
  3073
  16797286
  3073
  16797287
  3073
  16797288
  3073
  16797289
  3073
  16797290
  3073
  16797291
  3073
  16797292
  3073
  16797293
  3073
  16797294
  3073
  16797295
  3073
  16797296
  3073
  16797297
  3073
  16797298
  3073
  16797299
  3073
  16797300
  3073
  16797301
  3073
  16797302
  3073
  16797303
  3073
  16797304
  3073
  16797305
  3073
  16797306
  3073
  16797307
  3073
  16797308
  3073
  16797309
  3073
  16797310
  3073
  16797311
  3073
  16797312
  3073
  16797313
  3073
  16797314
  3073
  16797315
  3073
  16797316
  3073
  16797317
  3073
  16797318
  3073
  16797319
  3073
  16797320
  3073
  16797321
  3073
  16797322
  3073
  16797323
  3073
  16797324
  3073
  16797325
  3073
  16797326
  3073
  16797327
  3073
  16797328
  3073
  16797329
  3073
  16797330
  3073
  16797331
  3073
  16797332
  3073
  16797333
  3073
  16797334
  3073
  16797335
  3073
  16797336
  3073
  16797337
  3073
  16797338
  3073
  16797339
  3073
  16797340
  3073
  16797341
  3073
  16797342
  3073
  16797343
  3073
  16797344
  3073
  16797345
  3073
  16797346
  3073
  16797347
  3073
  16797348
  3073
  16797349
  3073
  16797350
  3073
  16797351
  3073
  16797352
  3073
  16797353
  3073
  16797354
  3073
  16797355
  3073
  16797356
  3073
  16797357
  3073
  16797358
  3073
  16797359
  3073
  16797360
  3073
  16797361
  3073
  16797362
  3073
  16797363
  3073
  16797364
  3073
  16797365
  3073
  16797366
  3073
  16797367
  3073
  16797368
  3073
  16797369
  3073
  16797370
  3073
  16797371
  3073
  16797372
  3073
  16797373
  3073
  16797374
  3073
  16797375
  3073
  16797376
  3073
  16797377
  3073
  16797378
  3073
  16797379
  3073
  16797380
  3073
  16797381
  3073
  16797382
  3073
  16797383
  3073
  16797384
  3073
  16797385
  3073
  16797386
  3073
  16797387
  3073
  16797388
  3073
  16797389
  3073
  16797390
  3073
  16797391
  3073
  16797392
  3073
  16797393
  3073
  16797394
  3073
  16797395
  3073
  16797396
  3073
  16797397
  3073
  16797398
  3073
  16797399
  3073
  16797400
  3073
  16797401
  3073
  16797402
  3073
  16797403
  3073
  16797404
  3073
  16797405
  3073
  16797406
  3073
  16797407
  3073
  16797408
  3073
  16797409
  3073
  16797410
  3073
  16797411
  3073
  16797412
  3073
  16797413
  3073
  16797414
  3073
  16797415
  3073
  16797416
  3073
  16797417
  3073
  16797418
  3073
  16797419
  3073
  16797420
  3073
  16797421
  3073
  16797422
  3073
  16797423
  3073
  16797424
  3073
  16797425
  3073
  16797426
  3073
  16797427
  3073
  16797428
  3073
  16797429
  3073
  16797430
  3073
  16797431
  3073
  16797432
  3073
  16797433
  3073
  16797434
  3073
  16797435
  3073
  16797436
  3073
  16797437
  3073
  16797438
  3073
  16797439
  3073
  16797440
  192
  16797441
  192
  16797442
  192
  16797443
  192
  16797444
  192
  16797445
  192
  16797446
  192
  16797447
  192
  16797448
  192
  16797449
  192
  16797450
  192
  16797451
  192
  16797452
  192
  16797453
  192
  16797454
  192
  16797455
  192
  16797456
  192
  16797457
  192
  16797458
  192
  16797459
  192
  16797460
  192
  16797461
  192
  16797462
  192
  16797463
  192
  16797464
  192
  16797465
  192
  16797466
  192
  16797467
  192
  16797468
  192
  16797469
  192
  16797470
  192
  16797471
  192
  16797472
  192
  16797473
  192
  16797474
  192
  16797475
  192
  16797476
  192
  16797477
  192
  16797478
  192
  16797479
  192
  16797480
  192
  16797481
  192
  16797482
  192
  16797483
  192
  16797484
  192
  16797485
  192
  16797486
  192
  16797487
  192
  16797488
  192
  16797489
  192
  16797490
  192
  16797491
  192
  16797492
  192
  16797493
  192
  16797494
  192
  16797495
  192
  16797496
  192
  16797497
  192
  16797498
  192
  16797499
  192
  16797500
  192
  16797501
  192
  16797502
  192
  16797503
  192
  16797504
  192
  16797505
  192
  16797506
  192
  16797507
  192
  16797508
  192
  16797509
  192
  16797510
  192
  16797511
  192
  16797512
  192
  16797513
  192
  16797514
  192
  16797515
  192
  16797516
  192
  16797517
  192
  16797518
  192
  16797519
  192
  16797520
  192
  16797521
  192
  16797522
  192
  16797523
  192
  16797524
  192
  16797525
  192
  16797526
  192
  16797527
  192
  16797528
  192
  16797529
  192
  16797530
  192
  16797531
  192
  16797532
  192
  16797533
  192
  16797534
  192
  16797535
  192
  16797536
  192
  16797537
  192
  16797538
  192
  16797539
  192
  16797540
  192
  16797541
  192
  16797542
  192
  16797543
  192
  16797544
  192
  16797545
  192
  16797546
  192
  16797547
  192
  16797548
  192
  16797549
  192
  16797550
  192
  16797551
  192
  16797552
  192
  16797553
  192
  16797554
  192
  16797555
  192
  16797556
  192
  16797557
  192
  16797558
  192
  16797559
  192
  16797560
  192
  16797561
  192
  16797562
  192
  16797563
  192
  16797564
  192
  16797565
  192
  16797566
  192
  16797567
  192
  16797568
  192
  16797569
  192
  16797570
  192
  16797571
  192
  16797572
  192
  16797573
  192
  16797574
  192
  16797575
  192
  16797576
  192
  16797577
  192
  16797578
  192
  16797579
  192
  16797580
  192
  16797581
  192
  16797582
  192
  16797583
  192
  16797584
  192
  16797585
  192
  16797586
  192
  16797587
  192
  16797588
  192
  16797589
  192
  16797590
  192
  16797591
  192
  16797592
  192
  16797593
  192
  16797594
  192
  16797595
  192
  16797596
  192
  16797597
  192
  16797598
  192
  16797599
  192
  16797600
  192
  16797601
  192
  16797602
  192
  16797603
  192
  16797604
  192
  16797605
  192
  16797606
  192
  16797607
  192
  16797608
  192
  16797609
  192
  16797610
  192
  16797611
  192
  16797612
  192
  16797613
  192
  16797614
  192
  16797615
  192
  16797616
  192
  16797617
  192
  16797618
  192
  16797619
  192
  16797620
  192
  16797621
  192
  16797622
  192
  16797623
  192
  16797624
  192
  16797625
  192
  16797626
  192
  16797627
  192
  16797628
  192
  16797629
  192
  16797630
  192
  16797631
  192
  16797632
  192
  16797633
  192
  16797634
  192
  16797635
  192
  16797636
  192
  16797637
  192
  16797638
  192
  16797639
  192
  16797640
  192
  16797641
  192
  16797642
  192
  16797643
  192
  16797644
  192
  16797645
  192
  16797646
  192
  16797647
  192
  16797648
  192
  16797649
  192
  16797650
  192
  16797651
  192
  16797652
  192
  16797653
  192
  16797654
  192
  16797655
  192
  16797656
  192
  16797657
  192
  16797658
  192
  16797659
  192
  16797660
  192
  16797661
  192
  16797662
  192
  16797663
  192
  16797664
  192
  16797665
  192
  16797666
  192
  16797667
  192
  16797668
  192
  16797669
  192
  16797670
  192
  16797671
  192
  16797672
  192
  16797673
  192
  16797674
  192
  16797675
  192
  16797676
  192
  16797677
  192
  16797678
  192
  16797679
  192
  16797680
  192
  16797681
  192
  16797682
  192
  16797683
  192
  16797684
  192
  16797685
  192
  16797686
  192
  16797687
  192
  16797688
  192
  16797689
  192
  16797690
  192
  16797691
  192
  16797692
  192
  16797693
  192
  16797694
  192
  16797695
  192
  16797696
  57356
  16797697
  57356
  16797698
  57356
  16797699
  57356
  16797700
  57356
  16797701
  57356
  16797702
  57356
  16797703
  57356
  16797704
  57356
  16797705
  57356
  16797706
  57356
  16797707
  57356
  16797708
  57356
  16797709
  57356
  16797710
  57356
  16797711
  57356
  16797712
  57356
  16797713
  57356
  16797714
  57356
  16797715
  57356
  16797716
  57356
  16797717
  57356
  16797718
  57356
  16797719
  57356
  16797720
  57356
  16797721
  57356
  16797722
  57356
  16797723
  57356
  16797724
  57356
  16797725
  57356
  16797726
  57356
  16797727
  57356
  16797728
  57356
  16797729
  57356
  16797730
  57356
  16797731
  57356
  16797732
  57356
  16797733
  57356
  16797734
  57356
  16797735
  57356
  16797736
  57356
  16797737
  57356
  16797738
  57356
  16797739
  57356
  16797740
  57356
  16797741
  57356
  16797742
  57356
  16797743
  57356
  16797744
  57356
  16797745
  57356
  16797746
  57356
  16797747
  57356
  16797748
  57356
  16797749
  57356
  16797750
  57356
  16797751
  57356
  16797752
  57356
  16797753
  57356
  16797754
  57356
  16797755
  57356
  16797756
  57356
  16797757
  57356
  16797758
  57356
  16797759
  57356
  16797760
  57356
  16797761
  57356
  16797762
  57356
  16797763
  57356
  16797764
  57356
  16797765
  57356
  16797766
  57356
  16797767
  57356
  16797768
  57356
  16797769
  57356
  16797770
  57356
  16797771
  57356
  16797772
  57356
  16797773
  57356
  16797774
  57356
  16797775
  57356
  16797776
  57356
  16797777
  57356
  16797778
  57356
  16797779
  57356
  16797780
  57356
  16797781
  57356
  16797782
  57356
  16797783
  57356
  16797784
  57356
  16797785
  57356
  16797786
  57356
  16797787
  57356
  16797788
  57356
  16797789
  57356
  16797790
  57356
  16797791
  57356
  16797792
  57356
  16797793
  57356
  16797794
  57356
  16797795
  57356
  16797796
  57356
  16797797
  57356
  16797798
  57356
  16797799
  57356
  16797800
  57356
  16797801
  57356
  16797802
  57356
  16797803
  57356
  16797804
  57356
  16797805
  57356
  16797806
  57356
  16797807
  57356
  16797808
  57356
  16797809
  57356
  16797810
  57356
  16797811
  57356
  16797812
  57356
  16797813
  57356
  16797814
  57356
  16797815
  57356
  16797816
  57356
  16797817
  57356
  16797818
  57356
  16797819
  57356
  16797820
  57356
  16797821
  57356
  16797822
  57356
  16797823
  57356
  16797824
  57356
  16797825
  57356
  16797826
  57356
  16797827
  57356
  16797828
  57356
  16797829
  57356
  16797830
  57356
  16797831
  57356
  16797832
  57356
  16797833
  57356
  16797834
  57356
  16797835
  57356
  16797836
  57356
  16797837
  57356
  16797838
  57356
  16797839
  57356
  16797840
  57356
  16797841
  57356
  16797842
  57356
  16797843
  57356
  16797844
  57356
  16797845
  57356
  16797846
  57356
  16797847
  57356
  16797848
  57356
  16797849
  57356
  16797850
  57356
  16797851
  57356
  16797852
  57356
  16797853
  57356
  16797854
  57356
  16797855
  57356
  16797856
  57356
  16797857
  57356
  16797858
  57356
  16797859
  57356
  16797860
  57356
  16797861
  57356
  16797862
  57356
  16797863
  57356
  16797864
  57356
  16797865
  57356
  16797866
  57356
  16797867
  57356
  16797868
  57356
  16797869
  57356
  16797870
  57356
  16797871
  57356
  16797872
  57356
  16797873
  57356
  16797874
  57356
  16797875
  57356
  16797876
  57356
  16797877
  57356
  16797878
  57356
  16797879
  57356
  16797880
  57356
  16797881
  57356
  16797882
  57356
  16797883
  57356
  16797884
  57356
  16797885
  57356
  16797886
  57356
  16797887
  57356
  16797888
  57356
  16797889
  57356
  16797890
  57356
  16797891
  57356
  16797892
  57356
  16797893
  57356
  16797894
  57356
  16797895
  57356
  16797896
  57356
  16797897
  57356
  16797898
  57356
  16797899
  57356
  16797900
  57356
  16797901
  57356
  16797902
  57356
  16797903
  57356
  16797904
  57356
  16797905
  57356
  16797906
  57356
  16797907
  57356
  16797908
  57356
  16797909
  57356
  16797910
  57356
  16797911
  57356
  16797912
  57356
  16797913
  57356
  16797914
  57356
  16797915
  57356
  16797916
  57356
  16797917
  57356
  16797918
  57356
  16797919
  57356
  16797920
  57356
  16797921
  57356
  16797922
  57356
  16797923
  57356
  16797924
  57356
  16797925
  57356
  16797926
  57356
  16797927
  57356
  16797928
  57356
  16797929
  57356
  16797930
  57356
  16797931
  57356
  16797932
  57356
  16797933
  57356
  16797934
  57356
  16797935
  57356
  16797936
  57356
  16797937
  57356
  16797938
  57356
  16797939
  57356
  16797940
  57356
  16797941
  57356
  16797942
  57356
  16797943
  57356
  16797944
  57356
  16797945
  57356
  16797946
  57356
  16797947
  57356
  16797948
  57356
  16797949
  57356
  16797950
  57356
  16797951
  57356
  16797952
  60928
  16797953
  60928
  16797954
  60928
  16797955
  60928
  16797956
  60928
  16797957
  60928
  16797958
  60928
  16797959
  60928
  16797960
  60928
  16797961
  60928
  16797962
  60928
  16797963
  60928
  16797964
  60928
  16797965
  60928
  16797966
  60928
  16797967
  60928
  16797968
  60928
  16797969
  60928
  16797970
  60928
  16797971
  60928
  16797972
  60928
  16797973
  60928
  16797974
  60928
  16797975
  60928
  16797976
  60928
  16797977
  60928
  16797978
  60928
  16797979
  60928
  16797980
  60928
  16797981
  60928
  16797982
  60928
  16797983
  60928
  16797984
  60928
  16797985
  60928
  16797986
  60928
  16797987
  60928
  16797988
  60928
  16797989
  60928
  16797990
  60928
  16797991
  60928
  16797992
  60928
  16797993
  60928
  16797994
  60928
  16797995
  60928
  16797996
  60928
  16797997
  60928
  16797998
  60928
  16797999
  60928
  16798000
  60928
  16798001
  60928
  16798002
  60928
  16798003
  60928
  16798004
  60928
  16798005
  60928
  16798006
  60928
  16798007
  60928
  16798008
  60928
  16798009
  60928
  16798010
  60928
  16798011
  60928
  16798012
  60928
  16798013
  60928
  16798014
  60928
  16798015
  60928
  16798016
  60928
  16798017
  60928
  16798018
  60928
  16798019
  60928
  16798020
  60928
  16798021
  60928
  16798022
  60928
  16798023
  60928
  16798024
  60928
  16798025
  60928
  16798026
  60928
  16798027
  60928
  16798028
  60928
  16798029
  60928
  16798030
  60928
  16798031
  60928
  16798032
  60928
  16798033
  60928
  16798034
  60928
  16798035
  60928
  16798036
  60928
  16798037
  60928
  16798038
  60928
  16798039
  60928
  16798040
  60928
  16798041
  60928
  16798042
  60928
  16798043
  60928
  16798044
  60928
  16798045
  60928
  16798046
  60928
  16798047
  60928
  16798048
  60928
  16798049
  60928
  16798050
  60928
  16798051
  60928
  16798052
  60928
  16798053
  60928
  16798054
  60928
  16798055
  60928
  16798056
  60928
  16798057
  60928
  16798058
  60928
  16798059
  60928
  16798060
  60928
  16798061
  60928
  16798062
  60928
  16798063
  60928
  16798064
  60928
  16798065
  60928
  16798066
  60928
  16798067
  60928
  16798068
  60928
  16798069
  60928
  16798070
  60928
  16798071
  60928
  16798072
  60928
  16798073
  60928
  16798074
  60928
  16798075
  60928
  16798076
  60928
  16798077
  60928
  16798078
  60928
  16798079
  60928
  16798080
  60928
  16798081
  60928
  16798082
  60928
  16798083
  60928
  16798084
  60928
  16798085
  60928
  16798086
  60928
  16798087
  60928
  16798088
  60928
  16798089
  60928
  16798090
  60928
  16798091
  60928
  16798092
  60928
  16798093
  60928
  16798094
  60928
  16798095
  60928
  16798096
  60928
  16798097
  60928
  16798098
  60928
  16798099
  60928
  16798100
  60928
  16798101
  60928
  16798102
  60928
  16798103
  60928
  16798104
  60928
  16798105
  60928
  16798106
  60928
  16798107
  60928
  16798108
  60928
  16798109
  60928
  16798110
  60928
  16798111
  60928
  16798112
  60928
  16798113
  60928
  16798114
  60928
  16798115
  60928
  16798116
  60928
  16798117
  60928
  16798118
  60928
  16798119
  60928
  16798120
  60928
  16798121
  60928
  16798122
  60928
  16798123
  60928
  16798124
  60928
  16798125
  60928
  16798126
  60928
  16798127
  60928
  16798128
  60928
  16798129
  60928
  16798130
  60928
  16798131
  60928
  16798132
  60928
  16798133
  60928
  16798134
  60928
  16798135
  60928
  16798136
  60928
  16798137
  60928
  16798138
  60928
  16798139
  60928
  16798140
  60928
  16798141
  60928
  16798142
  60928
  16798143
  60928
  16798144
  60928
  16798145
  60928
  16798146
  60928
  16798147
  60928
  16798148
  60928
  16798149
  60928
  16798150
  60928
  16798151
  60928
  16798152
  60928
  16798153
  60928
  16798154
  60928
  16798155
  60928
  16798156
  60928
  16798157
  60928
  16798158
  60928
  16798159
  60928
  16798160
  60928
  16798161
  60928
  16798162
  60928
  16798163
  60928
  16798164
  60928
  16798165
  60928
  16798166
  60928
  16798167
  60928
  16798168
  60928
  16798169
  60928
  16798170
  60928
  16798171
  60928
  16798172
  60928
  16798173
  60928
  16798174
  60928
  16798175
  60928
  16798176
  60928
  16798177
  60928
  16798178
  60928
  16798179
  60928
  16798180
  60928
  16798181
  60928
  16798182
  60928
  16798183
  60928
  16798184
  60928
  16798185
  60928
  16798186
  60928
  16798187
  60928
  16798188
  60928
  16798189
  60928
  16798190
  60928
  16798191
  60928
  16798192
  60928
  16798193
  60928
  16798194
  60928
  16798195
  60928
  16798196
  60928
  16798197
  60928
  16798198
  60928
  16798199
  60928
  16798200
  60928
  16798201
  60928
  16798202
  60928
  16798203
  60928
  16798204
  60928
  16798205
  60928
  16798206
  60928
  16798207
  60928
  16798208
  40672
  16798209
  40672
  16798210
  40672
  16798211
  40672
  16798212
  40672
  16798213
  40672
  16798214
  40672
  16798215
  40672
  16798216
  40672
  16798217
  40672
  16798218
  40672
  16798219
  40672
  16798220
  40672
  16798221
  40672
  16798222
  40672
  16798223
  40672
  16798224
  40672
  16798225
  40672
  16798226
  40672
  16798227
  40672
  16798228
  40672
  16798229
  40672
  16798230
  40672
  16798231
  40672
  16798232
  40672
  16798233
  40672
  16798234
  40672
  16798235
  40672
  16798236
  40672
  16798237
  40672
  16798238
  40672
  16798239
  40672
  16798240
  40672
  16798241
  40672
  16798242
  40672
  16798243
  40672
  16798244
  40672
  16798245
  40672
  16798246
  40672
  16798247
  40672
  16798248
  40672
  16798249
  40672
  16798250
  40672
  16798251
  40672
  16798252
  40672
  16798253
  40672
  16798254
  40672
  16798255
  40672
  16798256
  40672
  16798257
  40672
  16798258
  40672
  16798259
  40672
  16798260
  40672
  16798261
  40672
  16798262
  40672
  16798263
  40672
  16798264
  40672
  16798265
  40672
  16798266
  40672
  16798267
  40672
  16798268
  40672
  16798269
  40672
  16798270
  40672
  16798271
  40672
  16798272
  40672
  16798273
  40672
  16798274
  40672
  16798275
  40672
  16798276
  40672
  16798277
  40672
  16798278
  40672
  16798279
  40672
  16798280
  40672
  16798281
  40672
  16798282
  40672
  16798283
  40672
  16798284
  40672
  16798285
  40672
  16798286
  40672
  16798287
  40672
  16798288
  40672
  16798289
  40672
  16798290
  40672
  16798291
  40672
  16798292
  40672
  16798293
  40672
  16798294
  40672
  16798295
  40672
  16798296
  40672
  16798297
  40672
  16798298
  40672
  16798299
  40672
  16798300
  40672
  16798301
  40672
  16798302
  40672
  16798303
  40672
  16798304
  40672
  16798305
  40672
  16798306
  40672
  16798307
  40672
  16798308
  40672
  16798309
  40672
  16798310
  40672
  16798311
  40672
  16798312
  40672
  16798313
  40672
  16798314
  40672
  16798315
  40672
  16798316
  40672
  16798317
  40672
  16798318
  40672
  16798319
  40672
  16798320
  40672
  16798321
  40672
  16798322
  40672
  16798323
  40672
  16798324
  40672
  16798325
  40672
  16798326
  40672
  16798327
  40672
  16798328
  40672
  16798329
  40672
  16798330
  40672
  16798331
  40672
  16798332
  40672
  16798333
  40672
  16798334
  40672
  16798335
  40672
  16798336
  40672
  16798337
  40672
  16798338
  40672
  16798339
  40672
  16798340
  40672
  16798341
  40672
  16798342
  40672
  16798343
  40672
  16798344
  40672
  16798345
  40672
  16798346
  40672
  16798347
  40672
  16798348
  40672
  16798349
  40672
  16798350
  40672
  16798351
  40672
  16798352
  40672
  16798353
  40672
  16798354
  40672
  16798355
  40672
  16798356
  40672
  16798357
  40672
  16798358
  40672
  16798359
  40672
  16798360
  40672
  16798361
  40672
  16798362
  40672
  16798363
  40672
  16798364
  40672
  16798365
  40672
  16798366
  40672
  16798367
  40672
  16798368
  40672
  16798369
  40672
  16798370
  40672
  16798371
  40672
  16798372
  40672
  16798373
  40672
  16798374
  40672
  16798375
  40672
  16798376
  40672
  16798377
  40672
  16798378
  40672
  16798379
  40672
  16798380
  40672
  16798381
  40672
  16798382
  40672
  16798383
  40672
  16798384
  40672
  16798385
  40672
  16798386
  40672
  16798387
  40672
  16798388
  40672
  16798389
  40672
  16798390
  40672
  16798391
  40672
  16798392
  40672
  16798393
  40672
  16798394
  40672
  16798395
  40672
  16798396
  40672
  16798397
  40672
  16798398
  40672
  16798399
  40672
  16798400
  40672
  16798401
  40672
  16798402
  40672
  16798403
  40672
  16798404
  40672
  16798405
  40672
  16798406
  40672
  16798407
  40672
  16798408
  40672
  16798409
  40672
  16798410
  40672
  16798411
  40672
  16798412
  40672
  16798413
  40672
  16798414
  40672
  16798415
  40672
  16798416
  40672
  16798417
  40672
  16798418
  40672
  16798419
  40672
  16798420
  40672
  16798421
  40672
  16798422
  40672
  16798423
  40672
  16798424
  40672
  16798425
  40672
  16798426
  40672
  16798427
  40672
  16798428
  40672
  16798429
  40672
  16798430
  40672
  16798431
  40672
  16798432
  40672
  16798433
  40672
  16798434
  40672
  16798435
  40672
  16798436
  40672
  16798437
  40672
  16798438
  40672
  16798439
  40672
  16798440
  40672
  16798441
  40672
  16798442
  40672
  16798443
  40672
  16798444
  40672
  16798445
  40672
  16798446
  40672
  16798447
  40672
  16798448
  40672
  16798449
  40672
  16798450
  40672
  16798451
  40672
  16798452
  40672
  16798453
  40672
  16798454
  40672
  16798455
  40672
  16798456
  40672
  16798457
  40672
  16798458
  40672
  16798459
  40672
  16798460
  40672
  16798461
  40672
  16798462
  40672
  16798463
  40672
  16798464
  43502
  16798465
  43502
  16798466
  43502
  16798467
  43502
  16798468
  43502
  16798469
  43502
  16798470
  43502
  16798471
  43502
  16798472
  43502
  16798473
  43502
  16798474
  43502
  16798475
  43502
  16798476
  43502
  16798477
  43502
  16798478
  43502
  16798479
  43502
  16798480
  43502
  16798481
  43502
  16798482
  43502
  16798483
  43502
  16798484
  43502
  16798485
  43502
  16798486
  43502
  16798487
  43502
  16798488
  43502
  16798489
  43502
  16798490
  43502
  16798491
  43502
  16798492
  43502
  16798493
  43502
  16798494
  43502
  16798495
  43502
  16798496
  43502
  16798497
  43502
  16798498
  43502
  16798499
  43502
  16798500
  43502
  16798501
  43502
  16798502
  43502
  16798503
  43502
  16798504
  43502
  16798505
  43502
  16798506
  43502
  16798507
  43502
  16798508
  43502
  16798509
  43502
  16798510
  43502
  16798511
  43502
  16798512
  43502
  16798513
  43502
  16798514
  43502
  16798515
  43502
  16798516
  43502
  16798517
  43502
  16798518
  43502
  16798519
  43502
  16798520
  43502
  16798521
  43502
  16798522
  43502
  16798523
  43502
  16798524
  43502
  16798525
  43502
  16798526
  43502
  16798527
  43502
  16798528
  43502
  16798529
  43502
  16798530
  43502
  16798531
  43502
  16798532
  43502
  16798533
  43502
  16798534
  43502
  16798535
  43502
  16798536
  43502
  16798537
  43502
  16798538
  43502
  16798539
  43502
  16798540
  43502
  16798541
  43502
  16798542
  43502
  16798543
  43502
  16798544
  43502
  16798545
  43502
  16798546
  43502
  16798547
  43502
  16798548
  43502
  16798549
  43502
  16798550
  43502
  16798551
  43502
  16798552
  43502
  16798553
  43502
  16798554
  43502
  16798555
  43502
  16798556
  43502
  16798557
  43502
  16798558
  43502
  16798559
  43502
  16798560
  43502
  16798561
  43502
  16798562
  43502
  16798563
  43502
  16798564
  43502
  16798565
  43502
  16798566
  43502
  16798567
  43502
  16798568
  43502
  16798569
  43502
  16798570
  43502
  16798571
  43502
  16798572
  43502
  16798573
  43502
  16798574
  43502
  16798575
  43502
  16798576
  43502
  16798577
  43502
  16798578
  43502
  16798579
  43502
  16798580
  43502
  16798581
  43502
  16798582
  43502
  16798583
  43502
  16798584
  43502
  16798585
  43502
  16798586
  43502
  16798587
  43502
  16798588
  43502
  16798589
  43502
  16798590
  43502
  16798591
  43502
  16798592
  43502
  16798593
  43502
  16798594
  43502
  16798595
  43502
  16798596
  43502
  16798597
  43502
  16798598
  43502
  16798599
  43502
  16798600
  43502
  16798601
  43502
  16798602
  43502
  16798603
  43502
  16798604
  43502
  16798605
  43502
  16798606
  43502
  16798607
  43502
  16798608
  43502
  16798609
  43502
  16798610
  43502
  16798611
  43502
  16798612
  43502
  16798613
  43502
  16798614
  43502
  16798615
  43502
  16798616
  43502
  16798617
  43502
  16798618
  43502
  16798619
  43502
  16798620
  43502
  16798621
  43502
  16798622
  43502
  16798623
  43502
  16798624
  43502
  16798625
  43502
  16798626
  43502
  16798627
  43502
  16798628
  43502
  16798629
  43502
  16798630
  43502
  16798631
  43502
  16798632
  43502
  16798633
  43502
  16798634
  43502
  16798635
  43502
  16798636
  43502
  16798637
  43502
  16798638
  43502
  16798639
  43502
  16798640
  43502
  16798641
  43502
  16798642
  43502
  16798643
  43502
  16798644
  43502
  16798645
  43502
  16798646
  43502
  16798647
  43502
  16798648
  43502
  16798649
  43502
  16798650
  43502
  16798651
  43502
  16798652
  43502
  16798653
  43502
  16798654
  43502
  16798655
  43502
  16798656
  43502
  16798657
  43502
  16798658
  43502
  16798659
  43502
  16798660
  43502
  16798661
  43502
  16798662
  43502
  16798663
  43502
  16798664
  43502
  16798665
  43502
  16798666
  43502
  16798667
  43502
  16798668
  43502
  16798669
  43502
  16798670
  43502
  16798671
  43502
  16798672
  43502
  16798673
  43502
  16798674
  43502
  16798675
  43502
  16798676
  43502
  16798677
  43502
  16798678
  43502
  16798679
  43502
  16798680
  43502
  16798681
  43502
  16798682
  43502
  16798683
  43502
  16798684
  43502
  16798685
  43502
  16798686
  43502
  16798687
  43502
  16798688
  43502
  16798689
  43502
  16798690
  43502
  16798691
  43502
  16798692
  43502
  16798693
  43502
  16798694
  43502
  16798695
  43502
  16798696
  43502
  16798697
  43502
  16798698
  43502
  16798699
  43502
  16798700
  43502
  16798701
  43502
  16798702
  43502
  16798703
  43502
  16798704
  43502
  16798705
  43502
  16798706
  43502
  16798707
  43502
  16798708
  43502
  16798709
  43502
  16798710
  43502
  16798711
  43502
  16798712
  43502
  16798713
  43502
  16798714
  43502
  16798715
  43502
  16798716
  43502
  16798717
  43502
  16798718
  43502
  16798719
  43502
  16798720
  2718
  16798721
  2718
  16798722
  2718
  16798723
  2718
  16798724
  2718
  16798725
  2718
  16798726
  2718
  16798727
  2718
  16798728
  2718
  16798729
  2718
  16798730
  2718
  16798731
  2718
  16798732
  2718
  16798733
  2718
  16798734
  2718
  16798735
  2718
  16798736
  2718
  16798737
  2718
  16798738
  2718
  16798739
  2718
  16798740
  2718
  16798741
  2718
  16798742
  2718
  16798743
  2718
  16798744
  2718
  16798745
  2718
  16798746
  2718
  16798747
  2718
  16798748
  2718
  16798749
  2718
  16798750
  2718
  16798751
  2718
  16798752
  2718
  16798753
  2718
  16798754
  2718
  16798755
  2718
  16798756
  2718
  16798757
  2718
  16798758
  2718
  16798759
  2718
  16798760
  2718
  16798761
  2718
  16798762
  2718
  16798763
  2718
  16798764
  2718
  16798765
  2718
  16798766
  2718
  16798767
  2718
  16798768
  2718
  16798769
  2718
  16798770
  2718
  16798771
  2718
  16798772
  2718
  16798773
  2718
  16798774
  2718
  16798775
  2718
  16798776
  2718
  16798777
  2718
  16798778
  2718
  16798779
  2718
  16798780
  2718
  16798781
  2718
  16798782
  2718
  16798783
  2718
  16798784
  2718
  16798785
  2718
  16798786
  2718
  16798787
  2718
  16798788
  2718
  16798789
  2718
  16798790
  2718
  16798791
  2718
  16798792
  2718
  16798793
  2718
  16798794
  2718
  16798795
  2718
  16798796
  2718
  16798797
  2718
  16798798
  2718
  16798799
  2718
  16798800
  2718
  16798801
  2718
  16798802
  2718
  16798803
  2718
  16798804
  2718
  16798805
  2718
  16798806
  2718
  16798807
  2718
  16798808
  2718
  16798809
  2718
  16798810
  2718
  16798811
  2718
  16798812
  2718
  16798813
  2718
  16798814
  2718
  16798815
  2718
  16798816
  2718
  16798817
  2718
  16798818
  2718
  16798819
  2718
  16798820
  2718
  16798821
  2718
  16798822
  2718
  16798823
  2718
  16798824
  2718
  16798825
  2718
  16798826
  2718
  16798827
  2718
  16798828
  2718
  16798829
  2718
  16798830
  2718
  16798831
  2718
  16798832
  2718
  16798833
  2718
  16798834
  2718
  16798835
  2718
  16798836
  2718
  16798837
  2718
  16798838
  2718
  16798839
  2718
  16798840
  2718
  16798841
  2718
  16798842
  2718
  16798843
  2718
  16798844
  2718
  16798845
  2718
  16798846
  2718
  16798847
  2718
  16798848
  2718
  16798849
  2718
  16798850
  2718
  16798851
  2718
  16798852
  2718
  16798853
  2718
  16798854
  2718
  16798855
  2718
  16798856
  2718
  16798857
  2718
  16798858
  2718
  16798859
  2718
  16798860
  2718
  16798861
  2718
  16798862
  2718
  16798863
  2718
  16798864
  2718
  16798865
  2718
  16798866
  2718
  16798867
  2718
  16798868
  2718
  16798869
  2718
  16798870
  2718
  16798871
  2718
  16798872
  2718
  16798873
  2718
  16798874
  2718
  16798875
  2718
  16798876
  2718
  16798877
  2718
  16798878
  2718
  16798879
  2718
  16798880
  2718
  16798881
  2718
  16798882
  2718
  16798883
  2718
  16798884
  2718
  16798885
  2718
  16798886
  2718
  16798887
  2718
  16798888
  2718
  16798889
  2718
  16798890
  2718
  16798891
  2718
  16798892
  2718
  16798893
  2718
  16798894
  2718
  16798895
  2718
  16798896
  2718
  16798897
  2718
  16798898
  2718
  16798899
  2718
  16798900
  2718
  16798901
  2718
  16798902
  2718
  16798903
  2718
  16798904
  2718
  16798905
  2718
  16798906
  2718
  16798907
  2718
  16798908
  2718
  16798909
  2718
  16798910
  2718
  16798911
  2718
  16798912
  2718
  16798913
  2718
  16798914
  2718
  16798915
  2718
  16798916
  2718
  16798917
  2718
  16798918
  2718
  16798919
  2718
  16798920
  2718
  16798921
  2718
  16798922
  2718
  16798923
  2718
  16798924
  2718
  16798925
  2718
  16798926
  2718
  16798927
  2718
  16798928
  2718
  16798929
  2718
  16798930
  2718
  16798931
  2718
  16798932
  2718
  16798933
  2718
  16798934
  2718
  16798935
  2718
  16798936
  2718
  16798937
  2718
  16798938
  2718
  16798939
  2718
  16798940
  2718
  16798941
  2718
  16798942
  2718
  16798943
  2718
  16798944
  2718
  16798945
  2718
  16798946
  2718
  16798947
  2718
  16798948
  2718
  16798949
  2718
  16798950
  2718
  16798951
  2718
  16798952
  2718
  16798953
  2718
  16798954
  2718
  16798955
  2718
  16798956
  2718
  16798957
  2718
  16798958
  2718
  16798959
  2718
  16798960
  2718
  16798961
  2718
  16798962
  2718
  16798963
  2718
  16798964
  2718
  16798965
  2718
  16798966
  2718
  16798967
  2718
  16798968
  2718
  16798969
  2718
  16798970
  2718
  16798971
  2718
  16798972
  2718
  16798973
  2718
  16798974
  2718
  16798975
  2718
  16798976
  32937
  16798977
  32937
  16798978
  32937
  16798979
  32937
  16798980
  32937
  16798981
  32937
  16798982
  32937
  16798983
  32937
  16798984
  32937
  16798985
  32937
  16798986
  32937
  16798987
  32937
  16798988
  32937
  16798989
  32937
  16798990
  32937
  16798991
  32937
  16798992
  32937
  16798993
  32937
  16798994
  32937
  16798995
  32937
  16798996
  32937
  16798997
  32937
  16798998
  32937
  16798999
  32937
  16799000
  32937
  16799001
  32937
  16799002
  32937
  16799003
  32937
  16799004
  32937
  16799005
  32937
  16799006
  32937
  16799007
  32937
  16799008
  32937
  16799009
  32937
  16799010
  32937
  16799011
  32937
  16799012
  32937
  16799013
  32937
  16799014
  32937
  16799015
  32937
  16799016
  32937
  16799017
  32937
  16799018
  32937
  16799019
  32937
  16799020
  32937
  16799021
  32937
  16799022
  32937
  16799023
  32937
  16799024
  32937
  16799025
  32937
  16799026
  32937
  16799027
  32937
  16799028
  32937
  16799029
  32937
  16799030
  32937
  16799031
  32937
  16799032
  32937
  16799033
  32937
  16799034
  32937
  16799035
  32937
  16799036
  32937
  16799037
  32937
  16799038
  32937
  16799039
  32937
  16799040
  32937
  16799041
  32937
  16799042
  32937
  16799043
  32937
  16799044
  32937
  16799045
  32937
  16799046
  32937
  16799047
  32937
  16799048
  32937
  16799049
  32937
  16799050
  32937
  16799051
  32937
  16799052
  32937
  16799053
  32937
  16799054
  32937
  16799055
  32937
  16799056
  32937
  16799057
  32937
  16799058
  32937
  16799059
  32937
  16799060
  32937
  16799061
  32937
  16799062
  32937
  16799063
  32937
  16799064
  32937
  16799065
  32937
  16799066
  32937
  16799067
  32937
  16799068
  32937
  16799069
  32937
  16799070
  32937
  16799071
  32937
  16799072
  32937
  16799073
  32937
  16799074
  32937
  16799075
  32937
  16799076
  32937
  16799077
  32937
  16799078
  32937
  16799079
  32937
  16799080
  32937
  16799081
  32937
  16799082
  32937
  16799083
  32937
  16799084
  32937
  16799085
  32937
  16799086
  32937
  16799087
  32937
  16799088
  32937
  16799089
  32937
  16799090
  32937
  16799091
  32937
  16799092
  32937
  16799093
  32937
  16799094
  32937
  16799095
  32937
  16799096
  32937
  16799097
  32937
  16799098
  32937
  16799099
  32937
  16799100
  32937
  16799101
  32937
  16799102
  32937
  16799103
  32937
  16799104
  32937
  16799105
  32937
  16799106
  32937
  16799107
  32937
  16799108
  32937
  16799109
  32937
  16799110
  32937
  16799111
  32937
  16799112
  32937
  16799113
  32937
  16799114
  32937
  16799115
  32937
  16799116
  32937
  16799117
  32937
  16799118
  32937
  16799119
  32937
  16799120
  32937
  16799121
  32937
  16799122
  32937
  16799123
  32937
  16799124
  32937
  16799125
  32937
  16799126
  32937
  16799127
  32937
  16799128
  32937
  16799129
  32937
  16799130
  32937
  16799131
  32937
  16799132
  32937
  16799133
  32937
  16799134
  32937
  16799135
  32937
  16799136
  32937
  16799137
  32937
  16799138
  32937
  16799139
  32937
  16799140
  32937
  16799141
  32937
  16799142
  32937
  16799143
  32937
  16799144
  32937
  16799145
  32937
  16799146
  32937
  16799147
  32937
  16799148
  32937
  16799149
  32937
  16799150
  32937
  16799151
  32937
  16799152
  32937
  16799153
  32937
  16799154
  32937
  16799155
  32937
  16799156
  32937
  16799157
  32937
  16799158
  32937
  16799159
  32937
  16799160
  32937
  16799161
  32937
  16799162
  32937
  16799163
  32937
  16799164
  32937
  16799165
  32937
  16799166
  32937
  16799167
  32937
  16799168
  32937
  16799169
  32937
  16799170
  32937
  16799171
  32937
  16799172
  32937
  16799173
  32937
  16799174
  32937
  16799175
  32937
  16799176
  32937
  16799177
  32937
  16799178
  32937
  16799179
  32937
  16799180
  32937
  16799181
  32937
  16799182
  32937
  16799183
  32937
  16799184
  32937
  16799185
  32937
  16799186
  32937
  16799187
  32937
  16799188
  32937
  16799189
  32937
  16799190
  32937
  16799191
  32937
  16799192
  32937
  16799193
  32937
  16799194
  32937
  16799195
  32937
  16799196
  32937
  16799197
  32937
  16799198
  32937
  16799199
  32937
  16799200
  32937
  16799201
  32937
  16799202
  32937
  16799203
  32937
  16799204
  32937
  16799205
  32937
  16799206
  32937
  16799207
  32937
  16799208
  32937
  16799209
  32937
  16799210
  32937
  16799211
  32937
  16799212
  32937
  16799213
  32937
  16799214
  32937
  16799215
  32937
  16799216
  32937
  16799217
  32937
  16799218
  32937
  16799219
  32937
  16799220
  32937
  16799221
  32937
  16799222
  32937
  16799223
  32937
  16799224
  32937
  16799225
  32937
  16799226
  32937
  16799227
  32937
  16799228
  32937
  16799229
  32937
  16799230
  32937
  16799231
  32937
  16799232
  59402
  16799233
  59402
  16799234
  59402
  16799235
  59402
  16799236
  59402
  16799237
  59402
  16799238
  59402
  16799239
  59402
  16799240
  59402
  16799241
  59402
  16799242
  59402
  16799243
  59402
  16799244
  59402
  16799245
  59402
  16799246
  59402
  16799247
  59402
  16799248
  59402
  16799249
  59402
  16799250
  59402
  16799251
  59402
  16799252
  59402
  16799253
  59402
  16799254
  59402
  16799255
  59402
  16799256
  59402
  16799257
  59402
  16799258
  59402
  16799259
  59402
  16799260
  59402
  16799261
  59402
  16799262
  59402
  16799263
  59402
  16799264
  59402
  16799265
  59402
  16799266
  59402
  16799267
  59402
  16799268
  59402
  16799269
  59402
  16799270
  59402
  16799271
  59402
  16799272
  59402
  16799273
  59402
  16799274
  59402
  16799275
  59402
  16799276
  59402
  16799277
  59402
  16799278
  59402
  16799279
  59402
  16799280
  59402
  16799281
  59402
  16799282
  59402
  16799283
  59402
  16799284
  59402
  16799285
  59402
  16799286
  59402
  16799287
  59402
  16799288
  59402
  16799289
  59402
  16799290
  59402
  16799291
  59402
  16799292
  59402
  16799293
  59402
  16799294
  59402
  16799295
  59402
  16799296
  59402
  16799297
  59402
  16799298
  59402
  16799299
  59402
  16799300
  59402
  16799301
  59402
  16799302
  59402
  16799303
  59402
  16799304
  59402
  16799305
  59402
  16799306
  59402
  16799307
  59402
  16799308
  59402
  16799309
  59402
  16799310
  59402
  16799311
  59402
  16799312
  59402
  16799313
  59402
  16799314
  59402
  16799315
  59402
  16799316
  59402
  16799317
  59402
  16799318
  59402
  16799319
  59402
  16799320
  59402
  16799321
  59402
  16799322
  59402
  16799323
  59402
  16799324
  59402
  16799325
  59402
  16799326
  59402
  16799327
  59402
  16799328
  59402
  16799329
  59402
  16799330
  59402
  16799331
  59402
  16799332
  59402
  16799333
  59402
  16799334
  59402
  16799335
  59402
  16799336
  59402
  16799337
  59402
  16799338
  59402
  16799339
  59402
  16799340
  59402
  16799341
  59402
  16799342
  59402
  16799343
  59402
  16799344
  59402
  16799345
  59402
  16799346
  59402
  16799347
  59402
  16799348
  59402
  16799349
  59402
  16799350
  59402
  16799351
  59402
  16799352
  59402
  16799353
  59402
  16799354
  59402
  16799355
  59402
  16799356
  59402
  16799357
  59402
  16799358
  59402
  16799359
  59402
  16799360
  59402
  16799361
  59402
  16799362
  59402
  16799363
  59402
  16799364
  59402
  16799365
  59402
  16799366
  59402
  16799367
  59402
  16799368
  59402
  16799369
  59402
  16799370
  59402
  16799371
  59402
  16799372
  59402
  16799373
  59402
  16799374
  59402
  16799375
  59402
  16799376
  59402
  16799377
  59402
  16799378
  59402
  16799379
  59402
  16799380
  59402
  16799381
  59402
  16799382
  59402
  16799383
  59402
  16799384
  59402
  16799385
  59402
  16799386
  59402
  16799387
  59402
  16799388
  59402
  16799389
  59402
  16799390
  59402
  16799391
  59402
  16799392
  59402
  16799393
  59402
  16799394
  59402
  16799395
  59402
  16799396
  59402
  16799397
  59402
  16799398
  59402
  16799399
  59402
  16799400
  59402
  16799401
  59402
  16799402
  59402
  16799403
  59402
  16799404
  59402
  16799405
  59402
  16799406
  59402
  16799407
  59402
  16799408
  59402
  16799409
  59402
  16799410
  59402
  16799411
  59402
  16799412
  59402
  16799413
  59402
  16799414
  59402
  16799415
  59402
  16799416
  59402
  16799417
  59402
  16799418
  59402
  16799419
  59402
  16799420
  59402
  16799421
  59402
  16799422
  59402
  16799423
  59402
  16799424
  59402
  16799425
  59402
  16799426
  59402
  16799427
  59402
  16799428
  59402
  16799429
  59402
  16799430
  59402
  16799431
  59402
  16799432
  59402
  16799433
  59402
  16799434
  59402
  16799435
  59402
  16799436
  59402
  16799437
  59402
  16799438
  59402
  16799439
  59402
  16799440
  59402
  16799441
  59402
  16799442
  59402
  16799443
  59402
  16799444
  59402
  16799445
  59402
  16799446
  59402
  16799447
  59402
  16799448
  59402
  16799449
  59402
  16799450
  59402
  16799451
  59402
  16799452
  59402
  16799453
  59402
  16799454
  59402
  16799455
  59402
  16799456
  59402
  16799457
  59402
  16799458
  59402
  16799459
  59402
  16799460
  59402
  16799461
  59402
  16799462
  59402
  16799463
  59402
  16799464
  59402
  16799465
  59402
  16799466
  59402
  16799467
  59402
  16799468
  59402
  16799469
  59402
  16799470
  59402
  16799471
  59402
  16799472
  59402
  16799473
  59402
  16799474
  59402
  16799475
  59402
  16799476
  59402
  16799477
  59402
  16799478
  59402
  16799479
  59402
  16799480
  59402
  16799481
  59402
  16799482
  59402
  16799483
  59402
  16799484
  59402
  16799485
  59402
  16799486
  59402
  16799487
  59402
  16799488
  20096
  16799489
  20096
  16799490
  20096
  16799491
  20096
  16799492
  20096
  16799493
  20096
  16799494
  20096
  16799495
  20096
  16799496
  20096
  16799497
  20096
  16799498
  20096
  16799499
  20096
  16799500
  20096
  16799501
  20096
  16799502
  20096
  16799503
  20096
  16799504
  20096
  16799505
  20096
  16799506
  20096
  16799507
  20096
  16799508
  20096
  16799509
  20096
  16799510
  20096
  16799511
  20096
  16799512
  20096
  16799513
  20096
  16799514
  20096
  16799515
  20096
  16799516
  20096
  16799517
  20096
  16799518
  20096

Test result: [32mok[0m. 1 passed; 0 failed; finished in 349.98ms
